[Licensing::Module] Trying to connect to existing licensing client channel...
Built from '6000.5/staging' branch; Version is '6000.5.7f1 (017862109af0) revision 96354'; Using compiler version '194234433'; Build Type 'Release'
OS: 'Windows 11  (10.0.26200) Enterprise' Language: 'zh' Physical Memory: 16205 MB
[Licensing::IpcConnector] Channel LicenseClient-吳柏逸(BobWu)TWTAI doesn't exist
BatchMode: 1, IsHumanControllingUs: 0, StartBugReporterOnCrash: 0, Is64bit: 1
System  architecture: x64
Process architecture: x64
Date: 2026-08-13T13:34:28Z
[Licensing::Module] Successfully launched the LicensingClient (PId: 9424)

COMMAND LINE ARGUMENTS:
C:\Program Files\Unity\Hub\Editor\6000.5.7f1\Editor\Unity.exe
-batchmode
-quit
-projectPath
C:\projects\Unity\AegisRTS.FrameworkLab
-executeMethod
AegisRTS.Editor.InfantryPhase035Revision01ReviewBuilder.BuildAndCapture
-logFile
C:\projects\Unity\AegisRTS.FrameworkLab\docs\ArtProduction\ReviewPackages\Infantry_Phase03_5_Revision01_Review\Manifests\Unity_Batchmode_Graphics.log
Successfully changed project path to: C:\projects\Unity\AegisRTS.FrameworkLab
C:/projects/Unity/AegisRTS.FrameworkLab
[UnityMemory] Configuration Parameters - Can be set up in boot.config
    "memorysetup-temp-allocator-size-gi-baking-worker=262144"
    "memorysetup-temp-allocator-size-gi-baking-worker=262144"
    "memorysetup-temp-allocator-size-gi-baking-worker=262144"
    "memorysetup-temp-allocator-size-gi-baking-worker=262144"
    "memorysetup-temp-allocator-size-gi-baking-worker=262144"
    "memorysetup-temp-allocator-size-nav-mesh-worker=65536"
    "memorysetup-temp-allocator-size-audio-worker=65536"
    "memorysetup-temp-allocator-size-cloud-worker=32768"
    "memorysetup-temp-allocator-size-gfx=262144"
    "memorysetup-temp-allocator-size-preload-manager=33554432"
    "memorysetup-allocator-temp-initial-block-size-main=262144"
    "memorysetup-allocator-temp-initial-block-size-worker=262144"
    "memorysetup-temp-allocator-size-job-worker=262144"
    "memorysetup-temp-allocator-size-background-worker=32768"
    "memorysetup-bucket-allocator-granularity=16"
    "memorysetup-bucket-allocator-bucket-count=8"
    "memorysetup-bucket-allocator-block-size=33554432"
    "memorysetup-bucket-allocator-block-count=8"
    "memorysetup-main-allocator-block-size=16777216"
    "memorysetup-thread-allocator-block-size=16777216"
    "memorysetup-main-allocator-mimalloc-enabled=0"
    "memorysetup-gfx-main-allocator-block-size=16777216"
    "memorysetup-gfx-thread-allocator-block-size=16777216"
    "memorysetup-cache-allocator-block-size=4194304"
    "memorysetup-typetree-allocator-block-size=2097152"
    "memorysetup-profiler-bucket-allocator-granularity=16"
    "memorysetup-profiler-bucket-allocator-bucket-count=8"
    "memorysetup-profiler-bucket-allocator-block-size=33554432"
    "memorysetup-profiler-bucket-allocator-block-count=8"
    "memorysetup-profiler-allocator-block-size=16777216"
    "memorysetup-profiler-editor-allocator-block-size=1048576"
    "memorysetup-temp-allocator-size-main=16777216"
    "memorysetup-job-temp-allocator-block-size=2097152"
    "memorysetup-job-temp-allocator-block-size-background=1048576"
    "memorysetup-job-temp-allocator-reduction-small-platforms=262144"
Logging is directed to a specific file, skipping project log.Player connection [21968]  Target information:

Player connection [21968]  * "[IP] 192.168.47.1 [Port] 55504 [Flags] 2 [Guid] 2101418266 [EditorId] 2101418266 [Version] 1048832 [Id] WindowsEditor(7,MSI) [Debug] 1 [PackageName] WindowsEditor [ProjectName] Editor" 

Player connection [21968]  * "[IP] 192.168.62.1 [Port] 55504 [Flags] 2 [Guid] 2101418266 [EditorId] 2101418266 [Version] 1048832 [Id] WindowsEditor(7,MSI) [Debug] 1 [PackageName] WindowsEditor [ProjectName] Editor" 

Player connection [21968]  * "[IP] 192.168.0.111 [Port] 55504 [Flags] 2 [Guid] 2101418266 [EditorId] 2101418266 [Version] 1048832 [Id] WindowsEditor(7,MSI) [Debug] 1 [PackageName] WindowsEditor [ProjectName] Editor" 

Player connection [21968] Host joined multi-casting on [225.0.0.222:54997]...
Player connection [21968] Host joined alternative multi-casting on [225.0.0.222:34997]...
Input System module state changed to: Initialized.
[Physics::Module] Initialized fallback backend.
[Physics::Module] Id: 0xdecafbad
[Package Manager] Connected to IPC stream "Upm-28472" after 0.9 seconds.
[Licensing::Module] Licensing is not yet initialized.
[Licensing::IpcConnector] Successfully connected to: "LicenseClient-吳柏逸(BobWu)TWTAI" at "2026-08-13T13:34:29.7564825Z"
[Licensing::Client] Code 10 while verifying Licensing Client signature (process Id: 9424, path: "C:/Program Files/Unity/Hub/Editor/6000.5.7f1/Editor/Data/Resources/Licensing/Client/Unity.Licensing.Client.exe")
[Licensing::Module] LicensingClient has failed validation; ignoring
[Licensing::Client] Handshaking with LicensingClient:
  Version:                 1.18.1+9fbee8e
  Session Id:              41701d765fcb4daba864d253afa3959c
  Correlation Id:          9cbe6820117ce73d49536f8984e00b3c
  External correlation Id: 4243677525130533693
  Machine Id:              nBUfyUgu3muw1CBiGaTx0sZdKCY=
[Licensing::Module] Successfully connected to LicensingClient on channel: "LicenseClient-吳柏逸(BobWu)TWTAI" (connect: 1.29s, validation: 0.49s, handshake: 0.18s)
[Licensing::IpcConnector] Successfully connected to: "LicenseClient-吳柏逸(BobWu)TWTAI-notifications" at "2026-08-13T13:34:30.4306023Z"
[Licensing::Module] Connected to LicensingClient (PId: 9424, launch time: 0.01, total connection time: 1.96s)
[Licensing::Module] Error: Access token is unavailable; failed to update
[Licensing::Client] Successfully resolved entitlement details
[Licensing::Module] License group:
  Id: ewogICJzdWJzR3JvdXAiIDogInVuaXR5IGVkaXRvciIsCiAgIm5hbWVzcGFjZSIgOiAidW5pdHlfZWRpdG9yIiwKICAidHlwZSIgOiAiRURJVE9SIiwKICAidGFnIiA6ICJVbml0eVBlcnNvbmFsXXXX
  Product: Unity Personal Version
  Type: Assigned
  Expiration: Unlimited
[Licensing::Client] Successfully updated license, isAsync: True, time: 0.04
[Licensing::Client] Successfully resolved entitlement details
[Licensing::Module] Licensing Background thread has ended after 2.13s
[Licensing::Module] Licensing is initialized (took 0.84s).
[Licensing::Client] Successfully resolved entitlement details
Library Redirect Path: Library/
[Physics::Module] Selected backend.
[Physics::Module] Name: PhysX
[Physics::Module] Id: 0xf2b8ea05
[Physics::Module] SDK Version: 4.1.2
[Physics::Module] Integration Version: 1.0.0
[Physics::Module] Threading Mode: Multi-Threaded
Artifact Garbage Collection - Removed 1 unused hashed content files
Initialize engine version: 6000.5.7f1 (017862109af0)
[Subsystems] Discovering subsystems at path C:/Program Files/Unity/Hub/Editor/6000.5.7f1/Editor/Data/Resources/UnitySubsystems
[Subsystems] Discovering subsystems at path C:/projects/Unity/AegisRTS.FrameworkLab/Assets
GfxDevice: creating device client; kGfxThreadingModeNonThreaded
d3d12: failed to query info queue interface (0x80004002).
Direct3D:
    Version:         Direct3D 12 [level 12.1]
    Renderer:        NVIDIA GeForce RTX 3050 Ti Laptop GPU (ID=0x25a0)
    Vendor:          NVIDIA
    VRAM:            3990 MB
    App VRAM Budget: 3391 MB
    Driver:          27.21.14.6221
Initialize mono
Mono path[0] = 'C:/Program Files/Unity/Hub/Editor/6000.5.7f1/Editor/Data/Managed'
Mono path[1] = 'C:/Program Files/Unity/Hub/Editor/6000.5.7f1/Editor/Data/BCLExtensions/runtime/netstandard2.1'
Mono path[2] = 'C:/Program Files/Unity/Hub/Editor/6000.5.7f1/Editor/Data/MonoBleedingEdge/lib/mono/unityjit-win32'
Mono config path = 'C:/Program Files/Unity/Hub/Editor/6000.5.7f1/Editor/Data/MonoBleedingEdge/etc'
Using monoOptions --debugger-agent=transport=dt_socket,embedding=1,server=y,suspend=n,address=127.0.0.1:56472
CodeReloadManager initialized
ImportWorker Server TCP listen port: 0
AcceleratorClientConnectionCallback - disconnected - :0
Begin MonoManager ReloadAssembly
Registering precompiled unity dll's ...
Register platform support module: C:/Program Files/Unity/Hub/Editor/6000.5.7f1/Editor/Data/PlaybackEngines/WebGLSupport/UnityEditor.WebGL.Extensions.dll
Register platform support module: C:/Program Files/Unity/Hub/Editor/6000.5.7f1/Editor/Data/PlaybackEngines/WindowsStandaloneSupport/UnityEditor.WindowsStandalone.Extensions.dll
Registered in 0.005835 seconds.
Native extension for WindowsStandalone target not found
Native extension for WebGL target not found
Package Manager log level set to [2]
ScheduleIndexationOnStartup MainProcess:False IndexOnStartup:True
Mono: successfully reloaded assembly
- Finished resetting the current domain, in  0.976 seconds
Domain Reload Profiling: 2271ms
	BeginReloadAssembly (368ms)
		CreateAndSetChildDomain (9ms)
	RebuildCommonClasses (11ms)
	RebuildNativeTypeToScriptingClass (33ms)
	initialDomainReloadingComplete (165ms)
	LoadAllAssembliesAndSetupDomain (709ms)
		LoadAssemblies (351ms)
		AnalyzeDomain (522ms)
			TypeCache.Refresh (517ms)
				TypeCache.ScanAssembly (473ms)
	FinalizeReload (984ms)
		SetupLoadedEditorAssemblies (0ms)
			InitializePlatformSupportModulesInManaged (6ms)
			BeforeProcessingInitializeOnLoad (198ms)
			ProcessInitializeOnLoadAttributes (200ms)
			ProcessInitializeOnLoadMethodAttributes (395ms)
[Licensing::Client] Successfully resolved entitlement details
Application.AssetDatabase Initial Refresh Start
[Package Manager] Restoring resolved packages state from cache
[Licensing::Client] Successfully resolved entitlement details
[Package Manager] Registered 59 packages:
  Packages from [https://packages.unity.com]:
    com.unity.ai.navigation@2.0.14 (location: C:\projects\Unity\AegisRTS.FrameworkLab\Library\PackageCache\com.unity.ai.navigation@134dd6a3b97b)
    com.unity.cloud.gltfast@6.19.0 (location: C:\projects\Unity\AegisRTS.FrameworkLab\Library\PackageCache\com.unity.cloud.gltfast@92828f845157)
    com.unity.collab-proxy@2.13.5 (location: C:\projects\Unity\AegisRTS.FrameworkLab\Library\PackageCache\com.unity.collab-proxy@120d77864ebc)
    com.unity.ide.rider@3.0.38 (location: C:\projects\Unity\AegisRTS.FrameworkLab\Library\PackageCache\com.unity.ide.rider@1f60b3138684)
    com.unity.ide.visualstudio@2.0.26 (location: C:\projects\Unity\AegisRTS.FrameworkLab\Library\PackageCache\com.unity.ide.visualstudio@a99d56dec63f)
    com.unity.inputsystem@1.20.0 (location: C:\projects\Unity\AegisRTS.FrameworkLab\Library\PackageCache\com.unity.inputsystem@7a4e1a2a8194)
    com.unity.timeline@1.8.12 (location: C:\projects\Unity\AegisRTS.FrameworkLab\Library\PackageCache\com.unity.timeline@8cd8509afae5)
    com.unity.visualscripting@1.9.12 (location: C:\projects\Unity\AegisRTS.FrameworkLab\Library\PackageCache\com.unity.visualscripting@4edfcc09512f)
    com.unity.burst@1.8.30 (location: C:\projects\Unity\AegisRTS.FrameworkLab\Library\PackageCache\com.unity.burst@2f3d916873ea)
    com.unity.searcher@4.9.4 (location: C:\projects\Unity\AegisRTS.FrameworkLab\Library\PackageCache\com.unity.searcher@d45a78918735)
    com.unity.nuget.mono-cecil@1.11.6 (location: C:\projects\Unity\AegisRTS.FrameworkLab\Library\PackageCache\com.unity.nuget.mono-cecil@ecb9724e46ff)
    com.unity.test-framework.performance@3.5.0 (location: C:\projects\Unity\AegisRTS.FrameworkLab\Library\PackageCache\com.unity.test-framework.performance@8b56083ec0f0)
  Built-in packages:
    com.unity.multiplayer.center@1.0.1 (location: C:\projects\Unity\AegisRTS.FrameworkLab\Library\PackageCache\com.unity.multiplayer.center@b860850997d0)
    com.unity.render-pipelines.universal@17.5.0 (location: C:\projects\Unity\AegisRTS.FrameworkLab\Library\PackageCache\com.unity.render-pipelines.universal@73b4c4ff130e)
    com.unity.test-framework@1.7.0 (location: C:\projects\Unity\AegisRTS.FrameworkLab\Library\PackageCache\com.unity.test-framework@1405238725ab)
    com.unity.ugui@2.5.0 (location: C:\projects\Unity\AegisRTS.FrameworkLab\Library\PackageCache\com.unity.ugui@67707a67a4ab)
    com.unity.modules.accessibility@1.0.0 (location: C:\projects\Unity\AegisRTS.FrameworkLab\Library\PackageCache\com.unity.modules.accessibility)
    com.unity.modules.adaptiveperformance@1.0.0 (location: C:\projects\Unity\AegisRTS.FrameworkLab\Library\PackageCache\com.unity.modules.adaptiveperformance)
    com.unity.modules.ai@1.0.0 (location: C:\projects\Unity\AegisRTS.FrameworkLab\Library\PackageCache\com.unity.modules.ai)
    com.unity.modules.androidjni@1.0.0 (location: C:\projects\Unity\AegisRTS.FrameworkLab\Library\PackageCache\com.unity.modules.androidjni)
    com.unity.modules.animation@1.0.0 (location: C:\projects\Unity\AegisRTS.FrameworkLab\Library\PackageCache\com.unity.modules.animation)
    com.unity.modules.assetbundle@1.0.0 (location: C:\projects\Unity\AegisRTS.FrameworkLab\Library\PackageCache\com.unity.modules.assetbundle)
    com.unity.modules.audio@1.0.0 (location: C:\projects\Unity\AegisRTS.FrameworkLab\Library\PackageCache\com.unity.modules.audio)
    com.unity.modules.cloth@1.0.0 (location: C:\projects\Unity\AegisRTS.FrameworkLab\Library\PackageCache\com.unity.modules.cloth)
    com.unity.modules.director@1.0.0 (location: C:\projects\Unity\AegisRTS.FrameworkLab\Library\PackageCache\com.unity.modules.director)
    com.unity.modules.imageconversion@1.0.0 (location: C:\projects\Unity\AegisRTS.FrameworkLab\Library\PackageCache\com.unity.modules.imageconversion)
    com.unity.modules.imgui@1.0.0 (location: C:\projects\Unity\AegisRTS.FrameworkLab\Library\PackageCache\com.unity.modules.imgui)
    com.unity.modules.jsonserialize@1.0.0 (location: C:\projects\Unity\AegisRTS.FrameworkLab\Library\PackageCache\com.unity.modules.jsonserialize)
    com.unity.modules.particlesystem@1.0.0 (location: C:\projects\Unity\AegisRTS.FrameworkLab\Library\PackageCache\com.unity.modules.particlesystem)
    com.unity.modules.physics@1.0.0 (location: C:\projects\Unity\AegisRTS.FrameworkLab\Library\PackageCache\com.unity.modules.physics)
    com.unity.modules.physics2d@1.0.0 (location: C:\projects\Unity\AegisRTS.FrameworkLab\Library\PackageCache\com.unity.modules.physics2d)
    com.unity.modules.physicscore2d@1.0.0 (location: C:\projects\Unity\AegisRTS.FrameworkLab\Library\PackageCache\com.unity.modules.physicscore2d)
    com.unity.modules.screencapture@1.0.0 (location: C:\projects\Unity\AegisRTS.FrameworkLab\Library\PackageCache\com.unity.modules.screencapture)
    com.unity.modules.terrain@1.0.0 (location: C:\projects\Unity\AegisRTS.FrameworkLab\Library\PackageCache\com.unity.modules.terrain)
    com.unity.modules.terrainphysics@1.0.0 (location: C:\projects\Unity\AegisRTS.FrameworkLab\Library\PackageCache\com.unity.modules.terrainphysics)
    com.unity.modules.tilemap@1.0.0 (location: C:\projects\Unity\AegisRTS.FrameworkLab\Library\PackageCache\com.unity.modules.tilemap)
    com.unity.modules.ui@1.0.0 (location: C:\projects\Unity\AegisRTS.FrameworkLab\Library\PackageCache\com.unity.modules.ui)
    com.unity.modules.uielements@1.0.0 (location: C:\projects\Unity\AegisRTS.FrameworkLab\Library\PackageCache\com.unity.modules.uielements)
    com.unity.modules.umbra@1.0.0 (location: C:\projects\Unity\AegisRTS.FrameworkLab\Library\PackageCache\com.unity.modules.umbra)
    com.unity.modules.unityanalytics@1.0.0 (location: C:\projects\Unity\AegisRTS.FrameworkLab\Library\PackageCache\com.unity.modules.unityanalytics)
    com.unity.modules.unitywebrequest@1.0.0 (location: C:\projects\Unity\AegisRTS.FrameworkLab\Library\PackageCache\com.unity.modules.unitywebrequest)
    com.unity.modules.unitywebrequestassetbundle@1.0.0 (location: C:\projects\Unity\AegisRTS.FrameworkLab\Library\PackageCache\com.unity.modules.unitywebrequestassetbundle)
    com.unity.modules.unitywebrequestaudio@1.0.0 (location: C:\projects\Unity\AegisRTS.FrameworkLab\Library\PackageCache\com.unity.modules.unitywebrequestaudio)
    com.unity.modules.unitywebrequesttexture@1.0.0 (location: C:\projects\Unity\AegisRTS.FrameworkLab\Library\PackageCache\com.unity.modules.unitywebrequesttexture)
    com.unity.modules.unitywebrequestwww@1.0.0 (location: C:\projects\Unity\AegisRTS.FrameworkLab\Library\PackageCache\com.unity.modules.unitywebrequestwww)
    com.unity.modules.vectorgraphics@1.0.0 (location: C:\projects\Unity\AegisRTS.FrameworkLab\Library\PackageCache\com.unity.modules.vectorgraphics)
    com.unity.modules.vehicles@1.0.0 (location: C:\projects\Unity\AegisRTS.FrameworkLab\Library\PackageCache\com.unity.modules.vehicles)
    com.unity.modules.video@1.0.0 (location: C:\projects\Unity\AegisRTS.FrameworkLab\Library\PackageCache\com.unity.modules.video)
    com.unity.modules.wind@1.0.0 (location: C:\projects\Unity\AegisRTS.FrameworkLab\Library\PackageCache\com.unity.modules.wind)
    com.unity.modules.xr@1.0.0 (location: C:\projects\Unity\AegisRTS.FrameworkLab\Library\PackageCache\com.unity.modules.xr)
    com.unity.modules.subsystems@1.0.0 (location: C:\projects\Unity\AegisRTS.FrameworkLab\Library\PackageCache\com.unity.modules.subsystems)
    com.unity.modules.hierarchycore@1.0.0 (location: C:\projects\Unity\AegisRTS.FrameworkLab\Library\PackageCache\com.unity.modules.hierarchycore)
    com.unity.ext.nunit@2.1.0 (location: C:\projects\Unity\AegisRTS.FrameworkLab\Library\PackageCache\com.unity.ext.nunit@44f7d31723bd)
    com.unity.render-pipelines.core@17.5.0 (location: C:\projects\Unity\AegisRTS.FrameworkLab\Library\PackageCache\com.unity.render-pipelines.core@645717f21c5f)
    com.unity.shadergraph@17.5.0 (location: C:\projects\Unity\AegisRTS.FrameworkLab\Library\PackageCache\com.unity.shadergraph@8d7376ec43ee)
    com.unity.render-pipelines.universal-config@17.5.0 (location: C:\projects\Unity\AegisRTS.FrameworkLab\Library\PackageCache\com.unity.render-pipelines.universal-config@fdda01c80fe3)
    com.unity.collections@6.5.0 (location: C:\projects\Unity\AegisRTS.FrameworkLab\Library\PackageCache\com.unity.collections@ec2c217e4cb2)
    com.unity.mathematics@1.4.0 (location: C:\projects\Unity\AegisRTS.FrameworkLab\Library\PackageCache\com.unity.mathematics@981956d94fb6)
  Embedded packages:
    com.boyi.aegis-rts@file:C:\projects\Unity\AegisRTS.FrameworkLab\Packages\com.boyi.aegis-rts (location: C:\projects\Unity\AegisRTS.FrameworkLab\Packages\com.boyi.aegis-rts)
[Subsystems] No new subsystems found in resolved package list.
[Package Manager] Done registering packages in 0.06 seconds
[ScriptCompilation] Requested script compilation because: AssetDatabase observed changes in script compilation related files
Starting: C:\Program Files\Unity\Hub\Editor\6000.5.7f1\Editor\Data\Tools\BuildPipeline\bee_backend.exe --ipc --defer-dag-verification --dagfile="Library/Bee/1900b0aE.dag" --continue-on-failure --profile="Library/Bee/backend1.traceevents" ScriptAssemblies
WorkingDir: C:/projects/Unity/AegisRTS.FrameworkLab
DisplayProgressbar: Compiling Scripts
ExitCode: 0 Duration: 3s563ms
[ 849/1097  0s] ILPP-Configuration Library/ilpp-configuration.nevergeneratedoutput
[1093/1097  2s] Csc Library/Bee/artifacts/1900b0aE.dag/AegisRTS.Editor.dll (+2 others)
[1094/1097  0s] ILPostProcess Library/Bee/artifacts/1900b0aE.dag/post-processed/AegisRTS.Editor.dll (+pdb)
Processing assembly Library/Bee/artifacts/1900b0aE.dag/AegisRTS.Editor.dll, with 140 defines and 306 references

processors: Unity.Jobs.CodeGen.JobsILPostProcessor, zzzUnity.Burst.CodeGen.BurstILPostProcessor

running Unity.Jobs.CodeGen.JobsILPostProcessor

running zzzUnity.Burst.CodeGen.BurstILPostProcessor
[1095/1097  0s] CopyFiles Library/ScriptAssemblies/AegisRTS.Editor.pdb
[1096/1097  0s] CopyFiles Library/ScriptAssemblies/AegisRTS.Editor.dll
*** Tundra build success (3.48 seconds), 5 items updated, 1097 evaluated
AssetDatabase: script compilation time: 4.635017s
Begin MonoManager ReloadAssembly
Total cache size 129339760
Total cache size after purge 129339760, took 00:00:00.3980718
Refreshing native plugins compatible for Editor in 4.72 ms, found 4 plugins.
Native extension for WindowsStandalone target not found
Native extension for WebGL target not found
Refreshing native plugins compatible for Editor in 4.98 ms, found 4 plugins.
ScheduleIndexationOnStartup MainProcess:True IndexOnStartup:True
Mono: successfully reloaded assembly
- Finished resetting the current domain, in  7.264 seconds
Domain Reload Profiling: 9636ms
	BeginReloadAssembly (563ms)
		DisableScriptedObjects (92ms)
		CreateAndSetChildDomain (119ms)
	RebuildCommonClasses (18ms)
	RebuildNativeTypeToScriptingClass (30ms)
	initialDomainReloadingComplete (155ms)
	LoadAllAssembliesAndSetupDomain (1604ms)
		LoadAssemblies (964ms)
		AnalyzeDomain (602ms)
			TypeCache.Refresh (427ms)
				TypeCache.ScanAssembly (387ms)
			BuildScriptInfoCaches (152ms)
			ResolveRequiredComponents (16ms)
	FinalizeReload (7266ms)
		SetupLoadedEditorAssemblies (0ms)
			InitializePlatformSupportModulesInManaged (3ms)
			BeforeProcessingInitializeOnLoad (194ms)
			ProcessInitializeOnLoadAttributes (5367ms)
			ProcessInitializeOnLoadMethodAttributes (761ms)
			AfterProcessingInitializeOnLoad (28ms)
		AwakeInstancesAfterBackupRestoration (52ms)
Starting new worker id: 0 with log in C:/projects/Unity/AegisRTS.FrameworkLab/Logs/AssetImportWorkerHW0.log
Refreshing native plugins compatible for Editor in 4.97 ms, found 4 plugins.

Asset Pipeline Refresh (id=21211d4984831404badf1915b83a0392): Total: 17.139 seconds - Initiated by InitialRefreshV2(ForceSynchronousImport)
	(Values over 0.05ms)
	Summary:
		Imports: total=0 (actual=0, local cache=0, cache server=0)
		Asset DB Process Time: managed=0 ms, native=8823 ms
		Asset DB Callback time: managed=799 ms, native=105 ms
		Scripting: domain reloads=1, domain reload time=2572 ms, compile time=4639 ms, other=199 ms
		Project Asset Count: scripts=1508, non-scripts=2469
		Asset File Changes: new=0, changed=1, moved=0, deleted=0
		Scan Filter Count: 0
	InvokePackagesCallback: 77.111ms
	ApplyChangesToAssetFolders: 1.221ms
	Scan: 301.388ms
	Collect global state as custom dependencies: 47.047ms
	OnSourceAssetsModified: 1.981ms
	CategorizeScriptCompilationAssets: 118.253ms
	ProcessAssetsWithTransientArtifactChanges: 207.549ms
	CategorizeAssets: 142.257ms
	CompileScripts: 4638.771ms
	ImportOutOfDateAssets: 7478.149ms (7317.201ms without children)
		ReloadNativeAssets: 0.181ms
		UnloadImportedAssets: 3.713ms
		EnsureUptoDateAssetsAreRegisteredWithGuidPM: 2.559ms
		ImportSchedulerStart: 154.475ms
	PostProcessAllAssets: 804.566ms
		VCAutoAddAssetPostprocess 3.045ms
		XRBuildSystem.XRAssetImported 1.542ms
		PostProcessCallbackCreateDeferredMaterials 0.111ms
		AssemblyValidation.PostprocessAllAssets 0.051ms
		MonoPostProcessAllAssets: 798.106ms
			AssetPostprocessor.OnPostprocessAllAssets 445.181ms
			StyleCatalogPostProcessor.OnPostprocessAllAssets 186.386ms
			UniversalRenderPipelineGlobalSettingsPostprocessor.OnPostprocessAllAssets 33.475ms
			BuilderAssetPostprocessor.OnPostprocessAllAssets 18.256ms
			SyncVS.PostprocessSyncProject 13.506ms
			RetainedModeAssetPostprocessor.OnPostprocessAllAssets 7.060ms
			SpeedTree9Postprocessor.OnPostprocessAllAssets 5.279ms
			AssetChangedListener.OnPostprocessAllAssets 5.100ms
			ShaderGraphAssetPostProcessor.OnPostprocessAllAssets 3.948ms
			WindowAssetPostprocessingWatcher.OnPostprocessAllAssets 3.926ms
			TextAssetPostProcessor.OnPostprocessAllAssets 2.421ms
			EditModeScopePostprocessor.OnPostprocessAllAssets 1.830ms
			UVCSAssetPostprocessor.OnPostprocessAllAssets 1.690ms
			RenderPipelineGlobalSettingsPostprocessor.OnPostprocessAllAssets 1.638ms
			MaterialPostprocessor.OnPostprocessAllAssets 1.501ms
			ProjectSettingsPostprocessor.OnPostprocessAllAssets 1.477ms
			InputActionAssetPostprocessor.OnPostprocessAllAssets 1.115ms
			ArtifactBrowserPostProcessor.OnPostprocessAllAssets 1.079ms
			TerrainToolbarOverlayPostProcessor.OnPostprocessAllAssets 1.033ms
			SampleDependencyImporterPostProcessor.OnPostprocessAllAssets 1.005ms
			TMPro_TexturePostProcessor.OnPostprocessAllAssets 0.916ms
			InputActionJsonNameModifierAssetProcessor.OnPostprocessAllAssets 0.635ms
			ReferencedClipsPostProcessor.OnPostprocessAllAssets 0.629ms
			AudioMixerPostprocessor.OnPostprocessAllAssets 0.602ms
			ShaderReflectionAssetPostProcessor.OnPostprocessAllAssets 0.586ms
			ScenarioDriftAssetsTracker.OnPostprocessAllAssets 0.528ms
			AssetDatabaseCallbacks.OnPostprocessAllAssets 0.519ms
			SpeedTreePostProcessor.OnPostprocessAllAssets 0.511ms
			SamplePostprocessor.OnPostprocessAllAssets 0.495ms
			AssetEvents.OnPostprocessAllAssets 0.490ms
			PostProcessor.OnPostprocessAllAssets 0.479ms
			ConfigAssetsTracker.OnPostprocessAllAssets 0.391ms
			AssetReloadNotifier.OnPostprocessAllAssets 0.254ms
			AudioContainerPostProcessor.OnPostprocessAllAssets 0.237ms
	PostAssetChangesProfiler: 29.085ms
	UnloadStreamsBegin: 9.342ms
	PersistCurrentRevisions: 0.538ms
	GenerateScriptTypeHashes: 5.598ms
	GenerateScriptTypeSerializationHashes: 10.136ms
	Untracked: 3264.254ms

Application.AssetDatabase Initial Refresh End
Launched and connected shader compiler UnityShaderCompiler.exe after 0.14 seconds
Scanning for USB devices : 3.455ms
Initializing Unity extensions:
[MODES] ModeService[none].Initialize
[MODES] ModeService[none].LoadModes
[MODES] Loading mode Default (0) for mode-current-id-AegisRTS.FrameworkLab
Unloading 25 Unused Serialized files (Serialized files now loaded: 0)
Unloading 7143 unused Assets / (7.4 MB). Loaded Objects now: 8060.
Memory consumption went from 437.8 MB to 430.3 MB.
Total: 78.433500 ms (FindLiveObjects: 3.029700 ms CreateObjectMapping: 10.656200 ms MarkObjects: 27.410200 ms  DeleteObjects: 37.325700 ms)

Importing 'GUID: 7aa6971d876ad8540afeba6b4ddc4e9b - Path: Assets/AegisRTS/Review/InfantryPhase035Revision01/SK_Infantry_A_v004_P035R1_Apose_Review.fbx' with importer (FBXImporter)
Imported 'GUID: 7aa6971d876ad8540afeba6b4ddc4e9b' -> (Import Result ID: 'df3a66b5bc7dfe267681dae8c461f8fd') in 0.375 seconds [static and dynamic dependencies]. Details - ImportResultOutputID=7b3e62551ceedaebb699007df1dfdb11 DependenciesID=e6a330e0b02e5ae432fe593009ac2e80 StaticDependenciesID=29ddce0e93255a8ef5f184f0e55c3124 
Refreshing native plugins compatible for Editor in 5.59 ms, found 4 plugins.

Asset Pipeline Refresh (id=e1f6f3ef42bae32478cc404709577951): Total: 0.789 seconds - Initiated by StopAssetImportingV2(NoUpdateAssetOptions)
	(Values over 0.05ms)
	Summary:
		Imports: total=2 (actual=1, local cache=1, cache server=0)
		Asset DB Process Time: managed=72 ms, native=683 ms
		Asset DB Callback time: managed=13 ms, native=19 ms
		Scripting: domain reloads=0, domain reload time=0 ms, compile time=0 ms, other=0 ms
		Project Asset Count: scripts=1508, non-scripts=2469
		Asset File Changes: new=0, changed=0, moved=0, deleted=0
		Scan Filter Count: 5
	ApplyChangesToAssetFolders: 0.790ms
	Scan: 54.816ms
	Collect global state as custom dependencies: 1.827ms
	CategorizeScriptCompilationAssets: 0.084ms
	ProcessAssetsWithTransientArtifactChanges: 0.842ms
	CategorizeAssets: 117.875ms
	ImportOutOfDateAssets: 536.311ms (28.843ms without children)
		ImportManagerImport: 383.313ms (7.486ms without children)
		ReloadNativeAssets: 0.070ms
		UnloadImportedAssets: 0.742ms
		EnsureUptoDateAssetsAreRegisteredWithGuidPM: 2.896ms
		ImportSchedulerStart: 120.419ms
	PostProcessAllAssets: 26.893ms
		XRBuildSystem.XRAssetImported 9.892ms
		MonoPostProcessAllAssets: 12.994ms
			AssetPostprocessor.OnPostprocessAllAssets 10.348ms
			SyncVS.PostprocessSyncProject 1.158ms
			ShaderGraphAssetPostProcessor.OnPostprocessAllAssets 0.328ms
			RenderPipelineGlobalSettingsPostprocessor.OnPostprocessAllAssets 0.242ms
			TMPro_TexturePostProcessor.OnPostprocessAllAssets 0.067ms
			AssetChangedListener.OnPostprocessAllAssets 0.052ms
	PostAssetChangesProfiler: 6.093ms
	GatherAllCurrentPrimaryImportResultRevisions: 0.634ms
	UnloadStreamsBegin: 0.358ms
	PersistCurrentRevisions: 0.250ms
	Untracked: 24.857ms

Importing 'GUID: 7aa6971d876ad8540afeba6b4ddc4e9b - Path: Assets/AegisRTS/Review/InfantryPhase035Revision01/SK_Infantry_A_v004_P035R1_Apose_Review.fbx' with importer (FBXImporter)
Imported 'GUID: 7aa6971d876ad8540afeba6b4ddc4e9b' -> (Import Result ID: 'df3a66b5bc7dfe267681dae8c461f8fd') in 0.258 seconds [static and dynamic dependencies]. Details - ImportResultOutputID=7b3e62551ceedaebb699007df1dfdb11 DependenciesID=e6a330e0b02e5ae432fe593009ac2e80 StaticDependenciesID=29ddce0e93255a8ef5f184f0e55c3124 
Refreshing native plugins compatible for Editor in 5.98 ms, found 4 plugins.

Asset Pipeline Refresh (id=bf5ffabe3f281b24dbae2cf867708a83): Total: 0.474 seconds - Initiated by StopAssetImportingV2(NoUpdateAssetOptions)
	(Values over 0.05ms)
	Summary:
		Imports: total=2 (actual=1, local cache=1, cache server=0)
		Asset DB Process Time: managed=5 ms, native=454 ms
		Asset DB Callback time: managed=3 ms, native=10 ms
		Scripting: domain reloads=0, domain reload time=0 ms, compile time=0 ms, other=0 ms
		Project Asset Count: scripts=1508, non-scripts=2469
		Asset File Changes: new=0, changed=0, moved=0, deleted=0
		Scan Filter Count: 5
	ApplyChangesToAssetFolders: 0.634ms
	Scan: 25.287ms
	Collect global state as custom dependencies: 1.750ms
	ProcessAssetsWithTransientArtifactChanges: 0.388ms
	CategorizeAssets: 10.543ms
	ImportOutOfDateAssets: 409.916ms (34.788ms without children)
		ImportManagerImport: 264.791ms (2.581ms without children)
		ReloadNativeAssets: 0.103ms
		UnloadImportedAssets: 0.767ms
		ReloadImportedAssets: 1.879ms
		EnsureUptoDateAssetsAreRegisteredWithGuidPM: 3.015ms
		ImportSchedulerStart: 106.406ms
	PostProcessAllAssets: 7.033ms
		XRBuildSystem.XRAssetImported 2.888ms
		LocalizationDatabase.AssetDatabasePostprocessCallback 0.080ms
		MonoPostProcessAllAssets: 3.426ms
			SyncVS.PostprocessSyncProject 1.465ms
			AssetChangedListener.OnPostprocessAllAssets 0.506ms
			ShaderGraphAssetPostProcessor.OnPostprocessAllAssets 0.257ms
			RenderPipelineGlobalSettingsPostprocessor.OnPostprocessAllAssets 0.173ms
			AssetPostprocessor.OnPostprocessAllAssets 0.160ms
	PostAssetChangesProfiler: 7.063ms
	GatherAllCurrentPrimaryImportResultRevisions: 1.309ms
	UnloadStreamsBegin: 0.981ms
	PersistCurrentRevisions: 0.435ms
	Untracked: 8.671ms

Importing 'GUID: 2b33526409788f74bb90303e0f813da9 - Path: Assets/AegisRTS/Review/InfantryPhase035Revision01/SK_Infantry_A_v004_P035R1_L1Pose_Review.fbx' with importer (FBXImporter)
Imported 'GUID: 2b33526409788f74bb90303e0f813da9' -> (Import Result ID: 'c41dd14611d3faadf6f94a9080b35957') in 0.193 seconds [static and dynamic dependencies]. Details - ImportResultOutputID=e66d41439e0164fbcd4abac2c25e0e9e DependenciesID=5d3be880d4f789a5468a785fe85463ca StaticDependenciesID=8771a024547f6aabc5c9ddd9b58d852c 
Refreshing native plugins compatible for Editor in 10.50 ms, found 4 plugins.

Asset Pipeline Refresh (id=bdb22c99a26d92b4a892fc6997846b00): Total: 0.431 seconds - Initiated by StopAssetImportingV2(NoUpdateAssetOptions)
	(Values over 0.05ms)
	Summary:
		Imports: total=2 (actual=1, local cache=1, cache server=0)
		Asset DB Process Time: managed=3 ms, native=405 ms
		Asset DB Callback time: managed=3 ms, native=18 ms
		Scripting: domain reloads=0, domain reload time=0 ms, compile time=0 ms, other=0 ms
		Project Asset Count: scripts=1508, non-scripts=2469
		Asset File Changes: new=0, changed=0, moved=0, deleted=0
		Scan Filter Count: 5
	ApplyChangesToAssetFolders: 0.300ms
	Scan: 29.012ms
	Collect global state as custom dependencies: 0.703ms
	ProcessAssetsWithTransientArtifactChanges: 0.426ms
	CategorizeAssets: 8.377ms
	ImportOutOfDateAssets: 354.477ms (25.101ms without children)
		ImportManagerImport: 197.672ms (2.679ms without children)
		ReloadNativeAssets: 0.057ms
		UnloadImportedAssets: 0.584ms
		EnsureUptoDateAssetsAreRegisteredWithGuidPM: 2.410ms
		ImportSchedulerStart: 128.628ms
	PostProcessAllAssets: 10.972ms
		XRBuildSystem.XRAssetImported 1.779ms
		SpeedTreeImporter.PostprocessAllAssets 0.070ms
		PostProcessCallbackCreateDeferredMaterials 0.057ms
		RaytracingShaderImportPostprocess 0.055ms
		MonoPostProcessAllAssets: 3.862ms
			SyncVS.PostprocessSyncProject 1.429ms
			AssetChangedListener.OnPostprocessAllAssets 0.528ms
			AssetPostprocessor.OnPostprocessAllAssets 0.328ms
			RenderPipelineGlobalSettingsPostprocessor.OnPostprocessAllAssets 0.296ms
			ShaderGraphAssetPostProcessor.OnPostprocessAllAssets 0.243ms
			PostProcessor.OnPostprocessAllAssets 0.093ms
			TMPro_TexturePostProcessor.OnPostprocessAllAssets 0.062ms
	PostAssetChangesProfiler: 11.447ms
	GatherAllCurrentPrimaryImportResultRevisions: 0.793ms
	PersistCurrentRevisions: 0.591ms
	Untracked: 14.204ms

Importing 'GUID: 2b33526409788f74bb90303e0f813da9 - Path: Assets/AegisRTS/Review/InfantryPhase035Revision01/SK_Infantry_A_v004_P035R1_L1Pose_Review.fbx' with importer (FBXImporter)
Imported 'GUID: 2b33526409788f74bb90303e0f813da9' -> (Import Result ID: 'c41dd14611d3faadf6f94a9080b35957') in 0.377 seconds [static and dynamic dependencies]. Details - ImportResultOutputID=e66d41439e0164fbcd4abac2c25e0e9e DependenciesID=5d3be880d4f789a5468a785fe85463ca StaticDependenciesID=8771a024547f6aabc5c9ddd9b58d852c 
Refreshing native plugins compatible for Editor in 8.91 ms, found 4 plugins.

Asset Pipeline Refresh (id=4fd264324ad30c84f9da314a20324ed7): Total: 0.684 seconds - Initiated by StopAssetImportingV2(NoUpdateAssetOptions)
	(Values over 0.05ms)
	Summary:
		Imports: total=2 (actual=1, local cache=1, cache server=0)
		Asset DB Process Time: managed=136 ms, native=531 ms
		Asset DB Callback time: managed=2 ms, native=13 ms
		Scripting: domain reloads=0, domain reload time=0 ms, compile time=0 ms, other=0 ms
		Project Asset Count: scripts=1508, non-scripts=2469
		Asset File Changes: new=0, changed=0, moved=0, deleted=0
		Scan Filter Count: 5
	ApplyChangesToAssetFolders: 0.260ms
	Scan: 38.276ms
	Collect global state as custom dependencies: 1.974ms
	CategorizeScriptCompilationAssets: 0.133ms
	ProcessAssetsWithTransientArtifactChanges: 1.575ms
	CategorizeAssets: 12.134ms
	ImportOutOfDateAssets: 591.737ms (48.915ms without children)
		ImportManagerImport: 384.566ms (3.609ms without children)
			UpdateCategorizedAssets: 0.068ms
		ReloadNativeAssets: 0.090ms
		UnloadImportedAssets: 1.168ms
		ReloadImportedAssets: 1.999ms
		EnsureUptoDateAssetsAreRegisteredWithGuidPM: 4.201ms
		ImportSchedulerStart: 152.771ms
	PostProcessAllAssets: 5.694ms
		XRBuildSystem.XRAssetImported 2.513ms
		MonoPostProcessAllAssets: 2.500ms
			SyncVS.PostprocessSyncProject 1.167ms
			ShaderGraphAssetPostProcessor.OnPostprocessAllAssets 0.228ms
			RenderPipelineGlobalSettingsPostprocessor.OnPostprocessAllAssets 0.169ms
			AssetPostprocessor.OnPostprocessAllAssets 0.137ms
			AssetChangedListener.OnPostprocessAllAssets 0.102ms
	PostAssetChangesProfiler: 10.331ms
	GatherAllCurrentPrimaryImportResultRevisions: 0.835ms
	UnloadStreamsBegin: 0.316ms
	PersistCurrentRevisions: 0.630ms
	Untracked: 19.754ms

Unloading 2 Unused Serialized files (Serialized files now loaded: 0)
Unloading 1094 unused Assets / (0.8 MB). Loaded Objects now: 8062.
Memory consumption went from 421.1 MB to 420.3 MB.
Total: 30.123200 ms (FindLiveObjects: 1.374100 ms CreateObjectMapping: 3.071800 ms MarkObjects: 21.050000 ms  DeleteObjects: 4.623600 ms)

Asset Pipeline Refresh (id=ce0718a93500c6943af784fcadff3fc1): Total: 0.032 seconds - Initiated by StopAssetImportingV2(NoUpdateAssetOptions)
Asset Pipeline Refresh (id=c0af96b873a2a284c82ef55238a97dac): Total: 0.025 seconds - Initiated by StopAssetImportingV2(NoUpdateAssetOptions)
Worker ready: AssetImportWorkerHW0 0
Importing 'GUID: d3c5129fb66c22a4abbe2db07c764be9 - Path: Assets/AegisRTS/Review/InfantryPhase035Revision01/MAT_P035R1_Wood.mat' with importer (NativeFormatImporter)
Imported 'GUID: d3c5129fb66c22a4abbe2db07c764be9' -> (Import Result ID: '91257878f1c68fefd0e5f5e0a6c03ecd') in 0.014 seconds [static dependencies only]. Details - ImportResultOutputID=3406eb69e0ae23ec499264947eec18e8 DependenciesID=6bf564b0e453ef9ce518221b2a9b2742 StaticDependenciesID=434c690fb39c0cab3dc13e2e62ecda0d 
Importing 'GUID: 85196bde78a58ad4bb8232e70ccce27b - Path: Assets/AegisRTS/Review/InfantryPhase035Revision01/MAT_P035R1_Cloth.mat' with importer (NativeFormatImporter)
Imported 'GUID: 85196bde78a58ad4bb8232e70ccce27b' -> (Import Result ID: '8294b23dd47f71561970605198ccab65') in 0.007 seconds [static dependencies only]. Details - ImportResultOutputID=a7aa8b484dcde386949e9eba2d2d3810 DependenciesID=bfabe3c6c55827264dde0e12d61e4f8a StaticDependenciesID=09fa526bcbf1ca1c7c2b309ce5612586 
Importing 'GUID: 564970320740e7c418aebe0f328dcd71 - Path: Assets/AegisRTS/Review/InfantryPhase035Revision01/MAT_P035R1_Team.mat' with importer (NativeFormatImporter)
Imported 'GUID: 564970320740e7c418aebe0f328dcd71' -> (Import Result ID: '5d23eb2dd5895ed4798bc1820101e409') in 0.005 seconds [static dependencies only]. Details - ImportResultOutputID=f2d995b408806d9e431e8bc0a9fc729f DependenciesID=88e8928f4b96e14f69e6677a043ee4c3 StaticDependenciesID=b26e3ddf485e7f6c26eb0bd3e372281e 
Importing 'GUID: f651832f177514d459274f166a8a821c - Path: Assets/AegisRTS/Review/InfantryPhase035Revision01/MAT_P035R1_Skin.mat' with importer (NativeFormatImporter)
Imported 'GUID: f651832f177514d459274f166a8a821c' -> (Import Result ID: '337f0823313a2aa03a5f92c3e9b9f0e7') in 0.002 seconds [static dependencies only]. Details - ImportResultOutputID=b3481bb04a7fd7e3ebd98e410e0d1d70 DependenciesID=40cde470cb407a188f706d7790e8fd89 StaticDependenciesID=be776590f8b79dc7c7f2df8d1f892957 
Importing 'GUID: 07cddb87af678eb4abbdfdba445b2270 - Path: Assets/AegisRTS/Review/InfantryPhase035Revision01/MAT_P035R1_Ground.mat' with importer (NativeFormatImporter)
Imported 'GUID: 07cddb87af678eb4abbdfdba445b2270' -> (Import Result ID: '6c3a3d7e0824cfd3a83bd7b71125f3cd') in 0.005 seconds [static dependencies only]. Details - ImportResultOutputID=1b3e3104f5d563edaaa04f8e33f6afff DependenciesID=db10faea712b94619fe789e96bd0767c StaticDependenciesID=07a21af383eb0aff37018757ae0d4e22 
Importing 'GUID: 9ae55e4b30b43a14d863e57ca6c6ccda - Path: Assets/AegisRTS/Review/InfantryPhase035Revision01/MAT_P035R1_Leather.mat' with importer (NativeFormatImporter)
Imported 'GUID: 9ae55e4b30b43a14d863e57ca6c6ccda' -> (Import Result ID: '9a124d9b22a80a6d9ce4edaccc9e2993') in 0.003 seconds [static dependencies only]. Details - ImportResultOutputID=f33bfce6c43e7e227952a6d8984dd63f DependenciesID=88707a4567d268d41917be48ca1ec538 StaticDependenciesID=fda8bc413c59cb0c9ea1dc6a6064f859 
Importing 'GUID: ccffc68d2fea2ab4c90c815f3c46eee0 - Path: Assets/AegisRTS/Review/InfantryPhase035Revision01/MAT_P035R1_Metal.mat' with importer (NativeFormatImporter)
Imported 'GUID: ccffc68d2fea2ab4c90c815f3c46eee0' -> (Import Result ID: '147d192c7fce133df37deb43aec62009') in 0.004 seconds [static dependencies only]. Details - ImportResultOutputID=788ff16a6f210f92bd2eb804f5e76d08 DependenciesID=d2d2d62001aeacbb26c237469d462c88 StaticDependenciesID=6ab3c6efcdb607247bd4cf5fd46916c3 
Refreshing native plugins compatible for Editor in 3.31 ms, found 4 plugins.
Asset Pipeline Refresh (id=71f8243712ffebd4e8b7a1e3e41862d9): Total: 0.219 seconds - Initiated by StopAssetImportingV2(NoUpdateAssetOptions)
Importing 'GUID: b7e384895200faa49932ee998986e44d - Path: Assets/AegisRTS/Review/InfantryPhase035Revision01/SCN_Infantry_P035R1_Review.unity' with importer (DefaultImporter)
Imported 'GUID: b7e384895200faa49932ee998986e44d' -> (Import Result ID: '35044a849afb29b2e368ce66accb4d97') in 0.007 seconds [static dependencies only]. Details - ImportResultOutputID=9c22dc0e6baeecddc928c4cdd48c8c80 DependenciesID=390c814b1276f640af8e4e086942d079 StaticDependenciesID=78403d70998ea65a91a6e18fad05e42e 
Refreshing native plugins compatible for Editor in 3.49 ms, found 4 plugins.
Asset Pipeline Refresh (id=2b18f8f868f48994d82145b8f9fb0bfe): Total: 0.210 seconds - Initiated by StopAssetImportingV2(NoUpdateAssetOptions)
[P035R1 Review] READY: A=1.824011m, L1=1.824011m, renderers=98/98.
UnityEngine.Debug:ExtractStackTraceNoAlloc (byte*,int,string)
UnityEngine.StackTraceUtility:ExtractStackTrace ()
UnityEngine.DebugLogHandler:Internal_Log (UnityEngine.LogType,UnityEngine.LogOption,string,UnityEngine.Object)
UnityEngine.DebugLogHandler:LogFormat (UnityEngine.LogType,UnityEngine.Object,string,object[])
UnityEngine.Logger:Log (UnityEngine.LogType,object)
UnityEngine.Debug:Log (object)
AegisRTS.Editor.InfantryPhase035Revision01ReviewBuilder:BuildAndCapture () (at Assets/AegisRTS/Editor/InfantryPhase035Revision01ReviewBuilder.cs:113)

(Filename: Assets/AegisRTS/Editor/InfantryPhase035Revision01ReviewBuilder.cs Line: 113)

Batchmode quit successfully invoked - shutting down!
[Physics::Module] Cleanup current backend.
[Physics::Module] Id: 0xf2b8ea05
Input System module state changed to: ShutdownInProgress.
Input Polling Thread exited.
Input System module state changed to: Shutdown.
[Licensing::IpcConnector] LicenseClient-吳柏逸(BobWu)TWTAI-notifications channel disconnected successfully.
[Licensing::IpcConnector] LicenseClient-吳柏逸(BobWu)TWTAI channel disconnected successfully.
AcceleratorClientConnectionCallback - disconnected - :0
Cleanup mono
CodeReloadManager destroyed
Exiting batchmode successfully now!
Exiting without the bug reporter. Application will terminate with return code 0