[Licensing::Module] Trying to connect to existing licensing client channel...
Built from '6000.5/staging' branch; Version is '6000.5.7f1 (017862109af0) revision 96354'; Using compiler version '194234433'; Build Type 'Release'
[Licensing::IpcConnector] Channel LicenseClient-吳柏逸(BobWu)TWTAI doesn't exist
OS: 'Windows 11  (10.0.26200) Enterprise' Language: 'zh' Physical Memory: 16205 MB
BatchMode: 1, IsHumanControllingUs: 0, StartBugReporterOnCrash: 0, Is64bit: 1
System  architecture: x64
Process architecture: x64
Date: 2026-08-13T11:07:07Z
[Licensing::Module] Successfully launched the LicensingClient (PId: 10700)

COMMAND LINE ARGUMENTS:
C:\Program Files\Unity\Hub\Editor\6000.5.7f1\Editor\Unity.exe
-batchmode
-quit
-projectPath
C:\projects\Unity\AegisRTS.FrameworkLab
-executeMethod
AegisRTS.Editor.InfantryPhase035ReviewBuilder.BuildAndCapture
-logFile
C:\projects\Unity\AegisRTS.FrameworkLab\docs\ArtProduction\ReviewPackages\Infantry_Phase03_5_L1_Proportion_Alignment_Review\Manifests\Unity_Batchmode_Graphics.log
Successfully changed project path to: C:\projects\Unity\AegisRTS.FrameworkLab
C:/projects/Unity/AegisRTS.FrameworkLab
[UnityMemory] Configuration Parameters - Can be set up in boot.config
    "memorysetup-temp-allocator-size-gi-baking-worker=262144"
    "memorysetup-temp-allocator-size-gi-baking-worker=262144"
    "memorysetup-temp-allocator-size-gi-baking-worker=262144"
    "memorysetup-temp-allocator-size-gi-baking-worker=262144"
    "memorysetup-temp-allocator-size-gi-baking-worker=262144"
    "memorysetup-temp-allocator-size-nav-mesh-worker=65536"
    "memorysetup-temp-allocator-size-audio-worker=65536"
    "memorysetup-temp-allocator-size-cloud-worker=32768"
    "memorysetup-temp-allocator-size-gfx=262144"
    "memorysetup-temp-allocator-size-preload-manager=33554432"
    "memorysetup-allocator-temp-initial-block-size-main=262144"
    "memorysetup-allocator-temp-initial-block-size-worker=262144"
    "memorysetup-temp-allocator-size-job-worker=262144"
    "memorysetup-temp-allocator-size-background-worker=32768"
    "memorysetup-bucket-allocator-granularity=16"
    "memorysetup-bucket-allocator-bucket-count=8"
    "memorysetup-bucket-allocator-block-size=33554432"
    "memorysetup-bucket-allocator-block-count=8"
    "memorysetup-main-allocator-block-size=16777216"
    "memorysetup-thread-allocator-block-size=16777216"
    "memorysetup-main-allocator-mimalloc-enabled=0"
    "memorysetup-gfx-main-allocator-block-size=16777216"
    "memorysetup-gfx-thread-allocator-block-size=16777216"
    "memorysetup-cache-allocator-block-size=4194304"
    "memorysetup-typetree-allocator-block-size=2097152"
    "memorysetup-profiler-bucket-allocator-granularity=16"
    "memorysetup-profiler-bucket-allocator-bucket-count=8"
    "memorysetup-profiler-bucket-allocator-block-size=33554432"
    "memorysetup-profiler-bucket-allocator-block-count=8"
    "memorysetup-profiler-allocator-block-size=16777216"
    "memorysetup-profiler-editor-allocator-block-size=1048576"
    "memorysetup-temp-allocator-size-main=16777216"
    "memorysetup-job-temp-allocator-block-size=2097152"
    "memorysetup-job-temp-allocator-block-size-background=1048576"
    "memorysetup-job-temp-allocator-reduction-small-platforms=262144"
Logging is directed to a specific file, skipping project log.Player connection [24952]  Target information:

Player connection [24952]  * "[IP] 192.168.47.1 [Port] 55504 [Flags] 2 [Guid] 1997051333 [EditorId] 1997051333 [Version] 1048832 [Id] WindowsEditor(7,MSI) [Debug] 1 [PackageName] WindowsEditor [ProjectName] Editor" 

Player connection [24952]  * "[IP] 192.168.62.1 [Port] 55504 [Flags] 2 [Guid] 1997051333 [EditorId] 1997051333 [Version] 1048832 [Id] WindowsEditor(7,MSI) [Debug] 1 [PackageName] WindowsEditor [ProjectName] Editor" 

Player connection [24952]  * "[IP] 192.168.0.111 [Port] 55504 [Flags] 2 [Guid] 1997051333 [EditorId] 1997051333 [Version] 1048832 [Id] WindowsEditor(7,MSI) [Debug] 1 [PackageName] WindowsEditor [ProjectName] Editor" 

Player connection [24952] Host joined multi-casting on [225.0.0.222:54997]...
Player connection [24952] Host joined alternative multi-casting on [225.0.0.222:34997]...
Input System module state changed to: Initialized.
[Physics::Module] Initialized fallback backend.
[Physics::Module] Id: 0xdecafbad
[Package Manager] Connected to IPC stream "Upm-24748" after 1.1 seconds.
[Licensing::Module] Licensing is not yet initialized.
[Licensing::IpcConnector] Successfully connected to: "LicenseClient-吳柏逸(BobWu)TWTAI" at "2026-08-13T11:07:09.6045134Z"
[Licensing::Client] Code 10 while verifying Licensing Client signature (process Id: 10700, path: "C:/Program Files/Unity/Hub/Editor/6000.5.7f1/Editor/Data/Resources/Licensing/Client/Unity.Licensing.Client.exe")
[Licensing::Module] LicensingClient has failed validation; ignoring
[Licensing::Client] Handshaking with LicensingClient:
  Version:                 1.18.1+9fbee8e
  Session Id:              025519ae5bda4d3b80825f7667281f2a
  Correlation Id:          43c8748eaad0c9d0973a7838b4fb5e2c
  External correlation Id: 1426224548073897132
  Machine Id:              nBUfyUgu3muw1CBiGaTx0sZdKCY=
[Licensing::Module] Successfully connected to LicensingClient on channel: "LicenseClient-吳柏逸(BobWu)TWTAI" (connect: 1.95s, validation: 0.20s, handshake: 0.12s)
[Licensing::IpcConnector] Successfully connected to: "LicenseClient-吳柏逸(BobWu)TWTAI-notifications" at "2026-08-13T11:07:09.9257975Z"
[Licensing::Module] Connected to LicensingClient (PId: 10700, launch time: 0.03, total connection time: 2.27s)
[Licensing::Module] Error: Access token is unavailable; failed to update
[Licensing::Client] Successfully resolved entitlement details
[Licensing::Module] License group:
  Id: ewogICJzdWJzR3JvdXAiIDogInVuaXR5IGVkaXRvciIsCiAgIm5hbWVzcGFjZSIgOiAidW5pdHlfZWRpdG9yIiwKICAidHlwZSIgOiAiRURJVE9SIiwKICAidGFnIiA6ICJVbml0eVBlcnNvbmFsXXXX
  Product: Unity Personal Version
  Type: Assigned
  Expiration: Unlimited
[Licensing::Client] Successfully updated license, isAsync: True, time: 0.06
[Licensing::Client] Successfully resolved entitlement details
[Licensing::Module] Licensing Background thread has ended after 2.46s
[Licensing::Module] Licensing is initialized (took 0.58s).
[Licensing::Client] Successfully resolved entitlement details
Library Redirect Path: Library/
[Physics::Module] Selected backend.
[Physics::Module] Name: PhysX
[Physics::Module] Id: 0xf2b8ea05
[Physics::Module] SDK Version: 4.1.2
[Physics::Module] Integration Version: 1.0.0
[Physics::Module] Threading Mode: Multi-Threaded
Artifact Garbage Collection - Removed 1 unused hashed content files
Refreshing native plugins compatible for Editor in 4.43 ms, found 0 plugins.
Initialize engine version: 6000.5.7f1 (017862109af0)
[Subsystems] Discovering subsystems at path C:/Program Files/Unity/Hub/Editor/6000.5.7f1/Editor/Data/Resources/UnitySubsystems
[Subsystems] Discovering subsystems at path C:/projects/Unity/AegisRTS.FrameworkLab/Assets
GfxDevice: creating device client; kGfxThreadingModeNonThreaded
d3d12: failed to query info queue interface (0x80004002).
Direct3D:
    Version:         Direct3D 12 [level 12.1]
    Renderer:        NVIDIA GeForce RTX 3050 Ti Laptop GPU (ID=0x25a0)
    Vendor:          NVIDIA
    VRAM:            3990 MB
    App VRAM Budget: 3391 MB
    Driver:          27.21.14.6221
Initialize mono
Mono path[0] = 'C:/Program Files/Unity/Hub/Editor/6000.5.7f1/Editor/Data/Managed'
Mono path[1] = 'C:/Program Files/Unity/Hub/Editor/6000.5.7f1/Editor/Data/BCLExtensions/runtime/netstandard2.1'
Mono path[2] = 'C:/Program Files/Unity/Hub/Editor/6000.5.7f1/Editor/Data/MonoBleedingEdge/lib/mono/unityjit-win32'
Mono config path = 'C:/Program Files/Unity/Hub/Editor/6000.5.7f1/Editor/Data/MonoBleedingEdge/etc'
Using monoOptions --debugger-agent=transport=dt_socket,embedding=1,server=y,suspend=n,address=127.0.0.1:56748
CodeReloadManager initialized
ImportWorker Server TCP listen port: 0
AcceleratorClientConnectionCallback - disconnected - :0
Begin MonoManager ReloadAssembly
Registering precompiled unity dll's ...
Register platform support module: C:/Program Files/Unity/Hub/Editor/6000.5.7f1/Editor/Data/PlaybackEngines/WebGLSupport/UnityEditor.WebGL.Extensions.dll
Register platform support module: C:/Program Files/Unity/Hub/Editor/6000.5.7f1/Editor/Data/PlaybackEngines/WindowsStandaloneSupport/UnityEditor.WindowsStandalone.Extensions.dll
Registered in 0.009997 seconds.
Native extension for WindowsStandalone target not found
Native extension for WebGL target not found
Package Manager log level set to [2]
ScheduleIndexationOnStartup MainProcess:False IndexOnStartup:True
Mono: successfully reloaded assembly
- Finished resetting the current domain, in  1.382 seconds
Domain Reload Profiling: 3276ms
	BeginReloadAssembly (484ms)
		CreateAndSetChildDomain (26ms)
	RebuildCommonClasses (21ms)
	RebuildNativeTypeToScriptingClass (62ms)
	initialDomainReloadingComplete (236ms)
	LoadAllAssembliesAndSetupDomain (1079ms)
		LoadAssemblies (443ms)
		AnalyzeDomain (823ms)
			TypeCache.Refresh (817ms)
				TypeCache.ScanAssembly (758ms)
	FinalizeReload (1394ms)
		SetupLoadedEditorAssemblies (0ms)
			InitializePlatformSupportModulesInManaged (9ms)
			BeforeProcessingInitializeOnLoad (250ms)
			ProcessInitializeOnLoadAttributes (293ms)
			ProcessInitializeOnLoadMethodAttributes (614ms)
[Licensing::Client] Successfully resolved entitlement details
Application.AssetDatabase Initial Refresh Start
[Package Manager] Restoring resolved packages state from cache
[Licensing::Client] Successfully resolved entitlement details
[Package Manager] Registered 59 packages:
  Packages from [https://packages.unity.com]:
    com.unity.ai.navigation@2.0.14 (location: C:\projects\Unity\AegisRTS.FrameworkLab\Library\PackageCache\com.unity.ai.navigation@134dd6a3b97b)
    com.unity.cloud.gltfast@6.19.0 (location: C:\projects\Unity\AegisRTS.FrameworkLab\Library\PackageCache\com.unity.cloud.gltfast@92828f845157)
    com.unity.collab-proxy@2.13.5 (location: C:\projects\Unity\AegisRTS.FrameworkLab\Library\PackageCache\com.unity.collab-proxy@120d77864ebc)
    com.unity.ide.rider@3.0.38 (location: C:\projects\Unity\AegisRTS.FrameworkLab\Library\PackageCache\com.unity.ide.rider@1f60b3138684)
    com.unity.ide.visualstudio@2.0.26 (location: C:\projects\Unity\AegisRTS.FrameworkLab\Library\PackageCache\com.unity.ide.visualstudio@a99d56dec63f)
    com.unity.inputsystem@1.20.0 (location: C:\projects\Unity\AegisRTS.FrameworkLab\Library\PackageCache\com.unity.inputsystem@7a4e1a2a8194)
    com.unity.timeline@1.8.12 (location: C:\projects\Unity\AegisRTS.FrameworkLab\Library\PackageCache\com.unity.timeline@8cd8509afae5)
    com.unity.visualscripting@1.9.12 (location: C:\projects\Unity\AegisRTS.FrameworkLab\Library\PackageCache\com.unity.visualscripting@4edfcc09512f)
    com.unity.burst@1.8.30 (location: C:\projects\Unity\AegisRTS.FrameworkLab\Library\PackageCache\com.unity.burst@2f3d916873ea)
    com.unity.searcher@4.9.4 (location: C:\projects\Unity\AegisRTS.FrameworkLab\Library\PackageCache\com.unity.searcher@d45a78918735)
    com.unity.nuget.mono-cecil@1.11.6 (location: C:\projects\Unity\AegisRTS.FrameworkLab\Library\PackageCache\com.unity.nuget.mono-cecil@ecb9724e46ff)
    com.unity.test-framework.performance@3.5.0 (location: C:\projects\Unity\AegisRTS.FrameworkLab\Library\PackageCache\com.unity.test-framework.performance@8b56083ec0f0)
  Built-in packages:
    com.unity.multiplayer.center@1.0.1 (location: C:\projects\Unity\AegisRTS.FrameworkLab\Library\PackageCache\com.unity.multiplayer.center@b860850997d0)
    com.unity.render-pipelines.universal@17.5.0 (location: C:\projects\Unity\AegisRTS.FrameworkLab\Library\PackageCache\com.unity.render-pipelines.universal@73b4c4ff130e)
    com.unity.test-framework@1.7.0 (location: C:\projects\Unity\AegisRTS.FrameworkLab\Library\PackageCache\com.unity.test-framework@1405238725ab)
    com.unity.ugui@2.5.0 (location: C:\projects\Unity\AegisRTS.FrameworkLab\Library\PackageCache\com.unity.ugui@67707a67a4ab)
    com.unity.modules.accessibility@1.0.0 (location: C:\projects\Unity\AegisRTS.FrameworkLab\Library\PackageCache\com.unity.modules.accessibility)
    com.unity.modules.adaptiveperformance@1.0.0 (location: C:\projects\Unity\AegisRTS.FrameworkLab\Library\PackageCache\com.unity.modules.adaptiveperformance)
    com.unity.modules.ai@1.0.0 (location: C:\projects\Unity\AegisRTS.FrameworkLab\Library\PackageCache\com.unity.modules.ai)
    com.unity.modules.androidjni@1.0.0 (location: C:\projects\Unity\AegisRTS.FrameworkLab\Library\PackageCache\com.unity.modules.androidjni)
    com.unity.modules.animation@1.0.0 (location: C:\projects\Unity\AegisRTS.FrameworkLab\Library\PackageCache\com.unity.modules.animation)
    com.unity.modules.assetbundle@1.0.0 (location: C:\projects\Unity\AegisRTS.FrameworkLab\Library\PackageCache\com.unity.modules.assetbundle)
    com.unity.modules.audio@1.0.0 (location: C:\projects\Unity\AegisRTS.FrameworkLab\Library\PackageCache\com.unity.modules.audio)
    com.unity.modules.cloth@1.0.0 (location: C:\projects\Unity\AegisRTS.FrameworkLab\Library\PackageCache\com.unity.modules.cloth)
    com.unity.modules.director@1.0.0 (location: C:\projects\Unity\AegisRTS.FrameworkLab\Library\PackageCache\com.unity.modules.director)
    com.unity.modules.imageconversion@1.0.0 (location: C:\projects\Unity\AegisRTS.FrameworkLab\Library\PackageCache\com.unity.modules.imageconversion)
    com.unity.modules.imgui@1.0.0 (location: C:\projects\Unity\AegisRTS.FrameworkLab\Library\PackageCache\com.unity.modules.imgui)
    com.unity.modules.jsonserialize@1.0.0 (location: C:\projects\Unity\AegisRTS.FrameworkLab\Library\PackageCache\com.unity.modules.jsonserialize)
    com.unity.modules.particlesystem@1.0.0 (location: C:\projects\Unity\AegisRTS.FrameworkLab\Library\PackageCache\com.unity.modules.particlesystem)
    com.unity.modules.physics@1.0.0 (location: C:\projects\Unity\AegisRTS.FrameworkLab\Library\PackageCache\com.unity.modules.physics)
    com.unity.modules.physics2d@1.0.0 (location: C:\projects\Unity\AegisRTS.FrameworkLab\Library\PackageCache\com.unity.modules.physics2d)
    com.unity.modules.physicscore2d@1.0.0 (location: C:\projects\Unity\AegisRTS.FrameworkLab\Library\PackageCache\com.unity.modules.physicscore2d)
    com.unity.modules.screencapture@1.0.0 (location: C:\projects\Unity\AegisRTS.FrameworkLab\Library\PackageCache\com.unity.modules.screencapture)
    com.unity.modules.terrain@1.0.0 (location: C:\projects\Unity\AegisRTS.FrameworkLab\Library\PackageCache\com.unity.modules.terrain)
    com.unity.modules.terrainphysics@1.0.0 (location: C:\projects\Unity\AegisRTS.FrameworkLab\Library\PackageCache\com.unity.modules.terrainphysics)
    com.unity.modules.tilemap@1.0.0 (location: C:\projects\Unity\AegisRTS.FrameworkLab\Library\PackageCache\com.unity.modules.tilemap)
    com.unity.modules.ui@1.0.0 (location: C:\projects\Unity\AegisRTS.FrameworkLab\Library\PackageCache\com.unity.modules.ui)
    com.unity.modules.uielements@1.0.0 (location: C:\projects\Unity\AegisRTS.FrameworkLab\Library\PackageCache\com.unity.modules.uielements)
    com.unity.modules.umbra@1.0.0 (location: C:\projects\Unity\AegisRTS.FrameworkLab\Library\PackageCache\com.unity.modules.umbra)
    com.unity.modules.unityanalytics@1.0.0 (location: C:\projects\Unity\AegisRTS.FrameworkLab\Library\PackageCache\com.unity.modules.unityanalytics)
    com.unity.modules.unitywebrequest@1.0.0 (location: C:\projects\Unity\AegisRTS.FrameworkLab\Library\PackageCache\com.unity.modules.unitywebrequest)
    com.unity.modules.unitywebrequestassetbundle@1.0.0 (location: C:\projects\Unity\AegisRTS.FrameworkLab\Library\PackageCache\com.unity.modules.unitywebrequestassetbundle)
    com.unity.modules.unitywebrequestaudio@1.0.0 (location: C:\projects\Unity\AegisRTS.FrameworkLab\Library\PackageCache\com.unity.modules.unitywebrequestaudio)
    com.unity.modules.unitywebrequesttexture@1.0.0 (location: C:\projects\Unity\AegisRTS.FrameworkLab\Library\PackageCache\com.unity.modules.unitywebrequesttexture)
    com.unity.modules.unitywebrequestwww@1.0.0 (location: C:\projects\Unity\AegisRTS.FrameworkLab\Library\PackageCache\com.unity.modules.unitywebrequestwww)
    com.unity.modules.vectorgraphics@1.0.0 (location: C:\projects\Unity\AegisRTS.FrameworkLab\Library\PackageCache\com.unity.modules.vectorgraphics)
    com.unity.modules.vehicles@1.0.0 (location: C:\projects\Unity\AegisRTS.FrameworkLab\Library\PackageCache\com.unity.modules.vehicles)
    com.unity.modules.video@1.0.0 (location: C:\projects\Unity\AegisRTS.FrameworkLab\Library\PackageCache\com.unity.modules.video)
    com.unity.modules.wind@1.0.0 (location: C:\projects\Unity\AegisRTS.FrameworkLab\Library\PackageCache\com.unity.modules.wind)
    com.unity.modules.xr@1.0.0 (location: C:\projects\Unity\AegisRTS.FrameworkLab\Library\PackageCache\com.unity.modules.xr)
    com.unity.modules.subsystems@1.0.0 (location: C:\projects\Unity\AegisRTS.FrameworkLab\Library\PackageCache\com.unity.modules.subsystems)
    com.unity.modules.hierarchycore@1.0.0 (location: C:\projects\Unity\AegisRTS.FrameworkLab\Library\PackageCache\com.unity.modules.hierarchycore)
    com.unity.ext.nunit@2.1.0 (location: C:\projects\Unity\AegisRTS.FrameworkLab\Library\PackageCache\com.unity.ext.nunit@44f7d31723bd)
    com.unity.render-pipelines.core@17.5.0 (location: C:\projects\Unity\AegisRTS.FrameworkLab\Library\PackageCache\com.unity.render-pipelines.core@645717f21c5f)
    com.unity.shadergraph@17.5.0 (location: C:\projects\Unity\AegisRTS.FrameworkLab\Library\PackageCache\com.unity.shadergraph@8d7376ec43ee)
    com.unity.render-pipelines.universal-config@17.5.0 (location: C:\projects\Unity\AegisRTS.FrameworkLab\Library\PackageCache\com.unity.render-pipelines.universal-config@fdda01c80fe3)
    com.unity.collections@6.5.0 (location: C:\projects\Unity\AegisRTS.FrameworkLab\Library\PackageCache\com.unity.collections@ec2c217e4cb2)
    com.unity.mathematics@1.4.0 (location: C:\projects\Unity\AegisRTS.FrameworkLab\Library\PackageCache\com.unity.mathematics@981956d94fb6)
  Embedded packages:
    com.boyi.aegis-rts@file:C:\projects\Unity\AegisRTS.FrameworkLab\Packages\com.boyi.aegis-rts (location: C:\projects\Unity\AegisRTS.FrameworkLab\Packages\com.boyi.aegis-rts)
[Subsystems] No new subsystems found in resolved package list.
[Package Manager] Done registering packages in 0.10 seconds
[ScriptCompilation] Requested script compilation because: AssetDatabase observed changes in script compilation related files
Starting: C:\Program Files\Unity\Hub\Editor\6000.5.7f1\Editor\Data\Tools\BuildPipeline\bee_backend.exe --ipc --defer-dag-verification --dagfile="Library/Bee/1900b0aE.dag" --continue-on-failure --profile="Library/Bee/backend1.traceevents" ScriptAssemblies
WorkingDir: C:/projects/Unity/AegisRTS.FrameworkLab
DisplayProgressbar: Compiling Scripts
ExitCode: 0 Duration: 5s341ms
[ 849/1097  0s] ILPP-Configuration Library/ilpp-configuration.nevergeneratedoutput
[1093/1097  4s] Csc Library/Bee/artifacts/1900b0aE.dag/AegisRTS.Editor.dll (+2 others)
[1094/1097  0s] ILPostProcess Library/Bee/artifacts/1900b0aE.dag/post-processed/AegisRTS.Editor.dll (+pdb)
Processing assembly Library/Bee/artifacts/1900b0aE.dag/AegisRTS.Editor.dll, with 140 defines and 306 references

processors: Unity.Jobs.CodeGen.JobsILPostProcessor, zzzUnity.Burst.CodeGen.BurstILPostProcessor

running Unity.Jobs.CodeGen.JobsILPostProcessor

running zzzUnity.Burst.CodeGen.BurstILPostProcessor
[1095/1097  0s] CopyFiles Library/ScriptAssemblies/AegisRTS.Editor.pdb
[1096/1097  0s] CopyFiles Library/ScriptAssemblies/AegisRTS.Editor.dll
*** Tundra build success (5.17 seconds), 5 items updated, 1097 evaluated
AssetDatabase: script compilation time: 6.883696s
Begin MonoManager ReloadAssembly
Refreshing native plugins compatible for Editor in 27.30 ms, found 4 plugins.
Native extension for WindowsStandalone target not found
Native extension for WebGL target not found
Refreshing native plugins compatible for Editor in 5.83 ms, found 4 plugins.
ScheduleIndexationOnStartup MainProcess:True IndexOnStartup:True
Mono: successfully reloaded assembly
- Finished resetting the current domain, in 10.291 seconds
Domain Reload Profiling: 14337ms
	BeginReloadAssembly (948ms)
		DisableScriptedObjects (124ms)
		CreateAndSetChildDomain (292ms)
	RebuildCommonClasses (22ms)
	RebuildNativeTypeToScriptingClass (47ms)
	initialDomainReloadingComplete (299ms)
	LoadAllAssembliesAndSetupDomain (2720ms)
		LoadAssemblies (1643ms)
		AnalyzeDomain (961ms)
			TypeCache.Refresh (701ms)
				TypeCache.ScanAssembly (628ms)
			BuildScriptInfoCaches (221ms)
			ResolveRequiredComponents (27ms)
	FinalizeReload (10302ms)
		SetupLoadedEditorAssemblies (0ms)
			InitializePlatformSupportModulesInManaged (5ms)
			BeforeProcessingInitializeOnLoad (238ms)
			ProcessInitializeOnLoadAttributes (8009ms)
			ProcessInitializeOnLoadMethodAttributes (750ms)
			AfterProcessingInitializeOnLoad (19ms)
		AwakeInstancesAfterBackupRestoration (60ms)
Starting new worker id: 0 with log in C:/projects/Unity/AegisRTS.FrameworkLab/Logs/AssetImportWorkerHW0.log
Refreshing native plugins compatible for Editor in 5.95 ms, found 4 plugins.

Asset Pipeline Refresh (id=84f98bc89598dad49af22c346ca53f6d): Total: 25.422 seconds - Initiated by InitialRefreshV2(ForceSynchronousImport)
	(Values over 0.05ms)
	Summary:
		Imports: total=0 (actual=0, local cache=0, cache server=0)
		Asset DB Process Time: managed=0 ms, native=12878 ms
		Asset DB Callback time: managed=1011 ms, native=169 ms
		Scripting: domain reloads=1, domain reload time=4289 ms, compile time=6888 ms, other=184 ms
		Project Asset Count: scripts=1507, non-scripts=2454
		Asset File Changes: new=0, changed=1, moved=0, deleted=0
		Scan Filter Count: 0
	InvokePackagesCallback: 115.177ms
	ApplyChangesToAssetFolders: 1.580ms
	Scan: 806.690ms
	Collect global state as custom dependencies: 63.738ms
	OnSourceAssetsModified: 2.763ms
	CategorizeScriptCompilationAssets: 220.082ms
	ProcessAssetsWithTransientArtifactChanges: 317.937ms
	CategorizeAssets: 160.590ms
	CompileScripts: 6887.590ms
	ImportOutOfDateAssets: 10575.177ms (10395.136ms without children)
		ReloadNativeAssets: 0.142ms
		UnloadImportedAssets: 2.477ms
		EnsureUptoDateAssetsAreRegisteredWithGuidPM: 4.376ms
		ImportSchedulerStart: 173.032ms
	PostProcessAllAssets: 1027.656ms
		VCAutoAddAssetPostprocess 7.364ms
		XRBuildSystem.XRAssetImported 2.381ms
		PostProcessCallbackCreateDeferredMaterials 0.957ms
		ShaderAssetModifiedCallback 0.684ms
		Canvas.OnAllAssetImport 0.516ms
		WindowTitlePostprocess 0.435ms
		AssemblyValidation.PostprocessAllAssets 0.052ms
		MonoPostProcessAllAssets: 1009.917ms
			AssetPostprocessor.OnPostprocessAllAssets 524.168ms
			StyleCatalogPostProcessor.OnPostprocessAllAssets 116.740ms
			BuilderAssetPostprocessor.OnPostprocessAllAssets 95.143ms
			UniversalRenderPipelineGlobalSettingsPostprocessor.OnPostprocessAllAssets 35.626ms
			SyncVS.PostprocessSyncProject 17.504ms
			WindowAssetPostprocessingWatcher.OnPostprocessAllAssets 15.582ms
			ShaderGraphAssetPostProcessor.OnPostprocessAllAssets 6.452ms
			SpeedTree9Postprocessor.OnPostprocessAllAssets 5.672ms
			AssetChangedListener.OnPostprocessAllAssets 5.162ms
			RetainedModeAssetPostprocessor.OnPostprocessAllAssets 4.926ms
			EditModeScopePostprocessor.OnPostprocessAllAssets 4.602ms
			MaterialPostprocessor.OnPostprocessAllAssets 3.044ms
			AudioMixerPostprocessor.OnPostprocessAllAssets 2.766ms
			RenderPipelineGlobalSettingsPostprocessor.OnPostprocessAllAssets 2.120ms
			ArtifactBrowserPostProcessor.OnPostprocessAllAssets 1.969ms
			TextAssetPostProcessor.OnPostprocessAllAssets 1.966ms
			UVCSAssetPostprocessor.OnPostprocessAllAssets 1.746ms
			AssetEvents.OnPostprocessAllAssets 1.526ms
			TMPro_TexturePostProcessor.OnPostprocessAllAssets 1.332ms
			InputActionAssetPostprocessor.OnPostprocessAllAssets 1.149ms
			ShaderReflectionAssetPostProcessor.OnPostprocessAllAssets 0.972ms
			SampleDependencyImporterPostProcessor.OnPostprocessAllAssets 0.945ms
			InputActionJsonNameModifierAssetProcessor.OnPostprocessAllAssets 0.937ms
			ConfigAssetsTracker.OnPostprocessAllAssets 0.887ms
			PostProcessor.OnPostprocessAllAssets 0.764ms
			ReferencedClipsPostProcessor.OnPostprocessAllAssets 0.705ms
			AssetDatabaseCallbacks.OnPostprocessAllAssets 0.681ms
			TerrainToolbarOverlayPostProcessor.OnPostprocessAllAssets 0.673ms
			AssetReloadNotifier.OnPostprocessAllAssets 0.631ms
			SpeedTreePostProcessor.OnPostprocessAllAssets 0.588ms
			ScenarioDriftAssetsTracker.OnPostprocessAllAssets 0.585ms
			ProjectSettingsPostprocessor.OnPostprocessAllAssets 0.578ms
			SamplePostprocessor.OnPostprocessAllAssets 0.405ms
			AudioContainerPostProcessor.OnPostprocessAllAssets 0.256ms
	PostAssetChangesProfiler: 45.559ms
	UnloadStreamsBegin: 11.875ms
	PersistCurrentRevisions: 0.499ms
	GenerateScriptTypeHashes: 5.671ms
	GenerateScriptTypeSerializationHashes: 9.226ms
	Untracked: 5164.326ms

Application.AssetDatabase Initial Refresh End
Launched and connected shader compiler UnityShaderCompiler.exe after 0.10 seconds
Scanning for USB devices : 6.526ms
Initializing Unity extensions:
[MODES] ModeService[none].Initialize
[MODES] ModeService[none].LoadModes
[MODES] Loading mode Default (0) for mode-current-id-AegisRTS.FrameworkLab
Unloading 25 Unused Serialized files (Serialized files now loaded: 0)
Unloading 7142 unused Assets / (9.6 MB). Loaded Objects now: 8059.
Memory consumption went from 436.7 MB to 427.1 MB.
Total: 143.640900 ms (FindLiveObjects: 2.472300 ms CreateObjectMapping: 11.062400 ms MarkObjects: 61.462900 ms  DeleteObjects: 68.197500 ms)

Importing 'GUID: 111beb88b7d57c54bb2b2a71aa612ad7 - Path: Assets/AegisRTS/Review/InfantryPhase035/SK_Infantry_A_v004_P035_Apose_Review.fbx' with importer (FBXImporter)
Imported 'GUID: 111beb88b7d57c54bb2b2a71aa612ad7' -> (Import Result ID: '6ea28dd65d1ba9712fddc80204adf9f4') in 1.063 seconds [static and dynamic dependencies]. Details - ImportResultOutputID=b02345d63fe610c9e0b9c3c9c3e55fd6 DependenciesID=a9bda29d14af633f11a90ac15204007b StaticDependenciesID=2ae50a19fae7e6d5d3b62247bfed0c08 
Refreshing native plugins compatible for Editor in 8.34 ms, found 4 plugins.

Asset Pipeline Refresh (id=d6c0b2492ac973044a1d3f26b56b9e89): Total: 1.608 seconds - Initiated by StopAssetImportingV2(NoUpdateAssetOptions)
	(Values over 0.05ms)
	Summary:
		Imports: total=1 (actual=1, local cache=0, cache server=0)
		Asset DB Process Time: managed=109 ms, native=1435 ms
		Asset DB Callback time: managed=14 ms, native=48 ms
		Scripting: domain reloads=0, domain reload time=0 ms, compile time=0 ms, other=0 ms
		Project Asset Count: scripts=1507, non-scripts=2454
		Asset File Changes: new=0, changed=0, moved=0, deleted=0
		Scan Filter Count: 5
	ApplyChangesToAssetFolders: 0.463ms
	Scan: 70.888ms
	Collect global state as custom dependencies: 2.143ms
	CategorizeScriptCompilationAssets: 0.423ms
	ProcessAssetsWithTransientArtifactChanges: 0.864ms
	CategorizeAssets: 151.296ms
	ImportOutOfDateAssets: 1250.188ms (43.734ms without children)
		ImportManagerImport: 1086.611ms (4.402ms without children)
			UpdateCategorizedAssets: 0.066ms
		ReloadNativeAssets: 0.156ms
		UnloadImportedAssets: 0.767ms
		EnsureUptoDateAssetsAreRegisteredWithGuidPM: 3.011ms
		ImportSchedulerStart: 115.863ms
	PostProcessAllAssets: 40.004ms
		XRBuildSystem.XRAssetImported 10.330ms
		PostProcessCallbackCreateDeferredMaterials 0.112ms
		ShaderAssetModifiedCallback 0.071ms
		MonoPostProcessAllAssets: 14.296ms
			AssetPostprocessor.OnPostprocessAllAssets 9.709ms
			SyncVS.PostprocessSyncProject 2.000ms
			RenderPipelineGlobalSettingsPostprocessor.OnPostprocessAllAssets 0.830ms
			ShaderGraphAssetPostProcessor.OnPostprocessAllAssets 0.200ms
			AssetChangedListener.OnPostprocessAllAssets 0.126ms
			RetainedModeAssetPostprocessor.OnPostprocessAllAssets 0.119ms
			StyleCatalogPostProcessor.OnPostprocessAllAssets 0.096ms
			UniversalRenderPipelineGlobalSettingsPostprocessor.OnPostprocessAllAssets 0.090ms
	PostAssetChangesProfiler: 22.460ms
	GatherAllCurrentPrimaryImportResultRevisions: 0.875ms
	UnloadStreamsBegin: 0.622ms
	PersistCurrentRevisions: 0.614ms
	Untracked: 37.460ms

Importing 'GUID: 111beb88b7d57c54bb2b2a71aa612ad7 - Path: Assets/AegisRTS/Review/InfantryPhase035/SK_Infantry_A_v004_P035_Apose_Review.fbx' with importer (FBXImporter)
Imported 'GUID: 111beb88b7d57c54bb2b2a71aa612ad7' -> (Import Result ID: '6ea28dd65d1ba9712fddc80204adf9f4') in 0.330 seconds [static and dynamic dependencies]. Details - ImportResultOutputID=b02345d63fe610c9e0b9c3c9c3e55fd6 DependenciesID=a9bda29d14af633f11a90ac15204007b StaticDependenciesID=2ae50a19fae7e6d5d3b62247bfed0c08 
Refreshing native plugins compatible for Editor in 4.89 ms, found 4 plugins.

Asset Pipeline Refresh (id=f87b1d9fb74286144973fa8ec8271a8e): Total: 0.818 seconds - Initiated by StopAssetImportingV2(NoUpdateAssetOptions)
	(Values over 0.05ms)
	Summary:
		Imports: total=1 (actual=1, local cache=0, cache server=0)
		Asset DB Process Time: managed=5 ms, native=799 ms
		Asset DB Callback time: managed=3 ms, native=9 ms
		Scripting: domain reloads=0, domain reload time=0 ms, compile time=0 ms, other=0 ms
		Project Asset Count: scripts=1507, non-scripts=2454
		Asset File Changes: new=0, changed=0, moved=0, deleted=0
		Scan Filter Count: 5
	ApplyChangesToAssetFolders: 0.171ms
	Scan: 82.051ms
	Collect global state as custom dependencies: 4.271ms
	ProcessAssetsWithTransientArtifactChanges: 0.375ms
	CategorizeAssets: 9.527ms
	ImportOutOfDateAssets: 662.371ms (58.615ms without children)
		ImportManagerImport: 368.898ms (1.512ms without children)
			UpdateCategorizedAssets: 0.072ms
		ReloadNativeAssets: 0.111ms
		UnloadImportedAssets: 0.820ms
		ReloadImportedAssets: 28.582ms
		EnsureUptoDateAssetsAreRegisteredWithGuidPM: 3.944ms
		ImportSchedulerStart: 229.945ms
	PostProcessAllAssets: 8.146ms
		XRBuildSystem.XRAssetImported 3.829ms
		MonoPostProcessAllAssets: 3.774ms
			SyncVS.PostprocessSyncProject 1.340ms
			AssetChangedListener.OnPostprocessAllAssets 0.607ms
			RenderPipelineGlobalSettingsPostprocessor.OnPostprocessAllAssets 0.469ms
			ShaderGraphAssetPostProcessor.OnPostprocessAllAssets 0.245ms
			AssetPostprocessor.OnPostprocessAllAssets 0.202ms
	PostAssetChangesProfiler: 5.399ms
	GatherAllCurrentPrimaryImportResultRevisions: 0.660ms
	UnloadStreamsBegin: 0.246ms
	PersistCurrentRevisions: 0.750ms
	Untracked: 44.112ms

Importing 'GUID: 560120c846f4d6b43b891c2e8ffeab19 - Path: Assets/AegisRTS/Review/InfantryPhase035/SK_Infantry_A_v004_P035_L1Pose_Review.fbx' with importer (FBXImporter)
Imported 'GUID: 560120c846f4d6b43b891c2e8ffeab19' -> (Import Result ID: '59d5f39b43d32de82ca9052c119afce6') in 0.289 seconds [static and dynamic dependencies]. Details - ImportResultOutputID=2bbfb31d17965ad01b9e01310eec7f50 DependenciesID=a639a85b73170a2fea1f4efa1c870c25 StaticDependenciesID=6cd4c7459457aacd572dde58d0bc22c5 
Refreshing native plugins compatible for Editor in 5.59 ms, found 4 plugins.

Asset Pipeline Refresh (id=408e290af05d44243b64317440dea950): Total: 0.616 seconds - Initiated by StopAssetImportingV2(NoUpdateAssetOptions)
	(Values over 0.05ms)
	Summary:
		Imports: total=1 (actual=1, local cache=0, cache server=0)
		Asset DB Process Time: managed=2 ms, native=579 ms
		Asset DB Callback time: managed=2 ms, native=31 ms
		Scripting: domain reloads=0, domain reload time=0 ms, compile time=0 ms, other=0 ms
		Project Asset Count: scripts=1507, non-scripts=2454
		Asset File Changes: new=0, changed=0, moved=0, deleted=0
		Scan Filter Count: 5
	ApplyChangesToAssetFolders: 0.173ms
	Scan: 29.220ms
	Collect global state as custom dependencies: 0.799ms
	ProcessAssetsWithTransientArtifactChanges: 0.538ms
	CategorizeAssets: 15.322ms
	ImportOutOfDateAssets: 519.648ms (57.946ms without children)
		ImportManagerImport: 292.018ms (0.535ms without children)
			UpdateCategorizedAssets: 0.063ms
		ReloadNativeAssets: 0.491ms
		UnloadImportedAssets: 1.613ms
		EnsureUptoDateAssetsAreRegisteredWithGuidPM: 2.494ms
		ImportSchedulerStart: 165.049ms
	PostProcessAllAssets: 27.982ms
		XRBuildSystem.XRAssetImported 2.229ms
		MonoPostProcessAllAssets: 2.074ms
			SyncVS.PostprocessSyncProject 0.835ms
			RenderPipelineGlobalSettingsPostprocessor.OnPostprocessAllAssets 0.211ms
			AssetPostprocessor.OnPostprocessAllAssets 0.149ms
			ShaderGraphAssetPostProcessor.OnPostprocessAllAssets 0.138ms
			AssetChangedListener.OnPostprocessAllAssets 0.056ms
	PostAssetChangesProfiler: 5.900ms
	GatherAllCurrentPrimaryImportResultRevisions: 0.477ms
	PersistCurrentRevisions: 0.196ms
	Untracked: 16.033ms

Importing 'GUID: 560120c846f4d6b43b891c2e8ffeab19 - Path: Assets/AegisRTS/Review/InfantryPhase035/SK_Infantry_A_v004_P035_L1Pose_Review.fbx' with importer (FBXImporter)
Imported 'GUID: 560120c846f4d6b43b891c2e8ffeab19' -> (Import Result ID: '59d5f39b43d32de82ca9052c119afce6') in 0.331 seconds [static and dynamic dependencies]. Details - ImportResultOutputID=2bbfb31d17965ad01b9e01310eec7f50 DependenciesID=a639a85b73170a2fea1f4efa1c870c25 StaticDependenciesID=6cd4c7459457aacd572dde58d0bc22c5 
Refreshing native plugins compatible for Editor in 4.48 ms, found 4 plugins.

Asset Pipeline Refresh (id=01a8f1e29c77b4e4a9ee99e4f5239def): Total: 0.519 seconds - Initiated by StopAssetImportingV2(NoUpdateAssetOptions)
	(Values over 0.05ms)
	Summary:
		Imports: total=1 (actual=1, local cache=0, cache server=0)
		Asset DB Process Time: managed=4 ms, native=503 ms
		Asset DB Callback time: managed=3 ms, native=6 ms
		Scripting: domain reloads=0, domain reload time=0 ms, compile time=0 ms, other=0 ms
		Project Asset Count: scripts=1507, non-scripts=2454
		Asset File Changes: new=0, changed=0, moved=0, deleted=0
		Scan Filter Count: 5
	ApplyChangesToAssetFolders: 0.171ms
	Scan: 23.085ms
	Collect global state as custom dependencies: 0.744ms
	ProcessAssetsWithTransientArtifactChanges: 0.367ms
	CategorizeAssets: 7.176ms
	ImportOutOfDateAssets: 464.917ms (32.695ms without children)
		ImportManagerImport: 334.723ms (0.989ms without children)
			UpdateCategorizedAssets: 0.091ms
		ReloadNativeAssets: 0.082ms
		UnloadImportedAssets: 0.528ms
		ReloadImportedAssets: 1.302ms
		EnsureUptoDateAssetsAreRegisteredWithGuidPM: 1.697ms
		ImportSchedulerStart: 95.164ms
	PostProcessAllAssets: 5.851ms
		XRBuildSystem.XRAssetImported 1.495ms
		MonoPostProcessAllAssets: 3.855ms
			SyncVS.PostprocessSyncProject 1.571ms
			RenderPipelineGlobalSettingsPostprocessor.OnPostprocessAllAssets 0.250ms
			ShaderGraphAssetPostProcessor.OnPostprocessAllAssets 0.205ms
			AssetPostprocessor.OnPostprocessAllAssets 0.179ms
			SpeedTreePostProcessor.OnPostprocessAllAssets 0.094ms
			TextAssetPostProcessor.OnPostprocessAllAssets 0.078ms
	PostAssetChangesProfiler: 4.954ms
	GatherAllCurrentPrimaryImportResultRevisions: 0.466ms
	UnloadStreamsBegin: 0.164ms
	PersistCurrentRevisions: 0.180ms
	Untracked: 10.749ms

Unloading 2 Unused Serialized files (Serialized files now loaded: 0)
Unloading 1094 unused Assets / (0.9 MB). Loaded Objects now: 8061.
Memory consumption went from 426.9 MB to 426.0 MB.
Total: 25.285800 ms (FindLiveObjects: 2.274400 ms CreateObjectMapping: 2.452100 ms MarkObjects: 17.254800 ms  DeleteObjects: 3.295500 ms)

Importing 'GUID: 5a4c40545bef28047b6d630253c8cc6a - Path: Assets/AegisRTS/Review/InfantryPhase035/PF_Unit_Infantry_P035_Review.prefab' with importer (PrefabImporter)
Imported 'GUID: 5a4c40545bef28047b6d630253c8cc6a' -> (Import Result ID: '66ef051522e60d8876b90b8dd38cc595') in 0.025 seconds [static and dynamic dependencies]. Details - ImportResultOutputID=e0c26ad13afe2f671a6f8deb66584e32 DependenciesID=7b7d315c03def51d7d8251bb4d2ae9fc StaticDependenciesID=b8fc3aa5ff54f24cb393f421e8793204 
Refreshing native plugins compatible for Editor in 4.66 ms, found 4 plugins.
Asset Pipeline Refresh (id=413e706ee824aac4e8c6bd032d81434c): Total: 0.295 seconds - Initiated by StopAssetImportingV2(NoUpdateAssetOptions)
Importing 'GUID: 3725d9081c197de419d3454a30414d3e - Path: Assets/AegisRTS/Review/InfantryPhase035/PF_Unit_Infantry_P035_L1Pose_Review.prefab' with importer (PrefabImporter)
Imported 'GUID: 3725d9081c197de419d3454a30414d3e' -> (Import Result ID: '08c697b37655699037d6e06e50f6c9cd') in 0.048 seconds [static and dynamic dependencies]. Details - ImportResultOutputID=4d6aee4b356978e710a611c892eb12bc DependenciesID=5be1377637b80db6d1d0dfca17b75015 StaticDependenciesID=af881a4590a6995db9bb182855d7de39 
Refreshing native plugins compatible for Editor in 7.54 ms, found 4 plugins.

Asset Pipeline Refresh (id=bc3606c34c8c1514c929a5ffaad33349): Total: 0.331 seconds - Initiated by StopAssetImportingV2(NoUpdateAssetOptions)
	(Values over 0.05ms)
	Summary:
		Imports: total=1 (actual=1, local cache=0, cache server=0)
		Asset DB Process Time: managed=0 ms, native=317 ms
		Asset DB Callback time: managed=2 ms, native=10 ms
		Scripting: domain reloads=0, domain reload time=0 ms, compile time=0 ms, other=0 ms
		Project Asset Count: scripts=1507, non-scripts=2456
		Asset File Changes: new=1, changed=1, moved=0, deleted=0
		Scan Filter Count: 5
	ApplyChangesToAssetFolders: 0.341ms
	Scan: 35.117ms
	Collect global state as custom dependencies: 0.694ms
	OnSourceAssetsModified: 0.210ms
	ProcessAssetsWithTransientArtifactChanges: 0.693ms
	CategorizeAssets: 83.577ms
	ImportOutOfDateAssets: 178.970ms (37.159ms without children)
		ImportManagerImport: 51.668ms (2.120ms without children)
			UpdateCategorizedAssets: 0.171ms
		ReloadNativeAssets: 0.144ms
		UnloadImportedAssets: 0.987ms
		EnsureUptoDateAssetsAreRegisteredWithGuidPM: 3.523ms
		ImportSchedulerStart: 85.449ms
	PostProcessAllAssets: 3.982ms
		XRBuildSystem.XRAssetImported 1.611ms
		VersionControlSettings.HiddenFilePostprocess 0.066ms
		MonoPostProcessAllAssets: 1.992ms
			SyncVS.PostprocessSyncProject 0.907ms
			ShaderGraphAssetPostProcessor.OnPostprocessAllAssets 0.167ms
			RenderPipelineGlobalSettingsPostprocessor.OnPostprocessAllAssets 0.133ms
			AssetPostprocessor.OnPostprocessAllAssets 0.089ms
	PostAssetChangesProfiler: 9.370ms
	GatherAllCurrentPrimaryImportResultRevisions: 1.881ms
	UnloadStreamsBegin: 0.234ms
	PersistCurrentRevisions: 0.828ms
	Untracked: 15.079ms

Worker ready: AssetImportWorkerHW0 0
Importing 'GUID: 00a38c0d8fe3a824891c94a7da841f11 - Path: Assets/AegisRTS/Review/InfantryPhase035/MAT_P035_Skin.mat' with importer (NativeFormatImporter)
Imported 'GUID: 00a38c0d8fe3a824891c94a7da841f11' -> (Import Result ID: '9bf05b21abd696d496d33da44d961b00') in 0.012 seconds [static dependencies only]. Details - ImportResultOutputID=1564e6d9e84989f06310b423f4a6291a DependenciesID=08df9c0287c57ae9d99cdd24687597ff StaticDependenciesID=ebfaa7472a70ff536acb5de25da764c3 
Importing 'GUID: 006b107ebbf6a284bad48efc34c189ae - Path: Assets/AegisRTS/Review/InfantryPhase035/MAT_P035_Ground.mat' with importer (NativeFormatImporter)
Imported 'GUID: 006b107ebbf6a284bad48efc34c189ae' -> (Import Result ID: 'da8635f7ab13b99ba1c73ac359586f87') in 0.005 seconds [static dependencies only]. Details - ImportResultOutputID=3b6f716021c5d4e11b16d23f93164956 DependenciesID=c6646f0fb0c4ed7457f59eb3d187792d StaticDependenciesID=842376ec8da60dda9fde7aa4ec20bb66 
Importing 'GUID: 9446ae4676f8c3a478d70130dff4ba96 - Path: Assets/AegisRTS/Review/InfantryPhase035/MAT_P035_Metal.mat' with importer (NativeFormatImporter)
Imported 'GUID: 9446ae4676f8c3a478d70130dff4ba96' -> (Import Result ID: '8acd0112f55e949a62fdbf3230922184') in 0.007 seconds [static dependencies only]. Details - ImportResultOutputID=57e7102067aa8fe37a9828e1afbcf033 DependenciesID=84c78afbefafdd96d50772faaec0eab8 StaticDependenciesID=d1616c7bf72b150aab5a620ed568417c 
Importing 'GUID: e542602a265c8e74ba0781d73d9a1133 - Path: Assets/AegisRTS/Review/InfantryPhase035/MAT_P035_Team.mat' with importer (NativeFormatImporter)
Imported 'GUID: e542602a265c8e74ba0781d73d9a1133' -> (Import Result ID: '131fa1bc387ee75aea33eed9f1c7906b') in 0.004 seconds [static dependencies only]. Details - ImportResultOutputID=855fec8b736e9024e1566101a3e89475 DependenciesID=f4f2855b385f95077470a58ef5305c68 StaticDependenciesID=2c3ecf6c4851bce9d6c8223fbcbfe182 
Importing 'GUID: f5692afe5636ddb44915118c7067652b - Path: Assets/AegisRTS/Review/InfantryPhase035/MAT_P035_Cloth.mat' with importer (NativeFormatImporter)
Imported 'GUID: f5692afe5636ddb44915118c7067652b' -> (Import Result ID: 'e23461b046effb400e9955eb9528f100') in 0.002 seconds [static dependencies only]. Details - ImportResultOutputID=1a811bce7712eb663bd3ad85eecdec93 DependenciesID=d670f55ece9cdf8e12b2b3ed35fd7e4d StaticDependenciesID=d8477abd72bff4ef9a32e0811c6201c9 
Importing 'GUID: 4a4c8f29bbe78854da903ccfcc848fcb - Path: Assets/AegisRTS/Review/InfantryPhase035/MAT_P035_Wood.mat' with importer (NativeFormatImporter)
Imported 'GUID: 4a4c8f29bbe78854da903ccfcc848fcb' -> (Import Result ID: 'e8af8ca555bd42402e3c09803a0f16f7') in 0.003 seconds [static dependencies only]. Details - ImportResultOutputID=be085d1ba5fe393356b3cea483857551 DependenciesID=549144de4c5bec7f090d293a6cd3d72e StaticDependenciesID=c1e4b2d227b66042a49c6410c198f62f 
Importing 'GUID: 3f58d1895ce1f454cb0f0269b113c646 - Path: Assets/AegisRTS/Review/InfantryPhase035/MAT_P035_Leather.mat' with importer (NativeFormatImporter)
Imported 'GUID: 3f58d1895ce1f454cb0f0269b113c646' -> (Import Result ID: 'c4278ffd3b8a7e64dec7c2f98c3023ee') in 0.003 seconds [static dependencies only]. Details - ImportResultOutputID=e58484a220fb721b876f6980642a0c21 DependenciesID=e754a5064b3f32aa0696ec591678dd32 StaticDependenciesID=632f06996b736ce9fc6ce38cda12ac13 
Refreshing native plugins compatible for Editor in 5.21 ms, found 4 plugins.
Asset Pipeline Refresh (id=82be3bbba20ec7a4cbcf3d5741f4669e): Total: 0.286 seconds - Initiated by StopAssetImportingV2(NoUpdateAssetOptions)
Importing 'GUID: 0b06c5a15e06bca42b58da107d0d18dd - Path: Assets/AegisRTS/Review/InfantryPhase035/SCN_Infantry_P035_Review.unity' with importer (DefaultImporter)
Imported 'GUID: 0b06c5a15e06bca42b58da107d0d18dd' -> (Import Result ID: '5a47b08fb2bd9e51c45b6959d256f313') in 0.010 seconds [static dependencies only]. Details - ImportResultOutputID=4cffad6454ddc648e7f2758498788736 DependenciesID=0ae8be79c1955b8f21d0077ae3ece799 StaticDependenciesID=5f0aec66385059c62622b18ec0a4bae9 
Refreshing native plugins compatible for Editor in 4.43 ms, found 4 plugins.
Asset Pipeline Refresh (id=f0ce469f31bb34749a183fc8c0d90b24): Total: 0.232 seconds - Initiated by StopAssetImportingV2(NoUpdateAssetOptions)
Importing 'GUID: 00a38c0d8fe3a824891c94a7da841f11 - Path: Assets/AegisRTS/Review/InfantryPhase035/MAT_P035_Skin.mat' with importer (NativeFormatImporter)
Imported 'GUID: 00a38c0d8fe3a824891c94a7da841f11' -> (Import Result ID: '52fdd7a027f2e4688be01bd9d444f5ec') in 0.004 seconds [static dependencies only]. Details - ImportResultOutputID=1564e6d9e84989f06310b423f4a6291a DependenciesID=e5b8e54097700b80fbddf52d79235353 StaticDependenciesID=aa5a6870f51fcbc5cdd29a455ecca8d3 
Importing 'GUID: 006b107ebbf6a284bad48efc34c189ae - Path: Assets/AegisRTS/Review/InfantryPhase035/MAT_P035_Ground.mat' with importer (NativeFormatImporter)
Imported 'GUID: 006b107ebbf6a284bad48efc34c189ae' -> (Import Result ID: '3bd3af996e3d26630044377807fa0ce3') in 0.004 seconds [static dependencies only]. Details - ImportResultOutputID=3b6f716021c5d4e11b16d23f93164956 DependenciesID=91381b612605c3acd2b263168dffaced StaticDependenciesID=ff7cd857c36acbd601cedffd5a2ff7e4 
Importing 'GUID: 9446ae4676f8c3a478d70130dff4ba96 - Path: Assets/AegisRTS/Review/InfantryPhase035/MAT_P035_Metal.mat' with importer (NativeFormatImporter)
Imported 'GUID: 9446ae4676f8c3a478d70130dff4ba96' -> (Import Result ID: 'f8b057b6f19eae0e2c3be927de8120ee') in 0.004 seconds [static dependencies only]. Details - ImportResultOutputID=57e7102067aa8fe37a9828e1afbcf033 DependenciesID=171c2236dbfaa6e1dd572d9852036bcf StaticDependenciesID=e2117de7d1d2d928d8aa726d4f05e6aa 
Importing 'GUID: e542602a265c8e74ba0781d73d9a1133 - Path: Assets/AegisRTS/Review/InfantryPhase035/MAT_P035_Team.mat' with importer (NativeFormatImporter)
Imported 'GUID: e542602a265c8e74ba0781d73d9a1133' -> (Import Result ID: '22b974afe908037851cc12386d8cce6c') in 0.003 seconds [static dependencies only]. Details - ImportResultOutputID=855fec8b736e9024e1566101a3e89475 DependenciesID=8542b436ebe3246bd382536d78348aaa StaticDependenciesID=aedda65e09ebf4437620a61e792a0608 
Importing 'GUID: f5692afe5636ddb44915118c7067652b - Path: Assets/AegisRTS/Review/InfantryPhase035/MAT_P035_Cloth.mat' with importer (NativeFormatImporter)
Imported 'GUID: f5692afe5636ddb44915118c7067652b' -> (Import Result ID: '2fa597ff238c15660698696c27d6c98d') in 0.003 seconds [static dependencies only]. Details - ImportResultOutputID=1a811bce7712eb663bd3ad85eecdec93 DependenciesID=aab43ba97edd9ae4c57665399349b89b StaticDependenciesID=80af5ad4278e933755deda4ec79a1042 
Importing 'GUID: 4a4c8f29bbe78854da903ccfcc848fcb - Path: Assets/AegisRTS/Review/InfantryPhase035/MAT_P035_Wood.mat' with importer (NativeFormatImporter)
Imported 'GUID: 4a4c8f29bbe78854da903ccfcc848fcb' -> (Import Result ID: '498cfb3e45bf88d57da4b19fd8141a83') in 0.004 seconds [static dependencies only]. Details - ImportResultOutputID=be085d1ba5fe393356b3cea483857551 DependenciesID=806770049b484d0165834bf955cb03e6 StaticDependenciesID=004d29cd10ce151adcb99bbd9cf5acd3 
Importing 'GUID: 3f58d1895ce1f454cb0f0269b113c646 - Path: Assets/AegisRTS/Review/InfantryPhase035/MAT_P035_Leather.mat' with importer (NativeFormatImporter)
Imported 'GUID: 3f58d1895ce1f454cb0f0269b113c646' -> (Import Result ID: '3026d5e33e40fb4d43ce9b7621571980') in 0.005 seconds [static dependencies only]. Details - ImportResultOutputID=e58484a220fb721b876f6980642a0c21 DependenciesID=a66a66a2965abe501dde4e04fc7c3ccc StaticDependenciesID=00f63d470ac67d75c1974276a8533caf 
Refreshing native plugins compatible for Editor in 6.17 ms, found 4 plugins.

Asset Pipeline Refresh (id=8431079741ebc4d4ea88f0218487bed1): Total: 0.317 seconds - Initiated by StopAssetImportingV2(NoUpdateAssetOptions)
	(Values over 0.05ms)
	Summary:
		Imports: total=7 (actual=7, local cache=0, cache server=0)
		Asset DB Process Time: managed=1 ms, native=296 ms
		Asset DB Callback time: managed=9 ms, native=9 ms
		Scripting: domain reloads=0, domain reload time=0 ms, compile time=0 ms, other=0 ms
		Project Asset Count: scripts=1507, non-scripts=2457
		Asset File Changes: new=0, changed=7, moved=0, deleted=0
		Scan Filter Count: 11
	ApplyChangesToAssetFolders: 0.358ms
	Scan: 31.257ms
	Collect global state as custom dependencies: 0.679ms
	OnSourceAssetsModified: 0.155ms
	CategorizeScriptCompilationAssets: 0.058ms
	ProcessAssetsWithTransientArtifactChanges: 0.588ms
	CategorizeAssets: 50.916ms
	ImportOutOfDateAssets: 197.162ms (36.836ms without children)
		ImportManagerImport: 44.249ms (5.415ms without children)
			UpdateCategorizedAssets: 0.192ms
		ReloadNativeAssets: 0.110ms
		UnloadImportedAssets: 0.767ms
		ReloadImportedAssets: 3.756ms
		EnsureUptoDateAssetsAreRegisteredWithGuidPM: 2.563ms
		ImportSchedulerStart: 112.606ms
	PostProcessAllAssets: 11.815ms
		XRBuildSystem.XRAssetImported 1.657ms
		PostProcessCallbackCreateDeferredMaterials 0.074ms
		ShaderAssetModifiedCallback 0.053ms
		MonoPostProcessAllAssets: 9.193ms
			MaterialPostprocessor.OnPostprocessAllAssets 4.688ms
			SyncVS.PostprocessSyncProject 1.313ms
			ShaderGraphAssetPostProcessor.OnPostprocessAllAssets 0.563ms
			AssetPostprocessor.OnPostprocessAllAssets 0.501ms
			RenderPipelineGlobalSettingsPostprocessor.OnPostprocessAllAssets 0.482ms
			PostProcessor.OnPostprocessAllAssets 0.110ms
			AssetChangedListener.OnPostprocessAllAssets 0.085ms
			TMPro_TexturePostProcessor.OnPostprocessAllAssets 0.077ms
			InputActionAssetPostprocessor.OnPostprocessAllAssets 0.069ms
			InputActionJsonNameModifierAssetProcessor.OnPostprocessAllAssets 0.063ms
			TextAssetPostProcessor.OnPostprocessAllAssets 0.057ms
	PostAssetChangesProfiler: 7.098ms
	GatherAllCurrentPrimaryImportResultRevisions: 0.685ms
	UnloadStreamsBegin: 0.418ms
	PersistCurrentRevisions: 2.214ms
	UnloadStreamsEnd: 0.515ms
	Untracked: 12.606ms

[P035 Review] READY: A=1.824011m, L1=1.841581m, renderers=98/98.
UnityEngine.Debug:ExtractStackTraceNoAlloc (byte*,int,string)
UnityEngine.StackTraceUtility:ExtractStackTrace ()
UnityEngine.DebugLogHandler:Internal_Log (UnityEngine.LogType,UnityEngine.LogOption,string,UnityEngine.Object)
UnityEngine.DebugLogHandler:LogFormat (UnityEngine.LogType,UnityEngine.Object,string,object[])
UnityEngine.Logger:Log (UnityEngine.LogType,object)
UnityEngine.Debug:Log (object)
AegisRTS.Editor.InfantryPhase035ReviewBuilder:BuildAndCapture () (at Assets/AegisRTS/Editor/InfantryPhase035ReviewBuilder.cs:98)

(Filename: Assets/AegisRTS/Editor/InfantryPhase035ReviewBuilder.cs Line: 98)

Batchmode quit successfully invoked - shutting down!
[Physics::Module] Cleanup current backend.
[Physics::Module] Id: 0xf2b8ea05
Input System module state changed to: ShutdownInProgress.
Input Polling Thread exited.
Input System module state changed to: Shutdown.
[Licensing::IpcConnector] LicenseClient-吳柏逸(BobWu)TWTAI-notifications channel disconnected successfully.
[Licensing::IpcConnector] LicenseClient-吳柏逸(BobWu)TWTAI channel disconnected successfully.
AcceleratorClientConnectionCallback - disconnected - :0
Cleanup mono
CodeReloadManager destroyed
Exiting batchmode successfully now!
Exiting without the bug reporter. Application will terminate with return code 0