[Licensing::Module] Trying to connect to existing licensing client channel...
Built from '6000.5/staging' branch; Version is '6000.5.7f1 (017862109af0) revision 96354'; Using compiler version '194234433'; Build Type 'Release'
OS: 'Windows 11  (10.0.26200) Enterprise' Language: 'zh' Physical Memory: 16205 MB
[Licensing::IpcConnector] Channel LicenseClient-吳柏逸(BobWu)TWTAI doesn't exist
BatchMode: 1, IsHumanControllingUs: 0, StartBugReporterOnCrash: 0, Is64bit: 1
System  architecture: x64
Process architecture: x64
Date: 2026-08-13T14:59:55Z
[Licensing::Module] Successfully launched the LicensingClient (PId: 27796)

COMMAND LINE ARGUMENTS:
C:\Program Files\Unity\Hub\Editor\6000.5.7f1\Editor\Unity.exe
-batchmode
-projectPath
C:\projects\Unity\AegisRTS.FrameworkLab
-executeMethod
AegisRTS.Editor.InfantryPhase035Revision02ReviewBuilder.BuildAndCapture
-quit
-logFile
C:\projects\Unity\AegisRTS.FrameworkLab\docs\ArtProduction\ReviewPackages\Infantry_Phase03_5_Revision02_Shield_Alignment_Review\Manifests\Unity_Batchmode_Graphics.log
Successfully changed project path to: C:\projects\Unity\AegisRTS.FrameworkLab
C:/projects/Unity/AegisRTS.FrameworkLab
[UnityMemory] Configuration Parameters - Can be set up in boot.config
    "memorysetup-temp-allocator-size-gi-baking-worker=262144"
    "memorysetup-temp-allocator-size-gi-baking-worker=262144"
    "memorysetup-temp-allocator-size-gi-baking-worker=262144"
    "memorysetup-temp-allocator-size-gi-baking-worker=262144"
    "memorysetup-temp-allocator-size-gi-baking-worker=262144"
    "memorysetup-temp-allocator-size-nav-mesh-worker=65536"
    "memorysetup-temp-allocator-size-audio-worker=65536"
    "memorysetup-temp-allocator-size-cloud-worker=32768"
    "memorysetup-temp-allocator-size-gfx=262144"
    "memorysetup-temp-allocator-size-preload-manager=33554432"
    "memorysetup-allocator-temp-initial-block-size-main=262144"
    "memorysetup-allocator-temp-initial-block-size-worker=262144"
    "memorysetup-temp-allocator-size-job-worker=262144"
    "memorysetup-temp-allocator-size-background-worker=32768"
    "memorysetup-bucket-allocator-granularity=16"
    "memorysetup-bucket-allocator-bucket-count=8"
    "memorysetup-bucket-allocator-block-size=33554432"
    "memorysetup-bucket-allocator-block-count=8"
    "memorysetup-main-allocator-block-size=16777216"
    "memorysetup-thread-allocator-block-size=16777216"
    "memorysetup-main-allocator-mimalloc-enabled=0"
    "memorysetup-gfx-main-allocator-block-size=16777216"
    "memorysetup-gfx-thread-allocator-block-size=16777216"
    "memorysetup-cache-allocator-block-size=4194304"
    "memorysetup-typetree-allocator-block-size=2097152"
    "memorysetup-profiler-bucket-allocator-granularity=16"
    "memorysetup-profiler-bucket-allocator-bucket-count=8"
    "memorysetup-profiler-bucket-allocator-block-size=33554432"
    "memorysetup-profiler-bucket-allocator-block-count=8"
    "memorysetup-profiler-allocator-block-size=16777216"
    "memorysetup-profiler-editor-allocator-block-size=1048576"
    "memorysetup-temp-allocator-size-main=16777216"
    "memorysetup-job-temp-allocator-block-size=2097152"
    "memorysetup-job-temp-allocator-block-size-background=1048576"
    "memorysetup-job-temp-allocator-reduction-small-platforms=262144"
Logging is directed to a specific file, skipping project log.Player connection [10084]  Target information:

Player connection [10084]  * "[IP] 192.168.47.1 [Port] 55504 [Flags] 2 [Guid] 1170977553 [EditorId] 1170977553 [Version] 1048832 [Id] WindowsEditor(7,MSI) [Debug] 1 [PackageName] WindowsEditor [ProjectName] Editor" 

Player connection [10084]  * "[IP] 192.168.62.1 [Port] 55504 [Flags] 2 [Guid] 1170977553 [EditorId] 1170977553 [Version] 1048832 [Id] WindowsEditor(7,MSI) [Debug] 1 [PackageName] WindowsEditor [ProjectName] Editor" 

Player connection [10084]  * "[IP] 192.168.0.111 [Port] 55504 [Flags] 2 [Guid] 1170977553 [EditorId] 1170977553 [Version] 1048832 [Id] WindowsEditor(7,MSI) [Debug] 1 [PackageName] WindowsEditor [ProjectName] Editor" 

Player connection [10084] Host joined multi-casting on [225.0.0.222:54997]...
Player connection [10084] Host joined alternative multi-casting on [225.0.0.222:34997]...
Input System module state changed to: Initialized.
[Physics::Module] Initialized fallback backend.
[Physics::Module] Id: 0xdecafbad
[Package Manager] Connected to IPC stream "Upm-24024" after 0.4 seconds.
[Licensing::Module] Licensing is not yet initialized.
[Licensing::IpcConnector] Successfully connected to: "LicenseClient-吳柏逸(BobWu)TWTAI" at "2026-08-13T14:59:56.152785Z"
[Licensing::Client] Code 10 while verifying Licensing Client signature (process Id: 27796, path: "C:/Program Files/Unity/Hub/Editor/6000.5.7f1/Editor/Data/Resources/Licensing/Client/Unity.Licensing.Client.exe")
[Licensing::Module] LicensingClient has failed validation; ignoring
[Licensing::Client] Handshaking with LicensingClient:
  Version:                 1.18.1+9fbee8e
  Session Id:              0eee8dfff6764a478c90e9653756dda4
  Correlation Id:          df8519421f1b2bfb6d8c24af34dda664
  External correlation Id: 6159568189490199876
  Machine Id:              nBUfyUgu3muw1CBiGaTx0sZdKCY=
[Licensing::Module] Successfully connected to LicensingClient on channel: "LicenseClient-吳柏逸(BobWu)TWTAI" (connect: 0.85s, validation: 0.08s, handshake: 0.07s)
[Licensing::IpcConnector] Successfully connected to: "LicenseClient-吳柏逸(BobWu)TWTAI-notifications" at "2026-08-13T14:59:56.2981943Z"
[Licensing::Module] Connected to LicensingClient (PId: 27796, launch time: 0.01, total connection time: 1.00s)
[Licensing::Module] Error: Access token is unavailable; failed to update
[Licensing::Client] Successfully resolved entitlement details
[Licensing::Module] License group:
  Id: ewogICJzdWJzR3JvdXAiIDogInVuaXR5IGVkaXRvciIsCiAgIm5hbWVzcGFjZSIgOiAidW5pdHlfZWRpdG9yIiwKICAidHlwZSIgOiAiRURJVE9SIiwKICAidGFnIiA6ICJVbml0eVBlcnNvbmFsXXXX
  Product: Unity Personal Version
  Type: Assigned
  Expiration: Unlimited
[Licensing::Client] Successfully updated license, isAsync: True, time: 0.02
[Licensing::Client] Successfully resolved entitlement details
[Licensing::Module] Licensing Background thread has ended after 1.08s
[Licensing::Module] Licensing is initialized (took 0.39s).
[Licensing::Client] Successfully resolved entitlement details
Library Redirect Path: Library/
[Physics::Module] Selected backend.
[Physics::Module] Name: PhysX
[Physics::Module] Id: 0xf2b8ea05
[Physics::Module] SDK Version: 4.1.2
[Physics::Module] Integration Version: 1.0.0
[Physics::Module] Threading Mode: Multi-Threaded
Artifact Garbage Collection - Removed 2 unused hashed content files
Initialize engine version: 6000.5.7f1 (017862109af0)
[Subsystems] Discovering subsystems at path C:/Program Files/Unity/Hub/Editor/6000.5.7f1/Editor/Data/Resources/UnitySubsystems
[Subsystems] Discovering subsystems at path C:/projects/Unity/AegisRTS.FrameworkLab/Assets
GfxDevice: creating device client; kGfxThreadingModeNonThreaded
d3d12: failed to query info queue interface (0x80004002).
Direct3D:
    Version:         Direct3D 12 [level 12.1]
    Renderer:        NVIDIA GeForce RTX 3050 Ti Laptop GPU (ID=0x25a0)
    Vendor:          NVIDIA
    VRAM:            3990 MB
    App VRAM Budget: 3391 MB
    Driver:          27.21.14.6221
Initialize mono
Mono path[0] = 'C:/Program Files/Unity/Hub/Editor/6000.5.7f1/Editor/Data/Managed'
Mono path[1] = 'C:/Program Files/Unity/Hub/Editor/6000.5.7f1/Editor/Data/BCLExtensions/runtime/netstandard2.1'
Mono path[2] = 'C:/Program Files/Unity/Hub/Editor/6000.5.7f1/Editor/Data/MonoBleedingEdge/lib/mono/unityjit-win32'
Mono config path = 'C:/Program Files/Unity/Hub/Editor/6000.5.7f1/Editor/Data/MonoBleedingEdge/etc'
Using monoOptions --debugger-agent=transport=dt_socket,embedding=1,server=y,suspend=n,address=127.0.0.1:56024
CodeReloadManager initialized
ImportWorker Server TCP listen port: 0
AcceleratorClientConnectionCallback - disconnected - :0
Begin MonoManager ReloadAssembly
Registering precompiled unity dll's ...
Register platform support module: C:/Program Files/Unity/Hub/Editor/6000.5.7f1/Editor/Data/PlaybackEngines/WebGLSupport/UnityEditor.WebGL.Extensions.dll
Register platform support module: C:/Program Files/Unity/Hub/Editor/6000.5.7f1/Editor/Data/PlaybackEngines/WindowsStandaloneSupport/UnityEditor.WindowsStandalone.Extensions.dll
Registered in 0.013671 seconds.
Native extension for WindowsStandalone target not found
Native extension for WebGL target not found
Package Manager log level set to [2]
ScheduleIndexationOnStartup MainProcess:False IndexOnStartup:True
Mono: successfully reloaded assembly
- Finished resetting the current domain, in  0.801 seconds
Domain Reload Profiling: 1779ms
	BeginReloadAssembly (237ms)
		CreateAndSetChildDomain (12ms)
	RebuildCommonClasses (8ms)
	RebuildNativeTypeToScriptingClass (31ms)
	initialDomainReloadingComplete (135ms)
	LoadAllAssembliesAndSetupDomain (562ms)
		LoadAssemblies (221ms)
		AnalyzeDomain (412ms)
			TypeCache.Refresh (410ms)
				TypeCache.ScanAssembly (380ms)
	FinalizeReload (806ms)
		SetupLoadedEditorAssemblies (0ms)
			InitializePlatformSupportModulesInManaged (4ms)
			BeforeProcessingInitializeOnLoad (157ms)
			ProcessInitializeOnLoadAttributes (175ms)
			ProcessInitializeOnLoadMethodAttributes (331ms)
[Licensing::Client] Successfully resolved entitlement details
Application.AssetDatabase Initial Refresh Start
[Package Manager] Restoring resolved packages state from cache
[Licensing::Client] Successfully resolved entitlement details
[Package Manager] Registered 59 packages:
  Packages from [https://packages.unity.com]:
    com.unity.ai.navigation@2.0.14 (location: C:\projects\Unity\AegisRTS.FrameworkLab\Library\PackageCache\com.unity.ai.navigation@134dd6a3b97b)
    com.unity.cloud.gltfast@6.19.0 (location: C:\projects\Unity\AegisRTS.FrameworkLab\Library\PackageCache\com.unity.cloud.gltfast@92828f845157)
    com.unity.collab-proxy@2.13.5 (location: C:\projects\Unity\AegisRTS.FrameworkLab\Library\PackageCache\com.unity.collab-proxy@120d77864ebc)
    com.unity.ide.rider@3.0.38 (location: C:\projects\Unity\AegisRTS.FrameworkLab\Library\PackageCache\com.unity.ide.rider@1f60b3138684)
    com.unity.ide.visualstudio@2.0.26 (location: C:\projects\Unity\AegisRTS.FrameworkLab\Library\PackageCache\com.unity.ide.visualstudio@a99d56dec63f)
    com.unity.inputsystem@1.20.0 (location: C:\projects\Unity\AegisRTS.FrameworkLab\Library\PackageCache\com.unity.inputsystem@7a4e1a2a8194)
    com.unity.timeline@1.8.12 (location: C:\projects\Unity\AegisRTS.FrameworkLab\Library\PackageCache\com.unity.timeline@8cd8509afae5)
    com.unity.visualscripting@1.9.12 (location: C:\projects\Unity\AegisRTS.FrameworkLab\Library\PackageCache\com.unity.visualscripting@4edfcc09512f)
    com.unity.burst@1.8.30 (location: C:\projects\Unity\AegisRTS.FrameworkLab\Library\PackageCache\com.unity.burst@2f3d916873ea)
    com.unity.searcher@4.9.4 (location: C:\projects\Unity\AegisRTS.FrameworkLab\Library\PackageCache\com.unity.searcher@d45a78918735)
    com.unity.nuget.mono-cecil@1.11.6 (location: C:\projects\Unity\AegisRTS.FrameworkLab\Library\PackageCache\com.unity.nuget.mono-cecil@ecb9724e46ff)
    com.unity.test-framework.performance@3.5.0 (location: C:\projects\Unity\AegisRTS.FrameworkLab\Library\PackageCache\com.unity.test-framework.performance@8b56083ec0f0)
  Built-in packages:
    com.unity.multiplayer.center@1.0.1 (location: C:\projects\Unity\AegisRTS.FrameworkLab\Library\PackageCache\com.unity.multiplayer.center@b860850997d0)
    com.unity.render-pipelines.universal@17.5.0 (location: C:\projects\Unity\AegisRTS.FrameworkLab\Library\PackageCache\com.unity.render-pipelines.universal@73b4c4ff130e)
    com.unity.test-framework@1.7.0 (location: C:\projects\Unity\AegisRTS.FrameworkLab\Library\PackageCache\com.unity.test-framework@1405238725ab)
    com.unity.ugui@2.5.0 (location: C:\projects\Unity\AegisRTS.FrameworkLab\Library\PackageCache\com.unity.ugui@67707a67a4ab)
    com.unity.modules.accessibility@1.0.0 (location: C:\projects\Unity\AegisRTS.FrameworkLab\Library\PackageCache\com.unity.modules.accessibility)
    com.unity.modules.adaptiveperformance@1.0.0 (location: C:\projects\Unity\AegisRTS.FrameworkLab\Library\PackageCache\com.unity.modules.adaptiveperformance)
    com.unity.modules.ai@1.0.0 (location: C:\projects\Unity\AegisRTS.FrameworkLab\Library\PackageCache\com.unity.modules.ai)
    com.unity.modules.androidjni@1.0.0 (location: C:\projects\Unity\AegisRTS.FrameworkLab\Library\PackageCache\com.unity.modules.androidjni)
    com.unity.modules.animation@1.0.0 (location: C:\projects\Unity\AegisRTS.FrameworkLab\Library\PackageCache\com.unity.modules.animation)
    com.unity.modules.assetbundle@1.0.0 (location: C:\projects\Unity\AegisRTS.FrameworkLab\Library\PackageCache\com.unity.modules.assetbundle)
    com.unity.modules.audio@1.0.0 (location: C:\projects\Unity\AegisRTS.FrameworkLab\Library\PackageCache\com.unity.modules.audio)
    com.unity.modules.cloth@1.0.0 (location: C:\projects\Unity\AegisRTS.FrameworkLab\Library\PackageCache\com.unity.modules.cloth)
    com.unity.modules.director@1.0.0 (location: C:\projects\Unity\AegisRTS.FrameworkLab\Library\PackageCache\com.unity.modules.director)
    com.unity.modules.imageconversion@1.0.0 (location: C:\projects\Unity\AegisRTS.FrameworkLab\Library\PackageCache\com.unity.modules.imageconversion)
    com.unity.modules.imgui@1.0.0 (location: C:\projects\Unity\AegisRTS.FrameworkLab\Library\PackageCache\com.unity.modules.imgui)
    com.unity.modules.jsonserialize@1.0.0 (location: C:\projects\Unity\AegisRTS.FrameworkLab\Library\PackageCache\com.unity.modules.jsonserialize)
    com.unity.modules.particlesystem@1.0.0 (location: C:\projects\Unity\AegisRTS.FrameworkLab\Library\PackageCache\com.unity.modules.particlesystem)
    com.unity.modules.physics@1.0.0 (location: C:\projects\Unity\AegisRTS.FrameworkLab\Library\PackageCache\com.unity.modules.physics)
    com.unity.modules.physics2d@1.0.0 (location: C:\projects\Unity\AegisRTS.FrameworkLab\Library\PackageCache\com.unity.modules.physics2d)
    com.unity.modules.physicscore2d@1.0.0 (location: C:\projects\Unity\AegisRTS.FrameworkLab\Library\PackageCache\com.unity.modules.physicscore2d)
    com.unity.modules.screencapture@1.0.0 (location: C:\projects\Unity\AegisRTS.FrameworkLab\Library\PackageCache\com.unity.modules.screencapture)
    com.unity.modules.terrain@1.0.0 (location: C:\projects\Unity\AegisRTS.FrameworkLab\Library\PackageCache\com.unity.modules.terrain)
    com.unity.modules.terrainphysics@1.0.0 (location: C:\projects\Unity\AegisRTS.FrameworkLab\Library\PackageCache\com.unity.modules.terrainphysics)
    com.unity.modules.tilemap@1.0.0 (location: C:\projects\Unity\AegisRTS.FrameworkLab\Library\PackageCache\com.unity.modules.tilemap)
    com.unity.modules.ui@1.0.0 (location: C:\projects\Unity\AegisRTS.FrameworkLab\Library\PackageCache\com.unity.modules.ui)
    com.unity.modules.uielements@1.0.0 (location: C:\projects\Unity\AegisRTS.FrameworkLab\Library\PackageCache\com.unity.modules.uielements)
    com.unity.modules.umbra@1.0.0 (location: C:\projects\Unity\AegisRTS.FrameworkLab\Library\PackageCache\com.unity.modules.umbra)
    com.unity.modules.unityanalytics@1.0.0 (location: C:\projects\Unity\AegisRTS.FrameworkLab\Library\PackageCache\com.unity.modules.unityanalytics)
    com.unity.modules.unitywebrequest@1.0.0 (location: C:\projects\Unity\AegisRTS.FrameworkLab\Library\PackageCache\com.unity.modules.unitywebrequest)
    com.unity.modules.unitywebrequestassetbundle@1.0.0 (location: C:\projects\Unity\AegisRTS.FrameworkLab\Library\PackageCache\com.unity.modules.unitywebrequestassetbundle)
    com.unity.modules.unitywebrequestaudio@1.0.0 (location: C:\projects\Unity\AegisRTS.FrameworkLab\Library\PackageCache\com.unity.modules.unitywebrequestaudio)
    com.unity.modules.unitywebrequesttexture@1.0.0 (location: C:\projects\Unity\AegisRTS.FrameworkLab\Library\PackageCache\com.unity.modules.unitywebrequesttexture)
    com.unity.modules.unitywebrequestwww@1.0.0 (location: C:\projects\Unity\AegisRTS.FrameworkLab\Library\PackageCache\com.unity.modules.unitywebrequestwww)
    com.unity.modules.vectorgraphics@1.0.0 (location: C:\projects\Unity\AegisRTS.FrameworkLab\Library\PackageCache\com.unity.modules.vectorgraphics)
    com.unity.modules.vehicles@1.0.0 (location: C:\projects\Unity\AegisRTS.FrameworkLab\Library\PackageCache\com.unity.modules.vehicles)
    com.unity.modules.video@1.0.0 (location: C:\projects\Unity\AegisRTS.FrameworkLab\Library\PackageCache\com.unity.modules.video)
    com.unity.modules.wind@1.0.0 (location: C:\projects\Unity\AegisRTS.FrameworkLab\Library\PackageCache\com.unity.modules.wind)
    com.unity.modules.xr@1.0.0 (location: C:\projects\Unity\AegisRTS.FrameworkLab\Library\PackageCache\com.unity.modules.xr)
    com.unity.modules.subsystems@1.0.0 (location: C:\projects\Unity\AegisRTS.FrameworkLab\Library\PackageCache\com.unity.modules.subsystems)
    com.unity.modules.hierarchycore@1.0.0 (location: C:\projects\Unity\AegisRTS.FrameworkLab\Library\PackageCache\com.unity.modules.hierarchycore)
    com.unity.ext.nunit@2.1.0 (location: C:\projects\Unity\AegisRTS.FrameworkLab\Library\PackageCache\com.unity.ext.nunit@44f7d31723bd)
    com.unity.render-pipelines.core@17.5.0 (location: C:\projects\Unity\AegisRTS.FrameworkLab\Library\PackageCache\com.unity.render-pipelines.core@645717f21c5f)
    com.unity.shadergraph@17.5.0 (location: C:\projects\Unity\AegisRTS.FrameworkLab\Library\PackageCache\com.unity.shadergraph@8d7376ec43ee)
    com.unity.render-pipelines.universal-config@17.5.0 (location: C:\projects\Unity\AegisRTS.FrameworkLab\Library\PackageCache\com.unity.render-pipelines.universal-config@fdda01c80fe3)
    com.unity.collections@6.5.0 (location: C:\projects\Unity\AegisRTS.FrameworkLab\Library\PackageCache\com.unity.collections@ec2c217e4cb2)
    com.unity.mathematics@1.4.0 (location: C:\projects\Unity\AegisRTS.FrameworkLab\Library\PackageCache\com.unity.mathematics@981956d94fb6)
  Embedded packages:
    com.boyi.aegis-rts@file:C:\projects\Unity\AegisRTS.FrameworkLab\Packages\com.boyi.aegis-rts (location: C:\projects\Unity\AegisRTS.FrameworkLab\Packages\com.boyi.aegis-rts)
[Subsystems] No new subsystems found in resolved package list.
[Package Manager] Done registering packages in 0.03 seconds
[ScriptCompilation] Requested script compilation because: AssetDatabase observed changes in script compilation related files
Starting: C:\Program Files\Unity\Hub\Editor\6000.5.7f1\Editor\Data\Tools\BuildPipeline\bee_backend.exe --ipc --defer-dag-verification --dagfile="Library/Bee/1900b0aE.dag" --continue-on-failure --profile="Library/Bee/backend1.traceevents" ScriptAssemblies
WorkingDir: C:/projects/Unity/AegisRTS.FrameworkLab
DisplayProgressbar: Compiling Scripts
ExitCode: 0 Duration: 2s534ms
[ 849/1097  0s] ILPP-Configuration Library/ilpp-configuration.nevergeneratedoutput
[1093/1097  2s] Csc Library/Bee/artifacts/1900b0aE.dag/AegisRTS.Editor.dll (+2 others)
[1094/1097  0s] ILPostProcess Library/Bee/artifacts/1900b0aE.dag/post-processed/AegisRTS.Editor.dll (+pdb)
Processing assembly Library/Bee/artifacts/1900b0aE.dag/AegisRTS.Editor.dll, with 140 defines and 306 references

processors: Unity.Jobs.CodeGen.JobsILPostProcessor, zzzUnity.Burst.CodeGen.BurstILPostProcessor

running Unity.Jobs.CodeGen.JobsILPostProcessor

running zzzUnity.Burst.CodeGen.BurstILPostProcessor
[1095/1097  0s] CopyFiles Library/ScriptAssemblies/AegisRTS.Editor.pdb
[1096/1097  0s] CopyFiles Library/ScriptAssemblies/AegisRTS.Editor.dll
*** Tundra build success (2.44 seconds), 5 items updated, 1097 evaluated
AssetDatabase: script compilation time: 3.316749s
Begin MonoManager ReloadAssembly
Total cache size 129339760
Total cache size after purge 129339760, took 00:00:00.2539404
Refreshing native plugins compatible for Editor in 2.59 ms, found 4 plugins.
Native extension for WindowsStandalone target not found
Native extension for WebGL target not found
Refreshing native plugins compatible for Editor in 3.74 ms, found 4 plugins.
ScheduleIndexationOnStartup MainProcess:True IndexOnStartup:True
Mono: successfully reloaded assembly
- Finished resetting the current domain, in  4.853 seconds
Domain Reload Profiling: 6622ms
	BeginReloadAssembly (398ms)
		DisableScriptedObjects (55ms)
		CreateAndSetChildDomain (73ms)
	RebuildCommonClasses (17ms)
	RebuildNativeTypeToScriptingClass (25ms)
	initialDomainReloadingComplete (118ms)
	LoadAllAssembliesAndSetupDomain (1209ms)
		LoadAssemblies (763ms)
		AnalyzeDomain (428ms)
			TypeCache.Refresh (313ms)
				TypeCache.ScanAssembly (278ms)
			BuildScriptInfoCaches (100ms)
			ResolveRequiredComponents (12ms)
	FinalizeReload (4854ms)
		SetupLoadedEditorAssemblies (0ms)
			BeforeProcessingInitializeOnLoad (225ms)
			ProcessInitializeOnLoadAttributes (3547ms)
			ProcessInitializeOnLoadMethodAttributes (471ms)
			AfterProcessingInitializeOnLoad (12ms)
		AwakeInstancesAfterBackupRestoration (33ms)
Starting new worker id: 0 with log in C:/projects/Unity/AegisRTS.FrameworkLab/Logs/AssetImportWorkerHW0.log
Refreshing native plugins compatible for Editor in 3.95 ms, found 4 plugins.

Asset Pipeline Refresh (id=5e794e60eade9f04f8b62ca7ab43203c): Total: 11.783 seconds - Initiated by InitialRefreshV2(ForceSynchronousImport)
	(Values over 0.05ms)
	Summary:
		Imports: total=0 (actual=0, local cache=0, cache server=0)
		Asset DB Process Time: managed=0 ms, native=6023 ms
		Asset DB Callback time: managed=348 ms, native=61 ms
		Scripting: domain reloads=1, domain reload time=1879 ms, compile time=3320 ms, other=149 ms
		Project Asset Count: scripts=1509, non-scripts=2481
		Asset File Changes: new=0, changed=1, moved=0, deleted=0
		Scan Filter Count: 0
	InvokePackagesCallback: 41.676ms
	ApplyChangesToAssetFolders: 0.940ms
	Scan: 336.926ms
	Collect global state as custom dependencies: 33.377ms
	OnSourceAssetsModified: 1.342ms
	CategorizeScriptCompilationAssets: 136.945ms
	ProcessAssetsWithTransientArtifactChanges: 131.877ms
	CategorizeAssets: 75.860ms
	CompileScripts: 3320.114ms
	ImportOutOfDateAssets: 4967.338ms (4885.625ms without children)
		ReloadNativeAssets: 0.057ms
		UnloadImportedAssets: 1.422ms
		EnsureUptoDateAssetsAreRegisteredWithGuidPM: 1.217ms
		ImportSchedulerStart: 79.012ms
	PostProcessAllAssets: 351.060ms
		VCAutoAddAssetPostprocess 1.690ms
		XRBuildSystem.XRAssetImported 0.862ms
		MonoPostProcessAllAssets: 347.703ms
			AssetPostprocessor.OnPostprocessAllAssets 240.098ms
			StyleCatalogPostProcessor.OnPostprocessAllAssets 27.571ms
			UniversalRenderPipelineGlobalSettingsPostprocessor.OnPostprocessAllAssets 16.827ms
			BuilderAssetPostprocessor.OnPostprocessAllAssets 10.295ms
			SyncVS.PostprocessSyncProject 5.684ms
			ShaderGraphAssetPostProcessor.OnPostprocessAllAssets 3.481ms
			WindowAssetPostprocessingWatcher.OnPostprocessAllAssets 3.250ms
			AssetChangedListener.OnPostprocessAllAssets 3.024ms
			RetainedModeAssetPostprocessor.OnPostprocessAllAssets 2.848ms
			SpeedTree9Postprocessor.OnPostprocessAllAssets 2.605ms
			EditModeScopePostprocessor.OnPostprocessAllAssets 1.372ms
			RenderPipelineGlobalSettingsPostprocessor.OnPostprocessAllAssets 1.106ms
			MaterialPostprocessor.OnPostprocessAllAssets 1.066ms
			ArtifactBrowserPostProcessor.OnPostprocessAllAssets 0.822ms
			ShaderReflectionAssetPostProcessor.OnPostprocessAllAssets 0.654ms
			AssetEvents.OnPostprocessAllAssets 0.610ms
			UVCSAssetPostprocessor.OnPostprocessAllAssets 0.607ms
			TextAssetPostProcessor.OnPostprocessAllAssets 0.566ms
			InputActionAssetPostprocessor.OnPostprocessAllAssets 0.527ms
			ReferencedClipsPostProcessor.OnPostprocessAllAssets 0.503ms
			AudioMixerPostprocessor.OnPostprocessAllAssets 0.474ms
			PostProcessor.OnPostprocessAllAssets 0.465ms
			SampleDependencyImporterPostProcessor.OnPostprocessAllAssets 0.465ms
			TMPro_TexturePostProcessor.OnPostprocessAllAssets 0.409ms
			InputActionJsonNameModifierAssetProcessor.OnPostprocessAllAssets 0.400ms
			AssetDatabaseCallbacks.OnPostprocessAllAssets 0.383ms
			TerrainToolbarOverlayPostProcessor.OnPostprocessAllAssets 0.282ms
			ProjectSettingsPostprocessor.OnPostprocessAllAssets 0.266ms
			ScenarioDriftAssetsTracker.OnPostprocessAllAssets 0.250ms
			SpeedTreePostProcessor.OnPostprocessAllAssets 0.209ms
			ConfigAssetsTracker.OnPostprocessAllAssets 0.201ms
			SamplePostprocessor.OnPostprocessAllAssets 0.186ms
			AssetReloadNotifier.OnPostprocessAllAssets 0.162ms
			AudioContainerPostProcessor.OnPostprocessAllAssets 0.121ms
	PostAssetChangesProfiler: 19.938ms
	UnloadStreamsBegin: 5.421ms
	PersistCurrentRevisions: 0.150ms
	GenerateScriptTypeHashes: 2.529ms
	GenerateScriptTypeSerializationHashes: 4.418ms
	Untracked: 2349.529ms

Application.AssetDatabase Initial Refresh End
Launched and connected shader compiler UnityShaderCompiler.exe after 0.04 seconds
Scanning for USB devices : 1.335ms
Initializing Unity extensions:
[MODES] ModeService[none].Initialize
[MODES] ModeService[none].LoadModes
[MODES] Loading mode Default (0) for mode-current-id-AegisRTS.FrameworkLab
Unloading 25 Unused Serialized files (Serialized files now loaded: 0)
Unloading 7144 unused Assets / (8.2 MB). Loaded Objects now: 8061.
Memory consumption went from 436.1 MB to 427.9 MB.
Total: 40.729100 ms (FindLiveObjects: 1.738000 ms CreateObjectMapping: 6.462800 ms MarkObjects: 14.851700 ms  DeleteObjects: 17.662700 ms)

Importing 'GUID: 519a11fc99fce7747890900477b52a2b - Path: Assets/AegisRTS/Review/InfantryPhase035Revision02/SK_Infantry_A_v004_P035R2_Apose_Review.fbx' with importer (FBXImporter)
Imported 'GUID: 519a11fc99fce7747890900477b52a2b' -> (Import Result ID: '5941925d6f9659f3222b2905fc0b5a05') in 0.244 seconds [static and dynamic dependencies]. Details - ImportResultOutputID=0146c33f24091137fd1b864d442eb0ba DependenciesID=5bffea2c20a50ea303660e58992e1c14 StaticDependenciesID=e589717e26430d5e4528b048eae9ec52 
Refreshing native plugins compatible for Editor in 3.53 ms, found 4 plugins.

Asset Pipeline Refresh (id=6061f7ded8719fc489d6d964cf3f3e2c): Total: 0.455 seconds - Initiated by StopAssetImportingV2(NoUpdateAssetOptions)
	(Values over 0.05ms)
	Summary:
		Imports: total=2 (actual=1, local cache=1, cache server=0)
		Asset DB Process Time: managed=27 ms, native=405 ms
		Asset DB Callback time: managed=9 ms, native=13 ms
		Scripting: domain reloads=0, domain reload time=0 ms, compile time=0 ms, other=0 ms
		Project Asset Count: scripts=1509, non-scripts=2481
		Asset File Changes: new=0, changed=0, moved=0, deleted=0
		Scan Filter Count: 5
	ApplyChangesToAssetFolders: 0.248ms
	Scan: 21.673ms
	Collect global state as custom dependencies: 0.782ms
	CategorizeScriptCompilationAssets: 0.069ms
	ProcessAssetsWithTransientArtifactChanges: 0.539ms
	CategorizeAssets: 56.461ms
	ImportOutOfDateAssets: 331.075ms (17.153ms without children)
		ImportManagerImport: 250.194ms (4.875ms without children)
		ReloadNativeAssets: 0.051ms
		UnloadImportedAssets: 0.512ms
		EnsureUptoDateAssetsAreRegisteredWithGuidPM: 1.238ms
		ImportSchedulerStart: 61.894ms
	PostProcessAllAssets: 18.914ms
		XRBuildSystem.XRAssetImported 6.861ms
		MonoPostProcessAllAssets: 9.696ms
			AssetPostprocessor.OnPostprocessAllAssets 7.868ms
			SyncVS.PostprocessSyncProject 0.667ms
			RenderPipelineGlobalSettingsPostprocessor.OnPostprocessAllAssets 0.205ms
			ShaderGraphAssetPostProcessor.OnPostprocessAllAssets 0.146ms
			TMPro_TexturePostProcessor.OnPostprocessAllAssets 0.077ms
	PostAssetChangesProfiler: 3.920ms
	GatherAllCurrentPrimaryImportResultRevisions: 0.425ms
	UnloadStreamsBegin: 0.190ms
	PersistCurrentRevisions: 0.212ms
	Untracked: 11.372ms

Importing 'GUID: 519a11fc99fce7747890900477b52a2b - Path: Assets/AegisRTS/Review/InfantryPhase035Revision02/SK_Infantry_A_v004_P035R2_Apose_Review.fbx' with importer (FBXImporter)
Imported 'GUID: 519a11fc99fce7747890900477b52a2b' -> (Import Result ID: '5941925d6f9659f3222b2905fc0b5a05') in 0.135 seconds [static and dynamic dependencies]. Details - ImportResultOutputID=0146c33f24091137fd1b864d442eb0ba DependenciesID=5bffea2c20a50ea303660e58992e1c14 StaticDependenciesID=e589717e26430d5e4528b048eae9ec52 
Refreshing native plugins compatible for Editor in 3.40 ms, found 4 plugins.
Asset Pipeline Refresh (id=857ee9f82bab9754ca7605414981c458): Total: 0.246 seconds - Initiated by StopAssetImportingV2(NoUpdateAssetOptions)
Importing 'GUID: b0051b182584fde4e884b6610af9d1aa - Path: Assets/AegisRTS/Review/InfantryPhase035Revision02/SK_Infantry_A_v004_P035R2_L1Pose_Review.fbx' with importer (FBXImporter)
Imported 'GUID: b0051b182584fde4e884b6610af9d1aa' -> (Import Result ID: '892cb467681cf7405293a44bb623a508') in 0.172 seconds [static and dynamic dependencies]. Details - ImportResultOutputID=4332f835c5a4f2e0386e48cdfaf3a7b5 DependenciesID=c811b89d867b46ff57d73eef0bccc8ab StaticDependenciesID=f7476b69533adc8683b44794270cacd7 
Refreshing native plugins compatible for Editor in 3.10 ms, found 4 plugins.

Asset Pipeline Refresh (id=cd2d40721eca7e14b8ce587b22ba70c2): Total: 0.306 seconds - Initiated by StopAssetImportingV2(NoUpdateAssetOptions)
	(Values over 0.05ms)
	Summary:
		Imports: total=2 (actual=1, local cache=1, cache server=0)
		Asset DB Process Time: managed=9 ms, native=284 ms
		Asset DB Callback time: managed=6 ms, native=5 ms
		Scripting: domain reloads=0, domain reload time=0 ms, compile time=0 ms, other=0 ms
		Project Asset Count: scripts=1509, non-scripts=2481
		Asset File Changes: new=0, changed=0, moved=0, deleted=0
		Scan Filter Count: 5
	ApplyChangesToAssetFolders: 0.109ms
	Scan: 13.289ms
	Collect global state as custom dependencies: 0.453ms
	CategorizeScriptCompilationAssets: 0.082ms
	ProcessAssetsWithTransientArtifactChanges: 0.335ms
	CategorizeAssets: 3.841ms
	ImportOutOfDateAssets: 270.347ms (16.146ms without children)
		ImportManagerImport: 174.923ms (1.614ms without children)
		ReloadNativeAssets: 0.057ms
		UnloadImportedAssets: 0.665ms
		EnsureUptoDateAssetsAreRegisteredWithGuidPM: 1.428ms
		ImportSchedulerStart: 77.111ms
	PostProcessAllAssets: 8.187ms
		XRBuildSystem.XRAssetImported 0.902ms
		MonoPostProcessAllAssets: 6.223ms
			SyncVS.PostprocessSyncProject 3.383ms
			AssetChangedListener.OnPostprocessAllAssets 0.329ms
			AssetPostprocessor.OnPostprocessAllAssets 0.285ms
			TMPro_TexturePostProcessor.OnPostprocessAllAssets 0.198ms
			ShaderGraphAssetPostProcessor.OnPostprocessAllAssets 0.197ms
			RenderPipelineGlobalSettingsPostprocessor.OnPostprocessAllAssets 0.169ms
			SpeedTree9Postprocessor.OnPostprocessAllAssets 0.085ms
			TerrainToolbarOverlayPostProcessor.OnPostprocessAllAssets 0.081ms
			InputActionJsonNameModifierAssetProcessor.OnPostprocessAllAssets 0.080ms
	PostAssetChangesProfiler: 3.308ms
	GatherAllCurrentPrimaryImportResultRevisions: 0.221ms
	PersistCurrentRevisions: 0.157ms
	Untracked: 5.562ms

Importing 'GUID: b0051b182584fde4e884b6610af9d1aa - Path: Assets/AegisRTS/Review/InfantryPhase035Revision02/SK_Infantry_A_v004_P035R2_L1Pose_Review.fbx' with importer (FBXImporter)
Imported 'GUID: b0051b182584fde4e884b6610af9d1aa' -> (Import Result ID: '892cb467681cf7405293a44bb623a508') in 0.128 seconds [static and dynamic dependencies]. Details - ImportResultOutputID=4332f835c5a4f2e0386e48cdfaf3a7b5 DependenciesID=c811b89d867b46ff57d73eef0bccc8ab StaticDependenciesID=f7476b69533adc8683b44794270cacd7 
Refreshing native plugins compatible for Editor in 3.77 ms, found 4 plugins.
Asset Pipeline Refresh (id=e6430d9e34f912e4297d7927a6ff9fc5): Total: 0.221 seconds - Initiated by StopAssetImportingV2(NoUpdateAssetOptions)
Unloading 2 Unused Serialized files (Serialized files now loaded: 0)
Unloading 1094 unused Assets / (0.8 MB). Loaded Objects now: 8063.
Memory consumption went from 422.4 MB to 421.7 MB.
Total: 14.835800 ms (FindLiveObjects: 0.850700 ms CreateObjectMapping: 2.449400 ms MarkObjects: 9.707400 ms  DeleteObjects: 1.826700 ms)

Asset Pipeline Refresh (id=1f37366f2d2255548aeba05ada16882e): Total: 0.035 seconds - Initiated by StopAssetImportingV2(NoUpdateAssetOptions)
Asset Pipeline Refresh (id=2cf46287bf694444cad7fe6c21c9358a): Total: 0.025 seconds - Initiated by StopAssetImportingV2(NoUpdateAssetOptions)
Worker ready: AssetImportWorkerHW0 0
Importing 'GUID: 711d1cdb978fa9f45ba4754bb80eef5a - Path: Assets/AegisRTS/Review/InfantryPhase035Revision02/MAT_P035R2_Ground.mat' with importer (NativeFormatImporter)
Imported 'GUID: 711d1cdb978fa9f45ba4754bb80eef5a' -> (Import Result ID: '8441a52ddae0471c5307d2d39ca31275') in 0.010 seconds [static dependencies only]. Details - ImportResultOutputID=66fdd280bb2ff8139c401fd6d40e8c64 DependenciesID=ddfc23f513be440ebd11a83f72a3faaa StaticDependenciesID=d7338014ebee81dba4d157e34977cbcb 
Importing 'GUID: 12f33a4d6206bfa469f421f4b7ee1598 - Path: Assets/AegisRTS/Review/InfantryPhase035Revision02/MAT_P035R2_Metal.mat' with importer (NativeFormatImporter)
Imported 'GUID: 12f33a4d6206bfa469f421f4b7ee1598' -> (Import Result ID: '5fb9909805abc734bf0d6eb72a2ca9f5') in 0.004 seconds [static dependencies only]. Details - ImportResultOutputID=3251d5add9cc7af5d289e658338057e8 DependenciesID=dfaced2713ec0042c7e79d5deea222f1 StaticDependenciesID=115c9594dfac7c5c407fd7fe74eab216 
Importing 'GUID: 42b2cf7d7bd5278489baa187f0dc2987 - Path: Assets/AegisRTS/Review/InfantryPhase035Revision02/MAT_P035R2_Leather.mat' with importer (NativeFormatImporter)
Imported 'GUID: 42b2cf7d7bd5278489baa187f0dc2987' -> (Import Result ID: '679aa9d73cced6d6c1b0799f4ea6fd7a') in 0.002 seconds [static dependencies only]. Details - ImportResultOutputID=f5a2ae0ff7fea675be83c80a767cd88c DependenciesID=203ea7a57ab6265e393b3ac4c77e6e28 StaticDependenciesID=1d4eea356923d33b83845184fe0e4727 
Importing 'GUID: 6232610b30f82c0469c6df3c3c5e7908 - Path: Assets/AegisRTS/Review/InfantryPhase035Revision02/MAT_P035R2_Cloth.mat' with importer (NativeFormatImporter)
Imported 'GUID: 6232610b30f82c0469c6df3c3c5e7908' -> (Import Result ID: 'aff169d37cfcdfe2b96a29aea70f33f4') in 0.002 seconds [static dependencies only]. Details - ImportResultOutputID=90ffdacce97425f964557fc2077e0d6b DependenciesID=d526d04ebe9c18743f96fabb3ae03730 StaticDependenciesID=f89c086478e523bc8c4871a8ed10989b 
Importing 'GUID: 2cfc65b36a332d74d85e51d7b011153e - Path: Assets/AegisRTS/Review/InfantryPhase035Revision02/MAT_P035R2_Team.mat' with importer (NativeFormatImporter)
Imported 'GUID: 2cfc65b36a332d74d85e51d7b011153e' -> (Import Result ID: 'ddb15dfe3ba2ba0d32bd3ff8f106a572') in 0.002 seconds [static dependencies only]. Details - ImportResultOutputID=34c99e94c48bcfda5ec92ad34214ec16 DependenciesID=a3055fa21caebfed21e180e5fc216686 StaticDependenciesID=b42989021878d5ea09807b69b0ef0c02 
Importing 'GUID: 6c775d205156b3c45861b6d884184545 - Path: Assets/AegisRTS/Review/InfantryPhase035Revision02/MAT_P035R2_Skin.mat' with importer (NativeFormatImporter)
Imported 'GUID: 6c775d205156b3c45861b6d884184545' -> (Import Result ID: '572eb1140fe65ad37fd4f1000c3b8ef1') in 0.002 seconds [static dependencies only]. Details - ImportResultOutputID=342e872e76e7d127a48ecf686201d577 DependenciesID=becd29aea81d73a788fc455830cf0084 StaticDependenciesID=c2a6879645b6bf21dbdee157daba50bb 
Importing 'GUID: 6e12cee42c3e46848a8334bb88955715 - Path: Assets/AegisRTS/Review/InfantryPhase035Revision02/MAT_P035R2_Wood.mat' with importer (NativeFormatImporter)
Imported 'GUID: 6e12cee42c3e46848a8334bb88955715' -> (Import Result ID: 'f366c9c1a60aa8e381b81123f48ddddc') in 0.001 seconds [static dependencies only]. Details - ImportResultOutputID=b906437c93a7b30bd8c40990c7466a17 DependenciesID=4c54845cac7e640a4d7ab44af632a221 StaticDependenciesID=ea9c9ec9bcad2cd8e6c5207344d7484e 
Refreshing native plugins compatible for Editor in 2.67 ms, found 4 plugins.
Asset Pipeline Refresh (id=9976b1a3c87f8904c913e505ef9db095): Total: 0.177 seconds - Initiated by StopAssetImportingV2(NoUpdateAssetOptions)
Importing 'GUID: ab98781890feb8340985237891f4576a - Path: Assets/AegisRTS/Review/InfantryPhase035Revision02/SCN_Infantry_P035R2_Review.unity' with importer (DefaultImporter)
Imported 'GUID: ab98781890feb8340985237891f4576a' -> (Import Result ID: 'b373aa2c9819eea6bae261e993a54f58') in 0.003 seconds [static dependencies only]. Details - ImportResultOutputID=5d4d18d7615b437f42d25716cb36b172 DependenciesID=27db29596f540f38f454863e0758de8f StaticDependenciesID=79b7f7351b94a840a569c5c07a52f391 
Refreshing native plugins compatible for Editor in 3.26 ms, found 4 plugins.
Asset Pipeline Refresh (id=6aa21f0c763f5954498cb9990323df90): Total: 0.127 seconds - Initiated by StopAssetImportingV2(NoUpdateAssetOptions)
[P035R2 Review] READY: A=1.824011m, L1=1.824011m, renderers=98/98.
UnityEngine.Debug:ExtractStackTraceNoAlloc (byte*,int,string)
UnityEngine.StackTraceUtility:ExtractStackTrace ()
UnityEngine.DebugLogHandler:Internal_Log (UnityEngine.LogType,UnityEngine.LogOption,string,UnityEngine.Object)
UnityEngine.DebugLogHandler:LogFormat (UnityEngine.LogType,UnityEngine.Object,string,object[])
UnityEngine.Logger:Log (UnityEngine.LogType,object)
UnityEngine.Debug:Log (object)
AegisRTS.Editor.InfantryPhase035Revision02ReviewBuilder:BuildAndCapture () (at Assets/AegisRTS/Editor/InfantryPhase035Revision02ReviewBuilder.cs:75)

(Filename: Assets/AegisRTS/Editor/InfantryPhase035Revision02ReviewBuilder.cs Line: 75)

Batchmode quit successfully invoked - shutting down!
[Physics::Module] Cleanup current backend.
[Physics::Module] Id: 0xf2b8ea05
Input System module state changed to: ShutdownInProgress.
Input Polling Thread exited.
Input System module state changed to: Shutdown.
[Licensing::IpcConnector] LicenseClient-吳柏逸(BobWu)TWTAI-notifications channel disconnected successfully.
[Licensing::IpcConnector] LicenseClient-吳柏逸(BobWu)TWTAI channel disconnected successfully.
AcceleratorClientConnectionCallback - disconnected - :0
Cleanup mono
CodeReloadManager destroyed
Exiting batchmode successfully now!
Exiting without the bug reporter. Application will terminate with return code 0