[Licensing::Module] Trying to connect to existing licensing client channel...
Built from '6000.5/staging' branch; Version is '6000.5.7f1 (017862109af0) revision 96354'; Using compiler version '194234433'; Build Type 'Release'
OS: 'Windows 11  (10.0.26200) Enterprise' Language: 'zh' Physical Memory: 16205 MB
[Licensing::IpcConnector] Channel LicenseClient-吳柏逸(BobWu)TWTAI doesn't exist
BatchMode: 1, IsHumanControllingUs: 0, StartBugReporterOnCrash: 0, Is64bit: 1
System  architecture: x64
Process architecture: x64
Date: 2026-08-13T10:20:38Z
[Licensing::Module] Successfully launched the LicensingClient (PId: 9240)

COMMAND LINE ARGUMENTS:
C:\Program Files\Unity\Hub\Editor\6000.5.7f1\Editor\Unity.exe
-batchmode
-quit
-projectPath
C:\projects\Unity\AegisRTS.FrameworkLab
-executeMethod
AegisRTS.Editor.InfantryPhase03Revision01ReviewBuilder.BuildAndCapture
-logFile
C:\projects\Unity\AegisRTS.FrameworkLab\docs\ArtProduction\ReviewPackages\Infantry_Phase03_Revision01_Review\Manifests\Unity_Batchmode_Graphics.log
Successfully changed project path to: C:\projects\Unity\AegisRTS.FrameworkLab
C:/projects/Unity/AegisRTS.FrameworkLab
[UnityMemory] Configuration Parameters - Can be set up in boot.config
    "memorysetup-temp-allocator-size-gi-baking-worker=262144"
    "memorysetup-temp-allocator-size-gi-baking-worker=262144"
    "memorysetup-temp-allocator-size-gi-baking-worker=262144"
    "memorysetup-temp-allocator-size-gi-baking-worker=262144"
    "memorysetup-temp-allocator-size-gi-baking-worker=262144"
    "memorysetup-temp-allocator-size-nav-mesh-worker=65536"
    "memorysetup-temp-allocator-size-audio-worker=65536"
    "memorysetup-temp-allocator-size-cloud-worker=32768"
    "memorysetup-temp-allocator-size-gfx=262144"
    "memorysetup-temp-allocator-size-preload-manager=33554432"
    "memorysetup-allocator-temp-initial-block-size-main=262144"
    "memorysetup-allocator-temp-initial-block-size-worker=262144"
    "memorysetup-temp-allocator-size-job-worker=262144"
    "memorysetup-temp-allocator-size-background-worker=32768"
    "memorysetup-bucket-allocator-granularity=16"
    "memorysetup-bucket-allocator-bucket-count=8"
    "memorysetup-bucket-allocator-block-size=33554432"
    "memorysetup-bucket-allocator-block-count=8"
    "memorysetup-main-allocator-block-size=16777216"
    "memorysetup-thread-allocator-block-size=16777216"
    "memorysetup-main-allocator-mimalloc-enabled=0"
    "memorysetup-gfx-main-allocator-block-size=16777216"
    "memorysetup-gfx-thread-allocator-block-size=16777216"
    "memorysetup-cache-allocator-block-size=4194304"
    "memorysetup-typetree-allocator-block-size=2097152"
    "memorysetup-profiler-bucket-allocator-granularity=16"
    "memorysetup-profiler-bucket-allocator-bucket-count=8"
    "memorysetup-profiler-bucket-allocator-block-size=33554432"
    "memorysetup-profiler-bucket-allocator-block-count=8"
    "memorysetup-profiler-allocator-block-size=16777216"
    "memorysetup-profiler-editor-allocator-block-size=1048576"
    "memorysetup-temp-allocator-size-main=16777216"
    "memorysetup-job-temp-allocator-block-size=2097152"
    "memorysetup-job-temp-allocator-block-size-background=1048576"
    "memorysetup-job-temp-allocator-reduction-small-platforms=262144"
Logging is directed to a specific file, skipping project log.Player connection [23220]  Target information:

Player connection [23220]  * "[IP] 192.168.47.1 [Port] 55504 [Flags] 2 [Guid] 88582507 [EditorId] 88582507 [Version] 1048832 [Id] WindowsEditor(7,MSI) [Debug] 1 [PackageName] WindowsEditor [ProjectName] Editor" 

Player connection [23220]  * "[IP] 192.168.62.1 [Port] 55504 [Flags] 2 [Guid] 88582507 [EditorId] 88582507 [Version] 1048832 [Id] WindowsEditor(7,MSI) [Debug] 1 [PackageName] WindowsEditor [ProjectName] Editor" 

Player connection [23220]  * "[IP] 192.168.0.111 [Port] 55504 [Flags] 2 [Guid] 88582507 [EditorId] 88582507 [Version] 1048832 [Id] WindowsEditor(7,MSI) [Debug] 1 [PackageName] WindowsEditor [ProjectName] Editor" 

Player connection [23220] Host joined multi-casting on [225.0.0.222:54997]...
Player connection [23220] Host joined alternative multi-casting on [225.0.0.222:34997]...
Input System module state changed to: Initialized.
[Physics::Module] Initialized fallback backend.
[Physics::Module] Id: 0xdecafbad
[Package Manager] Connected to IPC stream "Upm-25780" after 0.6 seconds.
[Licensing::Module] Licensing is not yet initialized.
[Licensing::IpcConnector] Successfully connected to: "LicenseClient-吳柏逸(BobWu)TWTAI" at "2026-08-13T10:20:39.2763207Z"
[Licensing::Client] Code 10 while verifying Licensing Client signature (process Id: 9240, path: "C:/Program Files/Unity/Hub/Editor/6000.5.7f1/Editor/Data/Resources/Licensing/Client/Unity.Licensing.Client.exe")
[Licensing::Module] LicensingClient has failed validation; ignoring
[Licensing::Client] Handshaking with LicensingClient:
  Version:                 1.18.1+9fbee8e
  Session Id:              2ad2b00ba38f4d168b42c4a270be8960
  Correlation Id:          a05d9eae93567ed6c44244a91bcc0595
  External correlation Id: 3007188542162509898
  Machine Id:              nBUfyUgu3muw1CBiGaTx0sZdKCY=
[Licensing::Module] Successfully connected to LicensingClient on channel: "LicenseClient-吳柏逸(BobWu)TWTAI" (connect: 0.85s, validation: 0.08s, handshake: 0.08s)
[Licensing::IpcConnector] Successfully connected to: "LicenseClient-吳柏逸(BobWu)TWTAI-notifications" at "2026-08-13T10:20:39.4422371Z"
[Licensing::Module] Connected to LicensingClient (PId: 9240, launch time: 0.01, total connection time: 1.02s)
[Licensing::Module] Error: Access token is unavailable; failed to update
[Licensing::Client] Successfully resolved entitlement details
[Licensing::Module] License group:
  Id: ewogICJzdWJzR3JvdXAiIDogInVuaXR5IGVkaXRvciIsCiAgIm5hbWVzcGFjZSIgOiAidW5pdHlfZWRpdG9yIiwKICAidHlwZSIgOiAiRURJVE9SIiwKICAidGFnIiA6ICJVbml0eVBlcnNvbmFsXXXX
  Product: Unity Personal Version
  Type: Assigned
  Expiration: Unlimited
[Licensing::Client] Successfully updated license, isAsync: True, time: 0.03
[Licensing::Client] Successfully resolved entitlement details
[Licensing::Module] Licensing Background thread has ended after 1.12s
[Licensing::Module] Licensing is initialized (took 0.26s).
[Licensing::Client] Successfully resolved entitlement details
Library Redirect Path: Library/
[Physics::Module] Selected backend.
[Physics::Module] Name: PhysX
[Physics::Module] Id: 0xf2b8ea05
[Physics::Module] SDK Version: 4.1.2
[Physics::Module] Integration Version: 1.0.0
[Physics::Module] Threading Mode: Multi-Threaded
Artifact Garbage Collection - Removed 3 unused hashed content files
Initialize engine version: 6000.5.7f1 (017862109af0)
[Subsystems] Discovering subsystems at path C:/Program Files/Unity/Hub/Editor/6000.5.7f1/Editor/Data/Resources/UnitySubsystems
[Subsystems] Discovering subsystems at path C:/projects/Unity/AegisRTS.FrameworkLab/Assets
GfxDevice: creating device client; kGfxThreadingModeNonThreaded
d3d12: failed to query info queue interface (0x80004002).
Direct3D:
    Version:         Direct3D 12 [level 12.1]
    Renderer:        NVIDIA GeForce RTX 3050 Ti Laptop GPU (ID=0x25a0)
    Vendor:          NVIDIA
    VRAM:            3990 MB
    App VRAM Budget: 3391 MB
    Driver:          27.21.14.6221
Initialize mono
Mono path[0] = 'C:/Program Files/Unity/Hub/Editor/6000.5.7f1/Editor/Data/Managed'
Mono path[1] = 'C:/Program Files/Unity/Hub/Editor/6000.5.7f1/Editor/Data/BCLExtensions/runtime/netstandard2.1'
Mono path[2] = 'C:/Program Files/Unity/Hub/Editor/6000.5.7f1/Editor/Data/MonoBleedingEdge/lib/mono/unityjit-win32'
Mono config path = 'C:/Program Files/Unity/Hub/Editor/6000.5.7f1/Editor/Data/MonoBleedingEdge/etc'
Using monoOptions --debugger-agent=transport=dt_socket,embedding=1,server=y,suspend=n,address=127.0.0.1:56780
CodeReloadManager initialized
ImportWorker Server TCP listen port: 0
AcceleratorClientConnectionCallback - disconnected - :0
Begin MonoManager ReloadAssembly
Registering precompiled unity dll's ...
Register platform support module: C:/Program Files/Unity/Hub/Editor/6000.5.7f1/Editor/Data/PlaybackEngines/WebGLSupport/UnityEditor.WebGL.Extensions.dll
Register platform support module: C:/Program Files/Unity/Hub/Editor/6000.5.7f1/Editor/Data/PlaybackEngines/WindowsStandaloneSupport/UnityEditor.WindowsStandalone.Extensions.dll
Registered in 0.004391 seconds.
Native extension for WindowsStandalone target not found
Native extension for WebGL target not found
Package Manager log level set to [2]
ScheduleIndexationOnStartup MainProcess:False IndexOnStartup:True
Mono: successfully reloaded assembly
- Finished resetting the current domain, in  0.705 seconds
Domain Reload Profiling: 1571ms
	BeginReloadAssembly (219ms)
		CreateAndSetChildDomain (10ms)
	RebuildCommonClasses (7ms)
	RebuildNativeTypeToScriptingClass (27ms)
	initialDomainReloadingComplete (118ms)
	LoadAllAssembliesAndSetupDomain (489ms)
		LoadAssemblies (202ms)
		AnalyzeDomain (363ms)
			TypeCache.Refresh (360ms)
				TypeCache.ScanAssembly (333ms)
	FinalizeReload (711ms)
		SetupLoadedEditorAssemblies (0ms)
			InitializePlatformSupportModulesInManaged (4ms)
			BeforeProcessingInitializeOnLoad (140ms)
			ProcessInitializeOnLoadAttributes (159ms)
			ProcessInitializeOnLoadMethodAttributes (275ms)
[Licensing::Client] Successfully resolved entitlement details
Application.AssetDatabase Initial Refresh Start
[Package Manager] Restoring resolved packages state from cache
[Licensing::Client] Successfully resolved entitlement details
[Package Manager] Registered 59 packages:
  Packages from [https://packages.unity.com]:
    com.unity.ai.navigation@2.0.14 (location: C:\projects\Unity\AegisRTS.FrameworkLab\Library\PackageCache\com.unity.ai.navigation@134dd6a3b97b)
    com.unity.cloud.gltfast@6.19.0 (location: C:\projects\Unity\AegisRTS.FrameworkLab\Library\PackageCache\com.unity.cloud.gltfast@92828f845157)
    com.unity.collab-proxy@2.13.5 (location: C:\projects\Unity\AegisRTS.FrameworkLab\Library\PackageCache\com.unity.collab-proxy@120d77864ebc)
    com.unity.ide.rider@3.0.38 (location: C:\projects\Unity\AegisRTS.FrameworkLab\Library\PackageCache\com.unity.ide.rider@1f60b3138684)
    com.unity.ide.visualstudio@2.0.26 (location: C:\projects\Unity\AegisRTS.FrameworkLab\Library\PackageCache\com.unity.ide.visualstudio@a99d56dec63f)
    com.unity.inputsystem@1.20.0 (location: C:\projects\Unity\AegisRTS.FrameworkLab\Library\PackageCache\com.unity.inputsystem@7a4e1a2a8194)
    com.unity.timeline@1.8.12 (location: C:\projects\Unity\AegisRTS.FrameworkLab\Library\PackageCache\com.unity.timeline@8cd8509afae5)
    com.unity.visualscripting@1.9.12 (location: C:\projects\Unity\AegisRTS.FrameworkLab\Library\PackageCache\com.unity.visualscripting@4edfcc09512f)
    com.unity.burst@1.8.30 (location: C:\projects\Unity\AegisRTS.FrameworkLab\Library\PackageCache\com.unity.burst@2f3d916873ea)
    com.unity.searcher@4.9.4 (location: C:\projects\Unity\AegisRTS.FrameworkLab\Library\PackageCache\com.unity.searcher@d45a78918735)
    com.unity.nuget.mono-cecil@1.11.6 (location: C:\projects\Unity\AegisRTS.FrameworkLab\Library\PackageCache\com.unity.nuget.mono-cecil@ecb9724e46ff)
    com.unity.test-framework.performance@3.5.0 (location: C:\projects\Unity\AegisRTS.FrameworkLab\Library\PackageCache\com.unity.test-framework.performance@8b56083ec0f0)
  Built-in packages:
    com.unity.multiplayer.center@1.0.1 (location: C:\projects\Unity\AegisRTS.FrameworkLab\Library\PackageCache\com.unity.multiplayer.center@b860850997d0)
    com.unity.render-pipelines.universal@17.5.0 (location: C:\projects\Unity\AegisRTS.FrameworkLab\Library\PackageCache\com.unity.render-pipelines.universal@73b4c4ff130e)
    com.unity.test-framework@1.7.0 (location: C:\projects\Unity\AegisRTS.FrameworkLab\Library\PackageCache\com.unity.test-framework@1405238725ab)
    com.unity.ugui@2.5.0 (location: C:\projects\Unity\AegisRTS.FrameworkLab\Library\PackageCache\com.unity.ugui@67707a67a4ab)
    com.unity.modules.accessibility@1.0.0 (location: C:\projects\Unity\AegisRTS.FrameworkLab\Library\PackageCache\com.unity.modules.accessibility)
    com.unity.modules.adaptiveperformance@1.0.0 (location: C:\projects\Unity\AegisRTS.FrameworkLab\Library\PackageCache\com.unity.modules.adaptiveperformance)
    com.unity.modules.ai@1.0.0 (location: C:\projects\Unity\AegisRTS.FrameworkLab\Library\PackageCache\com.unity.modules.ai)
    com.unity.modules.androidjni@1.0.0 (location: C:\projects\Unity\AegisRTS.FrameworkLab\Library\PackageCache\com.unity.modules.androidjni)
    com.unity.modules.animation@1.0.0 (location: C:\projects\Unity\AegisRTS.FrameworkLab\Library\PackageCache\com.unity.modules.animation)
    com.unity.modules.assetbundle@1.0.0 (location: C:\projects\Unity\AegisRTS.FrameworkLab\Library\PackageCache\com.unity.modules.assetbundle)
    com.unity.modules.audio@1.0.0 (location: C:\projects\Unity\AegisRTS.FrameworkLab\Library\PackageCache\com.unity.modules.audio)
    com.unity.modules.cloth@1.0.0 (location: C:\projects\Unity\AegisRTS.FrameworkLab\Library\PackageCache\com.unity.modules.cloth)
    com.unity.modules.director@1.0.0 (location: C:\projects\Unity\AegisRTS.FrameworkLab\Library\PackageCache\com.unity.modules.director)
    com.unity.modules.imageconversion@1.0.0 (location: C:\projects\Unity\AegisRTS.FrameworkLab\Library\PackageCache\com.unity.modules.imageconversion)
    com.unity.modules.imgui@1.0.0 (location: C:\projects\Unity\AegisRTS.FrameworkLab\Library\PackageCache\com.unity.modules.imgui)
    com.unity.modules.jsonserialize@1.0.0 (location: C:\projects\Unity\AegisRTS.FrameworkLab\Library\PackageCache\com.unity.modules.jsonserialize)
    com.unity.modules.particlesystem@1.0.0 (location: C:\projects\Unity\AegisRTS.FrameworkLab\Library\PackageCache\com.unity.modules.particlesystem)
    com.unity.modules.physics@1.0.0 (location: C:\projects\Unity\AegisRTS.FrameworkLab\Library\PackageCache\com.unity.modules.physics)
    com.unity.modules.physics2d@1.0.0 (location: C:\projects\Unity\AegisRTS.FrameworkLab\Library\PackageCache\com.unity.modules.physics2d)
    com.unity.modules.physicscore2d@1.0.0 (location: C:\projects\Unity\AegisRTS.FrameworkLab\Library\PackageCache\com.unity.modules.physicscore2d)
    com.unity.modules.screencapture@1.0.0 (location: C:\projects\Unity\AegisRTS.FrameworkLab\Library\PackageCache\com.unity.modules.screencapture)
    com.unity.modules.terrain@1.0.0 (location: C:\projects\Unity\AegisRTS.FrameworkLab\Library\PackageCache\com.unity.modules.terrain)
    com.unity.modules.terrainphysics@1.0.0 (location: C:\projects\Unity\AegisRTS.FrameworkLab\Library\PackageCache\com.unity.modules.terrainphysics)
    com.unity.modules.tilemap@1.0.0 (location: C:\projects\Unity\AegisRTS.FrameworkLab\Library\PackageCache\com.unity.modules.tilemap)
    com.unity.modules.ui@1.0.0 (location: C:\projects\Unity\AegisRTS.FrameworkLab\Library\PackageCache\com.unity.modules.ui)
    com.unity.modules.uielements@1.0.0 (location: C:\projects\Unity\AegisRTS.FrameworkLab\Library\PackageCache\com.unity.modules.uielements)
    com.unity.modules.umbra@1.0.0 (location: C:\projects\Unity\AegisRTS.FrameworkLab\Library\PackageCache\com.unity.modules.umbra)
    com.unity.modules.unityanalytics@1.0.0 (location: C:\projects\Unity\AegisRTS.FrameworkLab\Library\PackageCache\com.unity.modules.unityanalytics)
    com.unity.modules.unitywebrequest@1.0.0 (location: C:\projects\Unity\AegisRTS.FrameworkLab\Library\PackageCache\com.unity.modules.unitywebrequest)
    com.unity.modules.unitywebrequestassetbundle@1.0.0 (location: C:\projects\Unity\AegisRTS.FrameworkLab\Library\PackageCache\com.unity.modules.unitywebrequestassetbundle)
    com.unity.modules.unitywebrequestaudio@1.0.0 (location: C:\projects\Unity\AegisRTS.FrameworkLab\Library\PackageCache\com.unity.modules.unitywebrequestaudio)
    com.unity.modules.unitywebrequesttexture@1.0.0 (location: C:\projects\Unity\AegisRTS.FrameworkLab\Library\PackageCache\com.unity.modules.unitywebrequesttexture)
    com.unity.modules.unitywebrequestwww@1.0.0 (location: C:\projects\Unity\AegisRTS.FrameworkLab\Library\PackageCache\com.unity.modules.unitywebrequestwww)
    com.unity.modules.vectorgraphics@1.0.0 (location: C:\projects\Unity\AegisRTS.FrameworkLab\Library\PackageCache\com.unity.modules.vectorgraphics)
    com.unity.modules.vehicles@1.0.0 (location: C:\projects\Unity\AegisRTS.FrameworkLab\Library\PackageCache\com.unity.modules.vehicles)
    com.unity.modules.video@1.0.0 (location: C:\projects\Unity\AegisRTS.FrameworkLab\Library\PackageCache\com.unity.modules.video)
    com.unity.modules.wind@1.0.0 (location: C:\projects\Unity\AegisRTS.FrameworkLab\Library\PackageCache\com.unity.modules.wind)
    com.unity.modules.xr@1.0.0 (location: C:\projects\Unity\AegisRTS.FrameworkLab\Library\PackageCache\com.unity.modules.xr)
    com.unity.modules.subsystems@1.0.0 (location: C:\projects\Unity\AegisRTS.FrameworkLab\Library\PackageCache\com.unity.modules.subsystems)
    com.unity.modules.hierarchycore@1.0.0 (location: C:\projects\Unity\AegisRTS.FrameworkLab\Library\PackageCache\com.unity.modules.hierarchycore)
    com.unity.ext.nunit@2.1.0 (location: C:\projects\Unity\AegisRTS.FrameworkLab\Library\PackageCache\com.unity.ext.nunit@44f7d31723bd)
    com.unity.render-pipelines.core@17.5.0 (location: C:\projects\Unity\AegisRTS.FrameworkLab\Library\PackageCache\com.unity.render-pipelines.core@645717f21c5f)
    com.unity.shadergraph@17.5.0 (location: C:\projects\Unity\AegisRTS.FrameworkLab\Library\PackageCache\com.unity.shadergraph@8d7376ec43ee)
    com.unity.render-pipelines.universal-config@17.5.0 (location: C:\projects\Unity\AegisRTS.FrameworkLab\Library\PackageCache\com.unity.render-pipelines.universal-config@fdda01c80fe3)
    com.unity.collections@6.5.0 (location: C:\projects\Unity\AegisRTS.FrameworkLab\Library\PackageCache\com.unity.collections@ec2c217e4cb2)
    com.unity.mathematics@1.4.0 (location: C:\projects\Unity\AegisRTS.FrameworkLab\Library\PackageCache\com.unity.mathematics@981956d94fb6)
  Embedded packages:
    com.boyi.aegis-rts@file:C:\projects\Unity\AegisRTS.FrameworkLab\Packages\com.boyi.aegis-rts (location: C:\projects\Unity\AegisRTS.FrameworkLab\Packages\com.boyi.aegis-rts)
[Subsystems] No new subsystems found in resolved package list.
[Package Manager] Done registering packages in 0.04 seconds
[ScriptCompilation] Requested script compilation because: AssetDatabase observed changes in script compilation related files
Starting: C:\Program Files\Unity\Hub\Editor\6000.5.7f1\Editor\Data\Tools\BuildPipeline\bee_backend.exe --ipc --defer-dag-verification --dagfile="Library/Bee/1900b0aE.dag" --continue-on-failure --profile="Library/Bee/backend1.traceevents" ScriptAssemblies
WorkingDir: C:/projects/Unity/AegisRTS.FrameworkLab
DisplayProgressbar: Compiling Scripts
ExitCode: 0 Duration: 2s843ms
[ 849/1097  0s] ILPP-Configuration Library/ilpp-configuration.nevergeneratedoutput
[1093/1097  2s] Csc Library/Bee/artifacts/1900b0aE.dag/AegisRTS.Editor.dll (+2 others)
[1094/1097  0s] ILPostProcess Library/Bee/artifacts/1900b0aE.dag/post-processed/AegisRTS.Editor.dll (+pdb)
Processing assembly Library/Bee/artifacts/1900b0aE.dag/AegisRTS.Editor.dll, with 140 defines and 306 references

processors: Unity.Jobs.CodeGen.JobsILPostProcessor, zzzUnity.Burst.CodeGen.BurstILPostProcessor

running Unity.Jobs.CodeGen.JobsILPostProcessor

running zzzUnity.Burst.CodeGen.BurstILPostProcessor
[1095/1097  0s] CopyFiles Library/ScriptAssemblies/AegisRTS.Editor.pdb
[1096/1097  0s] CopyFiles Library/ScriptAssemblies/AegisRTS.Editor.dll
*** Tundra build success (2.78 seconds), 5 items updated, 1097 evaluated
AssetDatabase: script compilation time: 3.595868s
Begin MonoManager ReloadAssembly
Refreshing native plugins compatible for Editor in 3.72 ms, found 4 plugins.
Native extension for WindowsStandalone target not found
Native extension for WebGL target not found
Refreshing native plugins compatible for Editor in 2.96 ms, found 4 plugins.
ScheduleIndexationOnStartup MainProcess:True IndexOnStartup:True
Mono: successfully reloaded assembly
- Finished resetting the current domain, in  5.474 seconds
Domain Reload Profiling: 7323ms
	BeginReloadAssembly (557ms)
		DisableScriptedObjects (71ms)
		CreateAndSetChildDomain (196ms)
	RebuildCommonClasses (14ms)
	RebuildNativeTypeToScriptingClass (29ms)
	initialDomainReloadingComplete (116ms)
	LoadAllAssembliesAndSetupDomain (1133ms)
		LoadAssemblies (647ms)
		AnalyzeDomain (443ms)
			TypeCache.Refresh (315ms)
				TypeCache.ScanAssembly (287ms)
			BuildScriptInfoCaches (111ms)
			ResolveRequiredComponents (12ms)
	FinalizeReload (5475ms)
		SetupLoadedEditorAssemblies (0ms)
			BeforeProcessingInitializeOnLoad (185ms)
			ProcessInitializeOnLoadAttributes (4082ms)
			ProcessInitializeOnLoadMethodAttributes (379ms)
			AfterProcessingInitializeOnLoad (14ms)
		AwakeInstancesAfterBackupRestoration (232ms)
Importing 'GUID: 1142bbad8b9e8c44c83a9775ff120d37 - Path: Packages/com.unity.render-pipelines.core/Tests/Editor/UnifiedRayTracing/TraceRays.urtshader' with importer (ScriptedImporter : Unity.Rendering.LightTransport.Editor:UnityEditor.Rendering.UnifiedRayTracing:UnifiedRTShaderImporter)
Launched and connected shader compiler UnityShaderCompiler.exe after 0.05 seconds

Compiling Ray Tracing Shader "TraceRays.urtshader", keywords = <no keywords>
    finished in 0.01 seconds. Local cache hits 1, remote cache hits 0, compiled 0 platform variants
Imported 'GUID: 1142bbad8b9e8c44c83a9775ff120d37' -> (Import Result ID: '6d262c1857fe6e3a3c65e156ea6f694c') in 0.148 seconds [static and dynamic dependencies]. Details - ImportResultOutputID=c58909d2322aecc6d3fd27d248db8548 DependenciesID=419b543a158cfbf5923a6dc2d6e6e4c3 StaticDependenciesID=b590610e5fcd8a708a4f2de850e8beb3 
Importing 'GUID: d19f4f8a13b6edb48b986a47ec96402e - Path: Packages/com.unity.render-pipelines.core/Runtime/PathTracing/Shaders/LightmapShadowMaskIntegration.urtshader' with importer (ScriptedImporter : Unity.Rendering.LightTransport.Editor:UnityEditor.Rendering.UnifiedRayTracing:UnifiedRTShaderImporter)

Compiling Ray Tracing Shader "LightmapShadowMaskIntegration.urtshader", keywords = <no keywords>
    finished in 0.00 seconds. Local cache hits 1, remote cache hits 0, compiled 0 platform variants
Imported 'GUID: d19f4f8a13b6edb48b986a47ec96402e' -> (Import Result ID: 'e18fd17c363e2f13e2bde028dd17c5dd') in 0.071 seconds [static and dynamic dependencies]. Details - ImportResultOutputID=91839dffe84122f474848dca634c7389 DependenciesID=54a0ed4107aacc51d54ca8f52eb0073e StaticDependenciesID=49e323bdcc1546638b13bdfb4cfc68f8 
Importing 'GUID: 737a1597422c12547a8714d76a9406ec - Path: Packages/com.unity.render-pipelines.core/Runtime/PathTracing/Shaders/LightmapGBufferDebug.urtshader' with importer (ScriptedImporter : Unity.Rendering.LightTransport.Editor:UnityEditor.Rendering.UnifiedRayTracing:UnifiedRTShaderImporter)

Compiling Ray Tracing Shader "LightmapGBufferDebug.urtshader", keywords = <no keywords>
    finished in 0.00 seconds. Local cache hits 1, remote cache hits 0, compiled 0 platform variants
Imported 'GUID: 737a1597422c12547a8714d76a9406ec' -> (Import Result ID: '9bd784625d9fa611da9bf1188457afd3') in 0.034 seconds [static and dynamic dependencies]. Details - ImportResultOutputID=b43c1b97a43ed0b7a8857db2f4b7f6bf DependenciesID=935328b6789b5b08d314166792968ac2 StaticDependenciesID=3f20227e84078b6c645405c46cb8ba27 
Importing 'GUID: f32463968f29423cad25aee15a14b9f1 - Path: Packages/com.unity.render-pipelines.core/Runtime/Lighting/SurfaceCache/PunctualLightSampling.urtshader' with importer (ScriptedImporter : Unity.Rendering.LightTransport.Editor:UnityEditor.Rendering.UnifiedRayTracing:UnifiedRTShaderImporter)

Compiling Ray Tracing Shader "PunctualLightSampling.urtshader", keywords = <no keywords>
    finished in 0.00 seconds. Local cache hits 1, remote cache hits 0, compiled 0 platform variants
Imported 'GUID: f32463968f29423cad25aee15a14b9f1' -> (Import Result ID: '41796599617c1511084fa05932deb201') in 0.037 seconds [static and dynamic dependencies]. Details - ImportResultOutputID=643828bc328644da2c4d91bd3fad835c DependenciesID=24d700263fdc71ac1112b1173c8715dc StaticDependenciesID=4f869afac6e91401aa4f6406345ebaa4 
Importing 'GUID: 1451d029813b192429211be28181beab - Path: Packages/com.unity.render-pipelines.core/Runtime/PathTracing/Shaders/LightmapNormalIntegration.urtshader' with importer (ScriptedImporter : Unity.Rendering.LightTransport.Editor:UnityEditor.Rendering.UnifiedRayTracing:UnifiedRTShaderImporter)

Compiling Ray Tracing Shader "LightmapNormalIntegration.urtshader", keywords = <no keywords>
    finished in 0.00 seconds. Local cache hits 1, remote cache hits 0, compiled 0 platform variants
Imported 'GUID: 1451d029813b192429211be28181beab' -> (Import Result ID: '998c2c48eb02bb9158bd14e74d97fbc7') in 0.115 seconds [static and dynamic dependencies]. Details - ImportResultOutputID=5ec2949dbec75e057090cfee5077c931 DependenciesID=80b45b009494047b0505a8e81c92d4b9 StaticDependenciesID=626f7de18fff1a2955b8662085b4dbf4 
Importing 'GUID: 94a070d33e408384bafc1dea4a565df9 - Path: Packages/com.unity.render-pipelines.core/Editor/Lighting/ProbeVolume/RenderingLayerMask/TraceRenderingLayerMask.urtshader' with importer (ScriptedImporter : Unity.Rendering.LightTransport.Editor:UnityEditor.Rendering.UnifiedRayTracing:UnifiedRTShaderImporter)

Compiling Ray Tracing Shader "TraceRenderingLayerMask.urtshader", keywords = <no keywords>
    finished in 0.00 seconds. Local cache hits 1, remote cache hits 0, compiled 0 platform variants
Imported 'GUID: 94a070d33e408384bafc1dea4a565df9' -> (Import Result ID: '1c2d59af5887c283642048da80f95779') in 0.029 seconds [static and dynamic dependencies]. Details - ImportResultOutputID=6eddd7a0e0244cc86ce371c0eceefbe9 DependenciesID=57e214d73501c1cb577c0f3172e07339 StaticDependenciesID=1fb66491edd8b32229e5d2cbc061e2c6 
Importing 'GUID: 94a39d12848d8d64ca962a72b74e7c50 - Path: Packages/com.unity.render-pipelines.core/Runtime/Lighting/SurfaceCache/Estimation.urtshader' with importer (ScriptedImporter : Unity.Rendering.LightTransport.Editor:UnityEditor.Rendering.UnifiedRayTracing:UnifiedRTShaderImporter)

Compiling Ray Tracing Shader "Estimation.urtshader", keywords = <no keywords>
    finished in 0.00 seconds. Local cache hits 1, remote cache hits 0, compiled 0 platform variants
Imported 'GUID: 94a39d12848d8d64ca962a72b74e7c50' -> (Import Result ID: '06f5e57a2b0e80568966135057d77ef3') in 0.028 seconds [static and dynamic dependencies]. Details - ImportResultOutputID=b8a59235e70973d1d42af4f76d2fbbcf DependenciesID=fb9f47fe1dcfad229859b716150364be StaticDependenciesID=8d6e14e20b029a55e979a2936b1a7ca7 
Importing 'GUID: 6513c3b892e933c4f8d00c19d5c47532 - Path: Packages/com.unity.render-pipelines.core/Tests/Editor/UnifiedRayTracing/TraceTransparentRays.urtshader' with importer (ScriptedImporter : Unity.Rendering.LightTransport.Editor:UnityEditor.Rendering.UnifiedRayTracing:UnifiedRTShaderImporter)

Compiling Ray Tracing Shader "TraceTransparentRays.urtshader", keywords = <no keywords>
    finished in 0.00 seconds. Local cache hits 1, remote cache hits 0, compiled 0 platform variants
Imported 'GUID: 6513c3b892e933c4f8d00c19d5c47532' -> (Import Result ID: 'f695f6c7dcc397cf1025ba082785ea6c') in 0.017 seconds [static and dynamic dependencies]. Details - ImportResultOutputID=5063fcd4913fb6e33e983eac1749e2b7 DependenciesID=d7e8e6627bbc5527f8cbaea9d5b73ba9 StaticDependenciesID=1d53447eb896b42061753339acb6425c 
Importing 'GUID: 7624adbeb148b5c48ab5ab660cc2602a - Path: Packages/com.unity.render-pipelines.core/Runtime/PathTracing/Shaders/LightmapIndirectIntegration.urtshader' with importer (ScriptedImporter : Unity.Rendering.LightTransport.Editor:UnityEditor.Rendering.UnifiedRayTracing:UnifiedRTShaderImporter)

Compiling Ray Tracing Shader "LightmapIndirectIntegration.urtshader", keywords = <no keywords>
    finished in 0.00 seconds. Local cache hits 1, remote cache hits 0, compiled 0 platform variants
Imported 'GUID: 7624adbeb148b5c48ab5ab660cc2602a' -> (Import Result ID: '97631b0c53de51310e91754ecfeb0fe9') in 0.036 seconds [static and dynamic dependencies]. Details - ImportResultOutputID=c6c3285be54a0d8443a40bf62a2d0d1b DependenciesID=0d26f244ff5388d0d993fc9a566dcef8 StaticDependenciesID=dfa7396d5ca1cf2ef064ee30a15c28cb 
Importing 'GUID: e9f4de6d1e07fb94f9a60d35b618f724 - Path: Packages/com.unity.render-pipelines.core/Runtime/PathTracing/Shaders/LightmapGBufferIntegration.urtshader' with importer (ScriptedImporter : Unity.Rendering.LightTransport.Editor:UnityEditor.Rendering.UnifiedRayTracing:UnifiedRTShaderImporter)

Compiling Ray Tracing Shader "LightmapGBufferIntegration.urtshader", keywords = <no keywords>
    finished in 0.00 seconds. Local cache hits 1, remote cache hits 0, compiled 0 platform variants
Imported 'GUID: e9f4de6d1e07fb94f9a60d35b618f724' -> (Import Result ID: 'f1bd25d46e86240eda9a2b29ab69cc92') in 0.021 seconds [static and dynamic dependencies]. Details - ImportResultOutputID=48b210df0b08077cefae766cae973c0d DependenciesID=1a48ae1566eb53f78cf67718c74723f1 StaticDependenciesID=c1c19c6613f9208e5bdf4763e0c6f025 
Importing 'GUID: 5a2a534753fbdb44e96c3c78b5a6999d - Path: Packages/com.unity.render-pipelines.core/Editor/Lighting/ProbeVolume/DynamicGI/DynamicGISkyOcclusion.urtshader' with importer (ScriptedImporter : Unity.Rendering.LightTransport.Editor:UnityEditor.Rendering.UnifiedRayTracing:UnifiedRTShaderImporter)

Compiling Ray Tracing Shader "DynamicGISkyOcclusion.urtshader", keywords = <no keywords>
    finished in 0.00 seconds. Local cache hits 1, remote cache hits 0, compiled 0 platform variants
Imported 'GUID: 5a2a534753fbdb44e96c3c78b5a6999d' -> (Import Result ID: '9e5e8d1d208faf5743200ca1b406fd0d') in 0.020 seconds [static and dynamic dependencies]. Details - ImportResultOutputID=1fb8875f1c0571e2c0780816229285ca DependenciesID=880bf898a43bb46bd18d781550c14274 StaticDependenciesID=9a3cb12acb0dec6d8b8b546f6957ac54 
Importing 'GUID: 5bbebdef5916845478fcef13fa10d89f - Path: Packages/com.unity.render-pipelines.core/Runtime/PathTracing/Shaders/LightmapDirectIntegration.urtshader' with importer (ScriptedImporter : Unity.Rendering.LightTransport.Editor:UnityEditor.Rendering.UnifiedRayTracing:UnifiedRTShaderImporter)

Compiling Ray Tracing Shader "LightmapDirectIntegration.urtshader", keywords = <no keywords>
    finished in 0.00 seconds. Local cache hits 1, remote cache hits 0, compiled 0 platform variants
Imported 'GUID: 5bbebdef5916845478fcef13fa10d89f' -> (Import Result ID: '85a296105a1638239906a3517fbd9839') in 0.029 seconds [static and dynamic dependencies]. Details - ImportResultOutputID=6b6d51fdf9e7e54ea3e63b7c6339465e DependenciesID=73d1587cc7242ca3400cfaf4122ab3f1 StaticDependenciesID=ab8dfb6112dd9c39408de08a801f1c40 
Importing 'GUID: fbc59f55df2416344b008dc23753cae2 - Path: Packages/com.unity.render-pipelines.core/Tests/Editor/UnifiedRayTracing/TraceRaysAndFetchAttributes.urtshader' with importer (ScriptedImporter : Unity.Rendering.LightTransport.Editor:UnityEditor.Rendering.UnifiedRayTracing:UnifiedRTShaderImporter)

Compiling Ray Tracing Shader "TraceRaysAndFetchAttributes.urtshader", keywords = <no keywords>
    finished in 0.00 seconds. Local cache hits 1, remote cache hits 0, compiled 0 platform variants
Imported 'GUID: fbc59f55df2416344b008dc23753cae2' -> (Import Result ID: 'bbe41741af4b53e8df2094cf260fa588') in 0.017 seconds [static and dynamic dependencies]. Details - ImportResultOutputID=2ff13821d4009d8ce6893c976adfd007 DependenciesID=5e87bbcfe35213f76cbc6eb15b3d6822 StaticDependenciesID=bb4038394feca1bf80603c9ecafaf941 
Importing 'GUID: 1c410815c01ce1d4d82c645c0cd45747 - Path: Packages/com.unity.render-pipelines.core/Runtime/PathTracing/Shaders/LightmapAOIntegration.urtshader' with importer (ScriptedImporter : Unity.Rendering.LightTransport.Editor:UnityEditor.Rendering.UnifiedRayTracing:UnifiedRTShaderImporter)

Compiling Ray Tracing Shader "LightmapAOIntegration.urtshader", keywords = <no keywords>
    finished in 0.00 seconds. Local cache hits 1, remote cache hits 0, compiled 0 platform variants
Imported 'GUID: 1c410815c01ce1d4d82c645c0cd45747' -> (Import Result ID: '770ed705919334b412638d29f18cb018') in 0.037 seconds [static and dynamic dependencies]. Details - ImportResultOutputID=0b5ea4792acbd0c37bfd389e8c199852 DependenciesID=66dac1ea4a3f35a8348b4862ca7f6fb7 StaticDependenciesID=2a6f0b41367922b80676f60713a1f940 
Importing 'GUID: 2c32233d92a2d0745930664c087c5c9a - Path: Packages/com.unity.render-pipelines.core/Runtime/PathTracing/Shaders/ProbeIntegrationValidity.urtshader' with importer (ScriptedImporter : Unity.Rendering.LightTransport.Editor:UnityEditor.Rendering.UnifiedRayTracing:UnifiedRTShaderImporter)

Compiling Ray Tracing Shader "ProbeIntegrationValidity.urtshader", keywords = <no keywords>
    finished in 0.00 seconds. Local cache hits 1, remote cache hits 0, compiled 0 platform variants
Imported 'GUID: 2c32233d92a2d0745930664c087c5c9a' -> (Import Result ID: '4002d7f43d973a2586c4bbc613fa7bd6') in 0.043 seconds [static and dynamic dependencies]. Details - ImportResultOutputID=7ebe089d0ffcd4be9252d34d1968a5e4 DependenciesID=e05e09d8d29f17ffe39130540fa50938 StaticDependenciesID=716f4e45d1a45953f3ce73d3fbf3ee8f 
Importing 'GUID: ace95ac84e213794891b4bd7c9b3c158 - Path: Packages/com.unity.render-pipelines.core/Runtime/PathTracing/Shaders/LightmapValidityIntegration.urtshader' with importer (ScriptedImporter : Unity.Rendering.LightTransport.Editor:UnityEditor.Rendering.UnifiedRayTracing:UnifiedRTShaderImporter)

Compiling Ray Tracing Shader "LightmapValidityIntegration.urtshader", keywords = <no keywords>
    finished in 0.01 seconds. Local cache hits 1, remote cache hits 0, compiled 0 platform variants
Imported 'GUID: ace95ac84e213794891b4bd7c9b3c158' -> (Import Result ID: '964288fdbe616421047193169ba3dd06') in 0.068 seconds [static and dynamic dependencies]. Details - ImportResultOutputID=9a99d1064b652867682ed6c59e0776bf DependenciesID=00442f6bbbaacc8dc36ce38949655df2 StaticDependenciesID=aa8b51d51372d9acaf9acfb058c3fae3 
Importing 'GUID: 5ecdabd800f05984696f22ba95284516 - Path: Packages/com.unity.render-pipelines.core/Runtime/PathTracing/Shaders/ProbeIntegrationIndirect.urtshader' with importer (ScriptedImporter : Unity.Rendering.LightTransport.Editor:UnityEditor.Rendering.UnifiedRayTracing:UnifiedRTShaderImporter)

Compiling Ray Tracing Shader "ProbeIntegrationIndirect.urtshader", keywords = <no keywords>
    finished in 0.00 seconds. Local cache hits 1, remote cache hits 0, compiled 0 platform variants
Imported 'GUID: 5ecdabd800f05984696f22ba95284516' -> (Import Result ID: '74b6426dbda48374ddc6130ae1a021b9') in 0.058 seconds [static and dynamic dependencies]. Details - ImportResultOutputID=10fea30c0b44ef6b3386df86257a0f19 DependenciesID=42235290526ad17110fe651e964a4e36 StaticDependenciesID=2385462edeeea1f1fc9193c7edbfff8e 
Importing 'GUID: 6e0b547bab30a804c8123974120d583f - Path: Packages/com.unity.render-pipelines.core/Tests/Runtime/PathTracing/PathIteratorTest.urtshader' with importer (ScriptedImporter : Unity.Rendering.LightTransport.Editor:UnityEditor.Rendering.UnifiedRayTracing:UnifiedRTShaderImporter)

Compiling Ray Tracing Shader "PathIteratorTest.urtshader", keywords = <no keywords>
    finished in 0.00 seconds. Local cache hits 1, remote cache hits 0, compiled 0 platform variants
Imported 'GUID: 6e0b547bab30a804c8123974120d583f' -> (Import Result ID: '9387f48dca5c3486f6d4e6c37aa0d58b') in 0.034 seconds [static and dynamic dependencies]. Details - ImportResultOutputID=ffead2321e6d3a44731664783b82b74b DependenciesID=16c904f8ea1b18ac2c5d70b93b4e24bf StaticDependenciesID=d71187151fc008df7658be7f7d10f903 
Importing 'GUID: de3013e16d99f2746ab1735ec06a660b - Path: Packages/com.unity.render-pipelines.core/Runtime/PathTracing/Shaders/ProbeIntegrationOcclusion.urtshader' with importer (ScriptedImporter : Unity.Rendering.LightTransport.Editor:UnityEditor.Rendering.UnifiedRayTracing:UnifiedRTShaderImporter)

Compiling Ray Tracing Shader "ProbeIntegrationOcclusion.urtshader", keywords = <no keywords>
    finished in 0.00 seconds. Local cache hits 1, remote cache hits 0, compiled 0 platform variants
Imported 'GUID: de3013e16d99f2746ab1735ec06a660b' -> (Import Result ID: '40320f8492f4f0239cd14140da3a5e6c') in 0.026 seconds [static and dynamic dependencies]. Details - ImportResultOutputID=5069af5c5ba5b24094fe56a0b9b30d4c DependenciesID=55f203783dd077cf9e621f226f107f00 StaticDependenciesID=208d47b8903d77848e11a18b72e01619 
Importing 'GUID: 1f9bfe60b4ad75943a5281839c1a4e5c - Path: Packages/com.unity.render-pipelines.core/Runtime/PathTracing/Shaders/ProbeIntegrationDirect.urtshader' with importer (ScriptedImporter : Unity.Rendering.LightTransport.Editor:UnityEditor.Rendering.UnifiedRayTracing:UnifiedRTShaderImporter)

Compiling Ray Tracing Shader "ProbeIntegrationDirect.urtshader", keywords = <no keywords>
    finished in 0.00 seconds. Local cache hits 1, remote cache hits 0, compiled 0 platform variants
Imported 'GUID: 1f9bfe60b4ad75943a5281839c1a4e5c' -> (Import Result ID: '1ea7b77cb42c1251854b8773a38e16a4') in 0.029 seconds [static and dynamic dependencies]. Details - ImportResultOutputID=4fbd4217c4c2720aab831197e9b3e14a DependenciesID=d73c0ea33abec00d2bece292e1ca67c9 StaticDependenciesID=11eb62a12594dcb52ff4b378a213954b 
Importing 'GUID: ff2cbab5da58bf04d82c5f34037ed123 - Path: Packages/com.unity.render-pipelines.core/Editor/Lighting/ProbeVolume/VirtualOffset/TraceVirtualOffset.urtshader' with importer (ScriptedImporter : Unity.Rendering.LightTransport.Editor:UnityEditor.Rendering.UnifiedRayTracing:UnifiedRTShaderImporter)

Compiling Ray Tracing Shader "TraceVirtualOffset.urtshader", keywords = <no keywords>
    finished in 0.00 seconds. Local cache hits 1, remote cache hits 0, compiled 0 platform variants
Imported 'GUID: ff2cbab5da58bf04d82c5f34037ed123' -> (Import Result ID: 'ade47a7b8649a330e04ff8f07a2249a8') in 0.026 seconds [static and dynamic dependencies]. Details - ImportResultOutputID=6689179ce6f027668135ceed2a1c40d3 DependenciesID=1b395bed2c8c653e391f3baae7c12bfc StaticDependenciesID=01d1bb4a8db62c88e4fe35fdba25fa75 
Starting new worker id: 0 with log in C:/projects/Unity/AegisRTS.FrameworkLab/Logs/AssetImportWorkerHW0.log
Refreshing native plugins compatible for Editor in 12.58 ms, found 4 plugins.

Asset Pipeline Refresh (id=97852132341281e4aa7ce86f7bcd4210): Total: 14.550 seconds - Initiated by InitialRefreshV2(ForceSynchronousImport)
	(Values over 0.05ms)
	Summary:
		Imports: total=21 (actual=21, local cache=0, cache server=0)
		Asset DB Process Time: managed=7 ms, native=7460 ms
		Asset DB Callback time: managed=633 ms, native=734 ms
		Scripting: domain reloads=1, domain reload time=1977 ms, compile time=3599 ms, other=137 ms
		Project Asset Count: scripts=1506, non-scripts=2445
		Asset File Changes: new=0, changed=1, moved=0, deleted=0
		Scan Filter Count: 0
	InvokePackagesCallback: 47.960ms
	ApplyChangesToAssetFolders: 1.090ms
	Scan: 192.518ms
	Collect global state as custom dependencies: 29.453ms
	OnSourceAssetsModified: 1.332ms
	CategorizeScriptCompilationAssets: 85.431ms
	ProcessAssetsWithTransientArtifactChanges: 160.471ms
	CategorizeAssets: 97.773ms
	CompileScripts: 3598.752ms
	ImportOutOfDateAssets: 6591.778ms (5515.092ms without children)
		ImportManagerImport: 955.551ms (4.506ms without children)
			UpdateCategorizedAssets: 2.563ms
		ReloadNativeAssets: 0.053ms
		UnloadImportedAssets: 2.007ms
		ReloadImportedAssets: 4.695ms
		EnsureUptoDateAssetsAreRegisteredWithGuidPM: 2.085ms
		ImportSchedulerStart: 116.966ms
	PostProcessAllAssets: 1289.694ms
		ComputeShaderImportPostprocess 340.229ms
		RaytracingShaderImportPostprocess 305.699ms
		VCAutoAddAssetPostprocess 2.397ms
		XRBuildSystem.XRAssetImported 1.863ms
		PostProcessCallbackCreateDeferredMaterials 0.327ms
		ShaderAssetModifiedCallback 0.156ms
		AssemblyValidation.PostprocessAllAssets 0.073ms
		LocalizationDatabase.AssetDatabasePostprocessCallback 0.051ms
		MonoPostProcessAllAssets: 632.515ms
			AssetPostprocessor.OnPostprocessAllAssets 331.073ms
			StyleCatalogPostProcessor.OnPostprocessAllAssets 46.906ms
			UniversalRenderPipelineGlobalSettingsPostprocessor.OnPostprocessAllAssets 39.976ms
			SyncVS.PostprocessSyncProject 24.690ms
			AssetChangedListener.OnPostprocessAllAssets 24.251ms
			BuilderAssetPostprocessor.OnPostprocessAllAssets 17.994ms
			SpeedTree9Postprocessor.OnPostprocessAllAssets 13.091ms
			ShaderGraphAssetPostProcessor.OnPostprocessAllAssets 12.171ms
			RetainedModeAssetPostprocessor.OnPostprocessAllAssets 8.006ms
			WindowAssetPostprocessingWatcher.OnPostprocessAllAssets 7.286ms
			MaterialPostprocessor.OnPostprocessAllAssets 6.662ms
			TerrainToolbarOverlayPostProcessor.OnPostprocessAllAssets 5.906ms
			ShaderReflectionAssetPostProcessor.OnPostprocessAllAssets 4.361ms
			ProjectSettingsPostprocessor.OnPostprocessAllAssets 3.796ms
			TextAssetPostProcessor.OnPostprocessAllAssets 3.489ms
			InputActionAssetPostprocessor.OnPostprocessAllAssets 3.445ms
			TMPro_TexturePostProcessor.OnPostprocessAllAssets 3.345ms
			InputActionJsonNameModifierAssetProcessor.OnPostprocessAllAssets 3.072ms
			EditModeScopePostprocessor.OnPostprocessAllAssets 2.649ms
			RenderPipelineGlobalSettingsPostprocessor.OnPostprocessAllAssets 2.440ms
			PostProcessor.OnPostprocessAllAssets 1.988ms
			SpeedTreePostProcessor.OnPostprocessAllAssets 1.912ms
			SamplePostprocessor.OnPostprocessAllAssets 1.462ms
			ArtifactBrowserPostProcessor.OnPostprocessAllAssets 1.105ms
			AssetEvents.OnPostprocessAllAssets 1.100ms
			ReferencedClipsPostProcessor.OnPostprocessAllAssets 0.977ms
			UVCSAssetPostprocessor.OnPostprocessAllAssets 0.971ms
			AudioMixerPostprocessor.OnPostprocessAllAssets 0.926ms
			SampleDependencyImporterPostProcessor.OnPostprocessAllAssets 0.824ms
			ConfigAssetsTracker.OnPostprocessAllAssets 0.551ms
			AssetDatabaseCallbacks.OnPostprocessAllAssets 0.474ms
			ScenarioDriftAssetsTracker.OnPostprocessAllAssets 0.334ms
			AssetReloadNotifier.OnPostprocessAllAssets 0.305ms
			AudioContainerPostProcessor.OnPostprocessAllAssets 0.238ms
	PostAssetChangesProfiler: 32.873ms
	UnloadStreamsBegin: 5.774ms
	PersistCurrentRevisions: 0.748ms
	GenerateScriptTypeHashes: 2.766ms
	GenerateScriptTypeSerializationHashes: 4.841ms
	Untracked: 2401.080ms

Application.AssetDatabase Initial Refresh End
Scanning for USB devices : 1.799ms
Initializing Unity extensions:
[MODES] ModeService[none].Initialize
[MODES] ModeService[none].LoadModes
[MODES] Loading mode Default (0) for mode-current-id-AegisRTS.FrameworkLab
Unloading 43 Unused Serialized files (Serialized files now loaded: 0)
Unloading 7177 unused Assets / (8.6 MB). Loaded Objects now: 8060.
Memory consumption went from 440.3 MB to 431.7 MB.
Total: 41.802300 ms (FindLiveObjects: 2.053500 ms CreateObjectMapping: 5.878300 ms MarkObjects: 14.030300 ms  DeleteObjects: 19.824800 ms)

Importing 'GUID: 03bdb82dc9d736a448c00a47dec83022 - Path: Assets/AegisRTS/Review/InfantryPhase03Revision01/SK_Infantry_A_v004_P03R1_Review.fbx' with importer (FBXImporter)
Imported 'GUID: 03bdb82dc9d736a448c00a47dec83022' -> (Import Result ID: 'd7e27854a15555f06f38a8894d0ad2ec') in 0.279 seconds [static and dynamic dependencies]. Details - ImportResultOutputID=52476460b8b378772ccb3ee5763b2c0c DependenciesID=61e314638f6860fc60ae31a4fea25e02 StaticDependenciesID=437851c71eda9312d03cf5895116d706 
Refreshing native plugins compatible for Editor in 4.00 ms, found 4 plugins.

Asset Pipeline Refresh (id=66382004978b8ad4680a619d4fc67949): Total: 0.526 seconds - Initiated by StopAssetImportingV2(NoUpdateAssetOptions)
	(Values over 0.05ms)
	Summary:
		Imports: total=2 (actual=1, local cache=1, cache server=0)
		Asset DB Process Time: managed=17 ms, native=487 ms
		Asset DB Callback time: managed=8 ms, native=12 ms
		Scripting: domain reloads=0, domain reload time=0 ms, compile time=0 ms, other=0 ms
		Project Asset Count: scripts=1506, non-scripts=2445
		Asset File Changes: new=0, changed=0, moved=0, deleted=0
		Scan Filter Count: 5
	ApplyChangesToAssetFolders: 0.419ms
	Scan: 33.730ms
	Collect global state as custom dependencies: 1.186ms
	CategorizeScriptCompilationAssets: 0.068ms
	ProcessAssetsWithTransientArtifactChanges: 0.634ms
	CategorizeAssets: 74.073ms
	ImportOutOfDateAssets: 367.498ms (22.107ms without children)
		ImportManagerImport: 282.457ms (2.529ms without children)
		ReloadNativeAssets: 0.067ms
		UnloadImportedAssets: 0.504ms
		EnsureUptoDateAssetsAreRegisteredWithGuidPM: 2.068ms
		ImportSchedulerStart: 60.274ms
	PostProcessAllAssets: 16.004ms
		XRBuildSystem.XRAssetImported 6.136ms
		MonoPostProcessAllAssets: 8.067ms
			AssetPostprocessor.OnPostprocessAllAssets 6.486ms
			SyncVS.PostprocessSyncProject 0.425ms
			RenderPipelineGlobalSettingsPostprocessor.OnPostprocessAllAssets 0.316ms
			ShaderGraphAssetPostProcessor.OnPostprocessAllAssets 0.177ms
			AssetChangedListener.OnPostprocessAllAssets 0.055ms
	PostAssetChangesProfiler: 4.323ms
	GatherAllCurrentPrimaryImportResultRevisions: 0.377ms
	UnloadStreamsBegin: 0.078ms
	PersistCurrentRevisions: 0.280ms
	Untracked: 15.016ms

Importing 'GUID: 03bdb82dc9d736a448c00a47dec83022 - Path: Assets/AegisRTS/Review/InfantryPhase03Revision01/SK_Infantry_A_v004_P03R1_Review.fbx' with importer (FBXImporter)
Imported 'GUID: 03bdb82dc9d736a448c00a47dec83022' -> (Import Result ID: 'd7e27854a15555f06f38a8894d0ad2ec') in 0.164 seconds [static and dynamic dependencies]. Details - ImportResultOutputID=52476460b8b378772ccb3ee5763b2c0c DependenciesID=61e314638f6860fc60ae31a4fea25e02 StaticDependenciesID=437851c71eda9312d03cf5895116d706 
Refreshing native plugins compatible for Editor in 4.91 ms, found 4 plugins.
Asset Pipeline Refresh (id=df21b22bce1989f42abdc4a17b37fc38): Total: 0.289 seconds - Initiated by StopAssetImportingV2(NoUpdateAssetOptions)
Unloading 1 Unused Serialized files (Serialized files now loaded: 0)
Unloading 576 unused Assets / (0.5 MB). Loaded Objects now: 8060.
Memory consumption went from 424.2 MB to 423.7 MB.
Total: 40.213100 ms (FindLiveObjects: 2.526600 ms CreateObjectMapping: 4.663900 ms MarkObjects: 29.474600 ms  DeleteObjects: 3.542000 ms)

Asset Pipeline Refresh (id=1718bb342c7bc814bafb5faf5a57a42b): Total: 0.018 seconds - Initiated by StopAssetImportingV2(NoUpdateAssetOptions)
Importing 'GUID: 32bcdc4e7b87ad94a96ff3e039d004ef - Path: Assets/AegisRTS/Review/InfantryPhase03Revision01/MAT_P03R1_Team.mat' with importer (NativeFormatImporter)
Imported 'GUID: 32bcdc4e7b87ad94a96ff3e039d004ef' -> (Import Result ID: 'c6ff737aa36c8ceced73650cd81e35aa') in 0.004 seconds [static dependencies only]. Details - ImportResultOutputID=7b159908765f4e0cbd4ebd1a68b582fd DependenciesID=292ac118180877d817e3658c869e19c7 StaticDependenciesID=3530dbddc5b3972f09dba868cb80bc63 
Importing 'GUID: d2743179fd946e3478b1495bc2780c77 - Path: Assets/AegisRTS/Review/InfantryPhase03Revision01/MAT_P03R1_Leather.mat' with importer (NativeFormatImporter)
Imported 'GUID: d2743179fd946e3478b1495bc2780c77' -> (Import Result ID: 'b37d36bc6b29531543a698c60a4fb7ab') in 0.003 seconds [static dependencies only]. Details - ImportResultOutputID=b4f58ff88a8c2f5f24e95014a48265a8 DependenciesID=b247aaea0b280d24231b6d1094fcecce StaticDependenciesID=47e33c13995f5708a1d8f091e184b4c9 
Importing 'GUID: 9395bceedef78ee449280ae7df75b883 - Path: Assets/AegisRTS/Review/InfantryPhase03Revision01/MAT_P03R1_Clay.mat' with importer (NativeFormatImporter)
Imported 'GUID: 9395bceedef78ee449280ae7df75b883' -> (Import Result ID: 'be4e2118f6f350640bdb12fa4bbcefb4') in 0.002 seconds [static dependencies only]. Details - ImportResultOutputID=d99cb54e750b3693953d19e01b4224de DependenciesID=aad10ee733cb470b4e4695a4bd35d4fb StaticDependenciesID=25f57a3413cff2a1a29ea0751e8a1745 
Importing 'GUID: 34a3cbcc4a6776d40a391fec5aaf76a4 - Path: Assets/AegisRTS/Review/InfantryPhase03Revision01/MAT_P03R1_Wood.mat' with importer (NativeFormatImporter)
Imported 'GUID: 34a3cbcc4a6776d40a391fec5aaf76a4' -> (Import Result ID: 'bff4d3d2f2ec82b4b913b8f5f0137ef6') in 0.001 seconds [static dependencies only]. Details - ImportResultOutputID=a0edaac7a80ff73e49f47e4bbc880f29 DependenciesID=25c9781adb48f5d447075705a60ba33d StaticDependenciesID=ed5b1a1a296db846a6d4f150ed268d64 
Importing 'GUID: 392bc098974827a438a169bd51e37687 - Path: Assets/AegisRTS/Review/InfantryPhase03Revision01/MAT_P03R1_Cloth.mat' with importer (NativeFormatImporter)
Imported 'GUID: 392bc098974827a438a169bd51e37687' -> (Import Result ID: '68bd6daf89f56936c2789a0febc804a4') in 0.002 seconds [static dependencies only]. Details - ImportResultOutputID=2f1e1383b0835ace11e71d0b2c0205b0 DependenciesID=5879d015aa912bd02ef36ef773c10473 StaticDependenciesID=637585f2d1f11ac3fd7562a61f0ba078 
Importing 'GUID: 8b10a307bedfeb542b9d28991cf9fa84 - Path: Assets/AegisRTS/Review/InfantryPhase03Revision01/MAT_P03R1_Ground.mat' with importer (NativeFormatImporter)
Imported 'GUID: 8b10a307bedfeb542b9d28991cf9fa84' -> (Import Result ID: '008383ce1f62137d00ff38c8524f941e') in 0.002 seconds [static dependencies only]. Details - ImportResultOutputID=7433e5ba61938296426f761a95f16faa DependenciesID=3546368a2a35c57454eddc13fb6f325d StaticDependenciesID=c90d46b188ffc3a98726c5b851f7d539 
Importing 'GUID: dd615c0d91932b44cbb9872e6867153e - Path: Assets/AegisRTS/Review/InfantryPhase03Revision01/MAT_P03R1_Metal.mat' with importer (NativeFormatImporter)
Imported 'GUID: dd615c0d91932b44cbb9872e6867153e' -> (Import Result ID: 'eaf2bd26cc03b284db34da7692b4d989') in 0.001 seconds [static dependencies only]. Details - ImportResultOutputID=d0c30013c3c5681ed4abb929b0d89f92 DependenciesID=3d08cffba55fe91ddd97f7f62bcf9f53 StaticDependenciesID=a2cff8f61465498de5a1928a6373b4f9 
Importing 'GUID: 7e7cb69081decc5449cb710df2290991 - Path: Assets/AegisRTS/Review/InfantryPhase03Revision01/MAT_P03R1_Skin.mat' with importer (NativeFormatImporter)
Imported 'GUID: 7e7cb69081decc5449cb710df2290991' -> (Import Result ID: 'f276b686382d4866c12c3814f9860e73') in 0.002 seconds [static dependencies only]. Details - ImportResultOutputID=38d4d36588bbc0a288f4862fa1d491ce DependenciesID=14fea90d8a145111d8eab41aabee4d70 StaticDependenciesID=0a9157db9280c1c9f4580d3e3e44eaa9 
Refreshing native plugins compatible for Editor in 2.73 ms, found 4 plugins.
Asset Pipeline Refresh (id=ee246b98063cc144483afe693caae395): Total: 0.139 seconds - Initiated by StopAssetImportingV2(NoUpdateAssetOptions)
Importing 'GUID: 782b2136e9d2a22419844e8fccd8a881 - Path: Assets/AegisRTS/Review/InfantryPhase03Revision01/SCN_Infantry_P03R1_Review.unity' with importer (DefaultImporter)
Imported 'GUID: 782b2136e9d2a22419844e8fccd8a881' -> (Import Result ID: 'c1be456c0a8219d759a4477ce1c92230') in 0.007 seconds [static dependencies only]. Details - ImportResultOutputID=be6f7888342dfa9a4d70408cfc44e5c5 DependenciesID=6a3b892ec0194150fad518ec624b9afd StaticDependenciesID=90b74ddffb8fac237b5250283677d665 
Refreshing native plugins compatible for Editor in 3.44 ms, found 4 plugins.
Asset Pipeline Refresh (id=d3214d3c37e2d2d418eb7469a315c94f): Total: 0.206 seconds - Initiated by StopAssetImportingV2(NoUpdateAssetOptions)
Worker ready: AssetImportWorkerHW0 0
Importing 'GUID: 782b2136e9d2a22419844e8fccd8a881 - Path: Assets/AegisRTS/Review/InfantryPhase03Revision01/SCN_Infantry_P03R1_Review.unity' with importer (DefaultImporter)
Imported 'GUID: 782b2136e9d2a22419844e8fccd8a881' -> (Import Result ID: '2e8bc93597bc316815275811aa638a95') in 0.008 seconds [static dependencies only]. Details - ImportResultOutputID=be6f7888342dfa9a4d70408cfc44e5c5 DependenciesID=a0907247df431a182c76b3e0c7c11126 StaticDependenciesID=bc45d86c259d3153d8fb8b241ab65ceb 
Refreshing native plugins compatible for Editor in 3.50 ms, found 4 plugins.
Asset Pipeline Refresh (id=15df03ecc4a9c014092aa898a1f1e7f7): Total: 0.143 seconds - Initiated by StopAssetImportingV2(NoUpdateAssetOptions)
[P03R1 Review] READY: height=1.824011, renderers=98, scene=Assets/AegisRTS/Review/InfantryPhase03Revision01/SCN_Infantry_P03R1_Review.unity, captures=4.
UnityEngine.Debug:ExtractStackTraceNoAlloc (byte*,int,string)
UnityEngine.StackTraceUtility:ExtractStackTrace ()
UnityEngine.DebugLogHandler:Internal_Log (UnityEngine.LogType,UnityEngine.LogOption,string,UnityEngine.Object)
UnityEngine.DebugLogHandler:LogFormat (UnityEngine.LogType,UnityEngine.Object,string,object[])
UnityEngine.Logger:Log (UnityEngine.LogType,object)
UnityEngine.Debug:Log (object)
AegisRTS.Editor.InfantryPhase03Revision01ReviewBuilder:BuildAndCapture () (at Assets/AegisRTS/Editor/InfantryPhase03Revision01ReviewBuilder.cs:107)

(Filename: Assets/AegisRTS/Editor/InfantryPhase03Revision01ReviewBuilder.cs Line: 107)

Batchmode quit successfully invoked - shutting down!
[Physics::Module] Cleanup current backend.
[Physics::Module] Id: 0xf2b8ea05
Input System module state changed to: ShutdownInProgress.
Input Polling Thread exited.
Input System module state changed to: Shutdown.
[Licensing::IpcConnector] LicenseClient-吳柏逸(BobWu)TWTAI-notifications channel disconnected successfully.
[Licensing::IpcConnector] LicenseClient-吳柏逸(BobWu)TWTAI channel disconnected successfully.
AcceleratorClientConnectionCallback - disconnected - :0
Cleanup mono
CodeReloadManager destroyed
Exiting batchmode successfully now!
Exiting without the bug reporter. Application will terminate with return code 0